Archive member included to satisfy reference by file (symbol)

e:/gnu_tools/gnu arm embedded toolchain/10 2021.10/bin/../lib/gcc/arm-none-eabi/10.3.1/../../../../arm-none-eabi/lib/thumb/v7e-m+dp/hard\libc_nano.a(lib_a-exit.o)
                              e:/gnu_tools/gnu arm embedded toolchain/10 2021.10/bin/../lib/gcc/arm-none-eabi/10.3.1/../../../../arm-none-eabi/lib/thumb/v7e-m+dp/hard/crt0.o (exit)
e:/gnu_tools/gnu arm embedded toolchain/10 2021.10/bin/../lib/gcc/arm-none-eabi/10.3.1/../../../../arm-none-eabi/lib/thumb/v7e-m+dp/hard\libc_nano.a(lib_a-impure.o)
                              e:/gnu_tools/gnu arm embedded toolchain/10 2021.10/bin/../lib/gcc/arm-none-eabi/10.3.1/../../../../arm-none-eabi/lib/thumb/v7e-m+dp/hard\libc_nano.a(lib_a-exit.o) (_global_impure_ptr)
e:/gnu_tools/gnu arm embedded toolchain/10 2021.10/bin/../lib/gcc/arm-none-eabi/10.3.1/../../../../arm-none-eabi/lib/thumb/v7e-m+dp/hard\libc_nano.a(lib_a-init.o)
                              e:/gnu_tools/gnu arm embedded toolchain/10 2021.10/bin/../lib/gcc/arm-none-eabi/10.3.1/../../../../arm-none-eabi/lib/thumb/v7e-m+dp/hard/crt0.o (__libc_init_array)
e:/gnu_tools/gnu arm embedded toolchain/10 2021.10/bin/../lib/gcc/arm-none-eabi/10.3.1/../../../../arm-none-eabi/lib/thumb/v7e-m+dp/hard\libc_nano.a(lib_a-memset.o)
                              e:/gnu_tools/gnu arm embedded toolchain/10 2021.10/bin/../lib/gcc/arm-none-eabi/10.3.1/../../../../arm-none-eabi/lib/thumb/v7e-m+dp/hard/crt0.o (memset)
e:/gnu_tools/gnu arm embedded toolchain/10 2021.10/bin/../lib/gcc/arm-none-eabi/10.3.1/../../../../arm-none-eabi/lib/thumb/v7e-m+dp/hard\libc_nano.a(lib_a-nano-vfprintf_float.o)
                              (_printf_float)
e:/gnu_tools/gnu arm embedded toolchain/10 2021.10/bin/../lib/gcc/arm-none-eabi/10.3.1/../../../../arm-none-eabi/lib/thumb/v7e-m+dp/hard\libc_nano.a(lib_a-nano-vfprintf_i.o)
                              e:/gnu_tools/gnu arm embedded toolchain/10 2021.10/bin/../lib/gcc/arm-none-eabi/10.3.1/../../../../arm-none-eabi/lib/thumb/v7e-m+dp/hard\libc_nano.a(lib_a-nano-vfprintf_float.o) (_printf_common)
e:/gnu_tools/gnu arm embedded toolchain/10 2021.10/bin/../lib/gcc/arm-none-eabi/10.3.1/../../../../arm-none-eabi/lib/thumb/v7e-m+dp/hard\libc_nano.a(lib_a-strlen.o)
                              e:/gnu_tools/gnu arm embedded toolchain/10 2021.10/bin/../lib/gcc/arm-none-eabi/10.3.1/../../../../arm-none-eabi/lib/thumb/v7e-m+dp/hard\libc_nano.a(lib_a-nano-vfprintf_float.o) (strlen)
e:/gnu_tools/gnu arm embedded toolchain/10 2021.10/bin/../lib/gcc/arm-none-eabi/10.3.1/../../../../arm-none-eabi/lib/thumb/v7e-m+dp/hard\libc_nano.a(lib_a-vsprintf.o)
                              .build/BLE_Comm.o (vsprintf)
e:/gnu_tools/gnu arm embedded toolchain/10 2021.10/bin/../lib/gcc/arm-none-eabi/10.3.1/../../../../arm-none-eabi/lib/thumb/v7e-m+dp/hard\libc_nano.a(lib_a-dtoa.o)
                              e:/gnu_tools/gnu arm embedded toolchain/10 2021.10/bin/../lib/gcc/arm-none-eabi/10.3.1/../../../../arm-none-eabi/lib/thumb/v7e-m+dp/hard\libc_nano.a(lib_a-nano-vfprintf_float.o) (_dtoa_r)
e:/gnu_tools/gnu arm embedded toolchain/10 2021.10/bin/../lib/gcc/arm-none-eabi/10.3.1/../../../../arm-none-eabi/lib/thumb/v7e-m+dp/hard\libc_nano.a(lib_a-localeconv.o)
                              e:/gnu_tools/gnu arm embedded toolchain/10 2021.10/bin/../lib/gcc/arm-none-eabi/10.3.1/../../../../arm-none-eabi/lib/thumb/v7e-m+dp/hard\libc_nano.a(lib_a-nano-vfprintf_float.o) (_localeconv_r)
e:/gnu_tools/gnu arm embedded toolchain/10 2021.10/bin/../lib/gcc/arm-none-eabi/10.3.1/../../../../arm-none-eabi/lib/thumb/v7e-m+dp/hard\libc_nano.a(lib_a-malloc.o)
                              e:/gnu_tools/gnu arm embedded toolchain/10 2021.10/bin/../lib/gcc/arm-none-eabi/10.3.1/../../../../arm-none-eabi/lib/thumb/v7e-m+dp/hard\libc_nano.a(lib_a-dtoa.o) (malloc)
e:/gnu_tools/gnu arm embedded toolchain/10 2021.10/bin/../lib/gcc/arm-none-eabi/10.3.1/../../../../arm-none-eabi/lib/thumb/v7e-m+dp/hard\libc_nano.a(lib_a-memchr.o)
                              e:/gnu_tools/gnu arm embedded toolchain/10 2021.10/bin/../lib/gcc/arm-none-eabi/10.3.1/../../../../arm-none-eabi/lib/thumb/v7e-m+dp/hard\libc_nano.a(lib_a-nano-vfprintf_i.o) (memchr)
e:/gnu_tools/gnu arm embedded toolchain/10 2021.10/bin/../lib/gcc/arm-none-eabi/10.3.1/../../../../arm-none-eabi/lib/thumb/v7e-m+dp/hard\libc_nano.a(lib_a-memcpy-stub.o)
                              e:/gnu_tools/gnu arm embedded toolchain/10 2021.10/bin/../lib/gcc/arm-none-eabi/10.3.1/../../../../arm-none-eabi/lib/thumb/v7e-m+dp/hard\libc_nano.a(lib_a-dtoa.o) (memcpy)
e:/gnu_tools/gnu arm embedded toolchain/10 2021.10/bin/../lib/gcc/arm-none-eabi/10.3.1/../../../../arm-none-eabi/lib/thumb/v7e-m+dp/hard\libc_nano.a(lib_a-mprec.o)
                              e:/gnu_tools/gnu arm embedded toolchain/10 2021.10/bin/../lib/gcc/arm-none-eabi/10.3.1/../../../../arm-none-eabi/lib/thumb/v7e-m+dp/hard\libc_nano.a(lib_a-dtoa.o) (_Balloc)
[...]
Memory Configuration

Name             Origin             Length             Attributes
FLASH            0x08000000         0x00200000         xr
DTCMRAM          0x20000000         0x00020000         xrw
RAM_D1           0x24000000         0x00080000         xrw
RAM_D2           0x30000000         0x00048000         xrw
RAM_D3           0x38000000         0x00010000         xrw
ITCMRAM          0x00000000         0x00010000         xrw
*default*        0x00000000         0xffffffff

Linker script and memory map

LOAD e:/gnu_tools/gnu arm embedded toolchain/10 2021.10/bin/../lib/gcc/arm-none-eabi/10.3.1/thumb/v7e-m+dp/hard/crti.o
LOAD e:/gnu_tools/gnu arm embedded toolchain/10 2021.10/bin/../lib/gcc/arm-none-eabi/10.3.1/thumb/v7e-m+dp/hard/crtbegin.o
LOAD e:/gnu_tools/gnu arm embedded toolchain/10 2021.10/bin/../lib/gcc/arm-none-eabi/10.3.1/../../../../arm-none-eabi/lib/thumb/v7e-m+dp/hard/crt0.o
LOAD .build/BLE_Comm.o
LOAD .build/EncodersHandler.o
LOAD .build/LF_LinePid.o
LOAD .build/LF_MainRunnable.o
LOAD .build/LF_Menager.o
LOAD .build/LedMngr.o
LOAD .build/LinePosEstimator.o
LOAD .build/main.o
LOAD .build/gpio.o
LOAD .build/adc.o
LOAD .build/dma.o
LOAD .build/i2c.o
LOAD .build/tim.o
LOAD .build/usart.o
LOAD .build/stm32h7xx_it.o
LOAD .build/stm32h7xx_hal_msp.o
LOAD .build/system_stm32h7xx.o
LOAD .build/stm32h7xx_ll_exti.o
LOAD .build/stm32h7xx_hal_adc.o
LOAD .build/stm32h7xx_hal_adc_ex.o
LOAD .build/stm32h7xx_hal_rcc.o
LOAD .build/stm32h7xx_hal_rcc_ex.o
LOAD .build/stm32h7xx_hal_flash.o
LOAD .build/stm32h7xx_hal_flash_ex.o
LOAD .build/stm32h7xx_hal_gpio.o
LOAD .build/stm32h7xx_hal_hsem.o
LOAD .build/stm32h7xx_hal_dma.o
LOAD .build/stm32h7xx_hal_dma_ex.o
LOAD .build/stm32h7xx_hal_mdma.o
LOAD .build/stm32h7xx_hal_pwr.o
LOAD .build/stm32h7xx_hal_pwr_ex.o
LOAD .build/stm32h7xx_hal_cortex.o
LOAD .build/stm32h7xx_hal.o
LOAD .build/stm32h7xx_hal_i2c.o
LOAD .build/stm32h7xx_hal_i2c_ex.o
LOAD .build/stm32h7xx_hal_exti.o
LOAD .build/stm32h7xx_ll_rcc.o
LOAD .build/stm32h7xx_ll_utils.o
LOAD .build/stm32h7xx_hal_tim.o
LOAD .build/stm32h7xx_hal_tim_ex.o
LOAD .build/stm32h7xx_ll_tim.o
LOAD .build/stm32h7xx_ll_gpio.o
LOAD .build/stm32h7xx_ll_dma.o
LOAD .build/stm32h7xx_hal_uart.o
LOAD .build/stm32h7xx_hal_uart_ex.o
LOAD .build/EEmu.o
LOAD .build/startup_stm32h743xx.o
LOAD e:/gnu_tools/gnu arm embedded toolchain/10 2021.10/bin/../lib/gcc/arm-none-eabi/10.3.1/../../../../arm-none-eabi/lib/thumb/v7e-m+dp/hard\libc_nano.a
LOAD e:/gnu_tools/gnu arm embedded toolchain/10 2021.10/bin/../lib/gcc/arm-none-eabi/10.3.1/../../../../arm-none-eabi/lib/thumb/v7e-m+dp/hard\libm.a
LOAD e:/gnu_tools/gnu arm embedded toolchain/10 2021.10/bin/../lib/gcc/arm-none-eabi/10.3.1/../../../../arm-none-eabi/lib/thumb/v7e-m+dp/hard\libnosys.a
LOAD e:/gnu_tools/gnu arm embedded toolchain/10 2021.10/bin/../lib/gcc/arm-none-eabi/10.3.1/../../../../arm-none-eabi/lib/thumb/v7e-m+dp/hard\libc_nano.a
LOAD e:/gnu_tools/gnu arm embedded toolchain/10 2021.10/bin/../lib/gcc/arm-none-eabi/10.3.1/../../../../arm-none-eabi/lib/thumb/v7e-m+dp/hard\librdimon_nano.a
START GROUP
LOAD e:/gnu_tools/gnu arm embedded toolchain/10 2021.10/bin/../lib/gcc/arm-none-eabi/10.3.1/thumb/v7e-m+dp/hard\libgcc.a
LOAD e:/gnu_tools/gnu arm embedded toolchain/10 2021.10/bin/../lib/gcc/arm-none-eabi/10.3.1/../../../../arm-none-eabi/lib/thumb/v7e-m+dp/hard\libc_nano.a
END GROUP
START GROUP
LOAD e:/gnu_tools/gnu arm embedded toolchain/10 2021.10/bin/../lib/gcc/arm-none-eabi/10.3.1/thumb/v7e-m+dp/hard\libgcc.a
LOAD e:/gnu_tools/gnu arm embedded toolchain/10 2021.10/bin/../lib/gcc/arm-none-eabi/10.3.1/../../../../arm-none-eabi/lib/thumb/v7e-m+dp/hard\libc_nano.a
END GROUP
LOAD e:/gnu_tools/gnu arm embedded toolchain/10 2021.10/bin/../lib/gcc/arm-none-eabi/10.3.1/thumb/v7e-m+dp/hard/crtend.o
LOAD e:/gnu_tools/gnu arm embedded toolchain/10 2021.10/bin/../lib/gcc/arm-none-eabi/10.3.1/thumb/v7e-m+dp/hard/crtn.o
                0x24080000                _estack = (ORIGIN (RAM_D1) + LENGTH (RAM_D1))
                0x00000200                _Min_Heap_Size = 0x200
                0x00000400                _Min_Stack_Size = 0x400

.isr_vector     0x08000000      0x298
                0x08000000                . = ALIGN (0x4)
 *(.isr_vector)
 .isr_vector    0x08000000      0x298 .build/startup_stm32h743xx.o
                0x08000000                g_pfnVectors
                0x08000298                . = ALIGN (0x4)

.text           0x080002a0     0xf044
                0x080002a0                . = ALIGN (0x4)
 *(.text)
 .text          0x080002a0       0x40 e:/gnu_tools/gnu arm embedded toolchain/10 2021.10/bin/../lib/gcc/arm-none-eabi/10.3.1/thumb/v7e-m+dp/hard/crtbegin.o
 .text          0x080002e0       0x10 e:/gnu_tools/gnu arm embedded toolchain/10 2021.10/bin/../lib/gcc/arm-none-eabi/10.3.1/../../../../arm-none-eabi/lib/thumb/v7e-m+dp/hard\libc_nano.a(lib_a-strlen.o)
                0x080002e0                strlen
 .text          0x080002f0       0xa0 e:/gnu_tools/gnu arm embedded toolchain/10 2021.10/bin/../lib/gcc/arm-none-eabi/10.3.1/../../../../arm-none-eabi/lib/thumb/v7e-m+dp/hard\libc_nano.a(lib_a-memchr.o)
                0x080002f0                memchr
 .text          0x08000390       0x30 e:/gnu_tools/gnu arm embedded toolchain/10 2021.10/bin/../lib/gcc/arm-none-eabi/10.3.1/thumb/v7e-m+dp/hard\libgcc.a(_aeabi_uldivmod.o)
                0x08000390                __aeabi_uldivmod
 .text          0x080003c0      0x2d0 e:/gnu_tools/gnu arm embedded toolchain/10 2021.10/bin/../lib/gcc/arm-none-eabi/10.3.1/thumb/v7e-m+dp/hard\libgcc.a(_udivmoddi4.o)
                0x080003c0                __udivmoddi4
 .text          0x08000690        0x4 e:/gnu_tools/gnu arm embedded toolchain/10 2021.10/bin/../lib/gcc/arm-none-eabi/10.3.1/thumb/v7e-m+dp/hard\libgcc.a(_dvmd_tls.o)
                0x08000690                __aeabi_idiv0
                0x08000690                __aeabi_ldiv0
 *(.text*)
 .text.RB_Transmit_Read
                0x08000694       0x44 .build/BLE_Comm.o
 .text.RB_Transmit_Write
                0x080006d8       0x54 .build/BLE_Comm.o
 .text.RB_Receive_GetNextMessageAddress
                0x0800072c       0x64 .build/BLE_Comm.o
 .text.RB_Receive_Read
                0x08000790       0x5c .build/BLE_Comm.o
 .text.MessageWrite
                0x080007ec       0x50 .build/BLE_Comm.o
 .text.Sim_Create_XY_FakeMap
                0x0800083c      0x108 .build/BLE_Comm.o
 .text.TransmitLfBaseDataReport
                0x08000944       0xd0 .build/BLE_Comm.o
 .text.TransmitMotorFactorsData
                0x08000a14       0x90 .build/BLE_Comm.o
 .text.TransmitEncoderData
                0x08000aa4       0x70 .build/BLE_Comm.o
 .text.Statistics_CreateAndTransmitCommunicationStatistics
                0x08000b14       0xa8 .build/BLE_Comm.o
 .text.TransmitDataHandler
                0x08000bbc       0x94 .build/BLE_Comm.o
 .text.TransmitErrorWeigthData
                0x08000c50      0x10c .build/BLE_Comm.o
 .text.TransmitPidData
                0x08000d5c       0x88 .build/BLE_Comm.o
 .text.TransmitVehCfgData
                0x08000de4       0x78 .build/BLE_Comm.o
 .text.HAL_UARTEx_RxEventCallback
                0x08000e5c       0x4c .build/BLE_Comm.o
                0x08000e5c                HAL_UARTEx_RxEventCallback
 .text.Sim_FakeBaseDataReportTask
                0x08000ea8      0x1d4 .build/BLE_Comm.o
                0x08000ea8                Sim_FakeBaseDataReportTask
 .text.BaseDataReporterTask
                0x0800107c       0x58 .build/BLE_Comm.o
                0x0800107c                BaseDataReporterTask
 .text.BLE_Init
                0x080010d4       0xd8 .build/BLE_Comm.o
                0x080010d4                BLE_Init
 .text.BLE_ReportMapData
                0x080011ac       0x20 .build/BLE_Comm.o
                0x080011ac                BLE_ReportMapData
 .text.BLE_ReportSensorData
                0x080011cc       0x1c .build/BLE_Comm.o
                0x080011cc                BLE_ReportSensorData
 .text.BLE_RegisterNvMdataUpdateInfoCallBack
                0x080011e8       0x20 .build/BLE_Comm.o
                0x080011e8                BLE_RegisterNvMdataUpdateInfoCallBack
 .text.BLE_RegisterManualCntrlRequestCallBack
                0x08001208        0xc .build/BLE_Comm.o
                0x08001208                BLE_RegisterManualCntrlRequestCallBack
 .text.BLE_isExpectedStateDriving
                0x08001214       0x14 .build/BLE_Comm.o
                0x08001214                BLE_isExpectedStateDriving
 .text.BLE_DbgMsgTransmit
                0x08001228      0x10c .build/BLE_Comm.o
                0x08001228                BLE_DbgMsgTransmit
 .text.ReceiveDataHandler
                0x08001334      0x430 .build/BLE_Comm.o
 .text.BLE_Task
                0x08001764       0x10 .build/BLE_Comm.o
                0x08001764                BLE_Task
 *fill*         0x08001774        0x4 
 .text.CalculateBasicBasedOnEncodersData
                0x08001778       0xcc .build/EncodersHandler.o
 .text.ReadNvMParameters
                0x08001844       0x20 .build/EncodersHandler.o
 .text.BleEncUpdateNvmDataCallBack
                0x08001864        0x8 .build/EncodersHandler.o
 .text.EsimtateRobotOrientationAndPosition
                0x0800186c       0x9c .build/EncodersHandler.o
 .text.UpdateEncBleDataReport
                0x08001908       0x44 .build/EncodersHandler.o
 .text.ENC_Init
                0x0800194c       0x6c .build/EncodersHandler.o
                0x0800194c                ENC_Init
 .text.ENC_Task
                0x080019b8       0x2c .build/EncodersHandler.o
                0x080019b8                ENC_Task
 .text.ENC_GetCurrentOrientation
                0x080019e4        0xc .build/EncodersHandler.o
                0x080019e4                ENC_GetCurrentOrientation
 .text.ENC_GetTravelledDistance
                0x080019f0        0xc .build/EncodersHandler.o
                0x080019f0                ENC_GetTravelledDistance
 .text.ComputeExpectedPwmValues
                0x080019fc       0xac .build/LF_LinePid.o
 .text.LinePidNvmDataRead
                0x08001aa8       0x64 .build/LF_LinePid.o
 .text.ComputeLinePidVal
                0x08001b0c       0x78 .build/LF_LinePid.o
 .text.UpdateInputData
                0x08001b84       0x14 .build/LF_LinePid.o
                0x08001b84                UpdateInputData
 .text.App_LinePidInit
                0x08001b98       0x14 .build/LF_LinePid.o
                0x08001b98                App_LinePidInit
 .text.App_LinePidTask
                0x08001bac       0x10 .build/LF_LinePid.o
                0x08001bac                App_LinePidTask
 .text.App_LinePidGetComputedPwmVals
                0x08001bbc       0x10 .build/LF_LinePid.o
                0x08001bbc                App_LinePidGetComputedPwmVals
 .text.LF_AppInit
                0x08001bcc       0x20 .build/LF_MainRunnable.o
                0x08001bcc                LF_AppInit
 .text.LF_AppTask
                0x08001bec       0x1c .build/LF_MainRunnable.o
                0x08001bec                LF_AppTask
 .text.MotorsForwardDriving
                0x08001c08       0x24 .build/LF_Menager.o
 .text.MotorRightDrivingReverse
                0x08001c2c       0x24 .build/LF_Menager.o
 .text.MotorLeftDrivingReverse
                0x08001c50       0x24 .build/LF_Menager.o
 .text.DecodeLinePid
                0x08001c74       0x3c .build/LF_Menager.o
 .text.ManualDrivingCallBackHandler
                0x08001cb0        0xc .build/LF_Menager.o
                0x08001cb0                ManualDrivingCallBackHandler
 .text.MotorsPwmInit
                0x08001cbc       0x40 .build/LF_Menager.o
 .text.LFAppMngrUpdateInputData
                0x08001cfc       0x24 .build/LF_Menager.o
                0x08001cfc                LFAppMngrUpdateInputData
 .text.LF_MngrInit
                0x08001d20       0x14 .build/LF_Menager.o
                0x08001d20                LF_MngrInit
 *fill*         0x08001d34        0x4 
 .text.LF_MngrTask
                0x08001d38      0x178 .build/LF_Menager.o
                0x08001d38                LF_MngrTask
 .text.UpdateLedState
                0x08001eb0       0x20 .build/LedMngr.o
 .text.LED_Init
                0x08001ed0       0x28 .build/LedMngr.o
                0x08001ed0                LED_Init
 .text.LED_MngrTask
                0x08001ef8       0x5c .build/LedMngr.o
                0x08001ef8                LED_MngrTask
 .text.MapValueToUint8_Range
                0x08001f54       0x2c .build/LinePosEstimator.o
 .text.EstimatePositionError
                0x08001f80      0x23c .build/LinePosEstimator.o
 .text.GetErrorWeightsFromNvm
                0x080021bc       0x84 .build/LinePosEstimator.o
 .text.BleUpdateNvmDataCallBack
                0x08002240        0x8 .build/LinePosEstimator.o
 .text.LinePositionEstimator
                0x08002248       0xe4 .build/LinePosEstimator.o
                0x08002248                LinePositionEstimator
 .text.SendLinePosEstDataReportForBle
                0x0800232c       0x48 .build/LinePosEstimator.o
                0x0800232c                SendLinePosEstDataReportForBle
 .text.LPE_Init
                0x08002374       0x24 .build/LinePosEstimator.o
                0x08002374                LPE_Init
 .text.LPE_Task
                0x08002398        0xc .build/LinePosEstimator.o
                0x08002398                LPE_Task
 .text.LPE_GetPosError
                0x080023a4        0xc .build/LinePosEstimator.o
                0x080023a4                LPE_GetPosError
 .text.SystemClock_Config
                0x080023b0       0xb4 .build/main.o
                0x080023b0                SystemClock_Config
 .text.PeriphCommonClock_Config
                0x08002464       0x20 .build/main.o
                0x08002464                PeriphCommonClock_Config
 .text.main     0x08002484       0x60 .build/main.o
                0x08002484                main
 .text.Error_Handler
                0x080024e4        0x2 .build/main.o
                0x080024e4                Error_Handler
 *fill*         0x080024e6        0x2 
 .text.MX_GPIO_Init
                0x080024e8      0x170 .build/gpio.o
                0x080024e8                MX_GPIO_Init
 .text.MX_ADC1_Init
                0x08002658      0x20c .build/adc.o
                0x08002658                MX_ADC1_Init
 .text.HAL_ADC_MspInit
                0x08002864      0x130 .build/adc.o
                0x08002864                HAL_ADC_MspInit
 .text.MX_DMA_Init
                0x08002994       0x58 .build/dma.o
                0x08002994                MX_DMA_Init
 .text.MX_I2C1_Init
                0x080029ec       0x58 .build/i2c.o
                0x080029ec                MX_I2C1_Init
 .text.MX_I2C2_Init
                0x08002a44       0x58 .build/i2c.o
                0x08002a44                MX_I2C2_Init
 .text.HAL_I2C_MspInit
                0x08002a9c      0x148 .build/i2c.o
                0x08002a9c                HAL_I2C_MspInit
 .text.MX_TIM2_Init
                0x08002be4       0xbc .build/tim.o
                0x08002be4                MX_TIM2_Init
 .text.MX_TIM4_Init
                0x08002ca0       0x6c .build/tim.o
                0x08002ca0                MX_TIM4_Init
 .text.MX_TIM5_Init
                0x08002d0c       0x70 .build/tim.o
                0x08002d0c                MX_TIM5_Init
 .text.MX_TIM8_Init
                0x08002d7c       0x74 .build/tim.o
                0x08002d7c                MX_TIM8_Init
 .text.HAL_TIM_Encoder_MspInit
                0x08002df0       0xc8 .build/tim.o
                0x08002df0                HAL_TIM_Encoder_MspInit
 .text.HAL_TIM_Base_MspInit
                0x08002eb8       0x94 .build/tim.o
                0x08002eb8                HAL_TIM_Base_MspInit
 .text.HAL_TIM_MspPostInit
                0x08002f4c       0x98 .build/tim.o
                0x08002f4c                HAL_TIM_MspPostInit
 .text.MX_TIM12_Init
                0x08002fe4       0xa8 .build/tim.o
                0x08002fe4                MX_TIM12_Init
 .text.MX_TIM15_Init
                0x0800308c      0x100 .build/tim.o
                0x0800308c                MX_TIM15_Init
 .text.MX_USART2_UART_Init
                0x0800318c       0x68 .build/usart.o
                0x0800318c                MX_USART2_UART_Init
 .text.HAL_UART_MspInit
                0x080031f4      0x118 .build/usart.o
                0x080031f4                HAL_UART_MspInit
 .text.NMI_Handler
                0x0800330c        0x2 .build/stm32h7xx_it.o
                0x0800330c                NMI_Handler
 .text.HardFault_Handler
                0x0800330e        0x2 .build/stm32h7xx_it.o
                0x0800330e                HardFault_Handler
 .text.MemManage_Handler
                0x08003310        0x2 .build/stm32h7xx_it.o
                0x08003310                MemManage_Handler
 .text.BusFault_Handler
                0x08003312        0x2 .build/stm32h7xx_it.o
                0x08003312                BusFault_Handler
 .text.UsageFault_Handler
                0x08003314        0x2 .build/stm32h7xx_it.o
                0x08003314                UsageFault_Handler
 .text.SVC_Handler
                0x08003316        0x2 .build/stm32h7xx_it.o
                0x08003316                SVC_Handler
 .text.DebugMon_Handler
                0x08003318        0x2 .build/stm32h7xx_it.o
                0x08003318                DebugMon_Handler
 .text.PendSV_Handler
                0x0800331a        0x2 .build/stm32h7xx_it.o
                0x0800331a                PendSV_Handler
 .text.SysTick_Handler
                0x0800331c        0x8 .build/stm32h7xx_it.o
                0x0800331c                SysTick_Handler
 .text.DMA1_Stream0_IRQHandler
                0x08003324       0x10 .build/stm32h7xx_it.o
                0x08003324                DMA1_Stream0_IRQHandler
 .text.DMA1_Stream1_IRQHandler
                0x08003334       0x10 .build/stm32h7xx_it.o
                0x08003334                DMA1_Stream1_IRQHandler
 .text.DMA1_Stream2_IRQHandler
                0x08003344       0x10 .build/stm32h7xx_it.o
                0x08003344                DMA1_Stream2_IRQHandler
 .text.TIM2_IRQHandler
                0x08003354       0x18 .build/stm32h7xx_it.o
                0x08003354                TIM2_IRQHandler
 .text.I2C1_EV_IRQHandler
                0x0800336c       0x10 .build/stm32h7xx_it.o
                0x0800336c                I2C1_EV_IRQHandler
 .text.I2C1_ER_IRQHandler
                0x0800337c       0x10 .build/stm32h7xx_it.o
                0x0800337c                I2C1_ER_IRQHandler
 .text.I2C2_EV_IRQHandler
                0x0800338c       0x10 .build/stm32h7xx_it.o
                0x0800338c                I2C2_EV_IRQHandler
 .text.I2C2_ER_IRQHandler
                0x0800339c       0x10 .build/stm32h7xx_it.o
                0x0800339c                I2C2_ER_IRQHandler
 .text.USART2_IRQHandler
                0x080033ac       0x10 .build/stm32h7xx_it.o
                0x080033ac                USART2_IRQHandler
 .text.TIM5_IRQHandler
                0x080033bc       0x10 .build/stm32h7xx_it.o
                0x080033bc                TIM5_IRQHandler
 .text.HAL_Get100usTick
                0x080033cc        0xc .build/stm32h7xx_it.o
                0x080033cc                HAL_Get100usTick
 .text.HAL_MspInit
                0x080033d8       0x24 .build/stm32h7xx_hal_msp.o
                0x080033d8                HAL_MspInit
 .text.SystemInit
                0x080033fc       0x7c .build/system_stm32h7xx.o
                0x080033fc                SystemInit
 .text.HAL_ADC_ConvCpltCallback
                0x08003478        0x2 .build/stm32h7xx_hal_adc.o
                0x08003478                HAL_ADC_ConvCpltCallback
 .text.HAL_ADC_ConvHalfCpltCallback
                0x0800347a        0x2 .build/stm32h7xx_hal_adc.o
                0x0800347a                HAL_ADC_ConvHalfCpltCallback
 .text.ADC_DMAHalfConvCplt
                0x0800347c        0xa .build/stm32h7xx_hal_adc.o
                0x0800347c                ADC_DMAHalfConvCplt
 .text.HAL_ADC_ErrorCallback
                0x08003486        0x2 .build/stm32h7xx_hal_adc.o
                0x08003486                HAL_ADC_ErrorCallback
 .text.ADC_DMAConvCplt
                0x08003488       0x88 .build/stm32h7xx_hal_adc.o
                0x08003488                ADC_DMAConvCplt
 .text.ADC_DMAError
                0x08003510       0x1a .build/stm32h7xx_hal_adc.o
                0x08003510                ADC_DMAError
 *fill*         0x0800352a        0x2 
 .text.HAL_ADC_ConfigChannel
                0x0800352c      0x4e8 .build/stm32h7xx_hal_adc.o
                0x0800352c                HAL_ADC_ConfigChannel
 .text.ADC_Enable
                0x08003a14       0xd4 .build/stm32h7xx_hal_adc.o
                0x08003a14                ADC_Enable
 .text.HAL_ADC_Start_DMA
                0x08003ae8      0x11c .build/stm32h7xx_hal_adc.o
                0x08003ae8                HAL_ADC_Start_DMA
 .text.ADC_ConfigureBoostMode
                0x08003c04      0x164 .build/stm32h7xx_hal_adc.o
                0x08003c04                ADC_ConfigureBoostMode
 .text.HAL_ADC_Init
                0x08003d68      0x264 .build/stm32h7xx_hal_adc.o
                0x08003d68                HAL_ADC_Init
 .text.HAL_ADCEx_MultiModeConfigChannel
                0x08003fcc      0x164 .build/stm32h7xx_hal_adc_ex.o
                0x08003fcc                HAL_ADCEx_MultiModeConfigChannel
 .text.HAL_RCC_OscConfig
                0x08004130      0x648 .build/stm32h7xx_hal_rcc.o
                0x08004130                HAL_RCC_OscConfig
 .text.HAL_RCC_GetSysClockFreq
                0x08004778      0x1f4 .build/stm32h7xx_hal_rcc.o
                0x08004778                HAL_RCC_GetSysClockFreq
 .text.HAL_RCC_ClockConfig
                0x0800496c      0x294 .build/stm32h7xx_hal_rcc.o
                0x0800496c                HAL_RCC_ClockConfig
 .text.HAL_RCC_GetHCLKFreq
                0x08004c00       0x44 .build/stm32h7xx_hal_rcc.o
                0x08004c00                HAL_RCC_GetHCLKFreq
 .text.HAL_RCC_GetPCLK1Freq
                0x08004c44       0x24 .build/stm32h7xx_hal_rcc.o
                0x08004c44                HAL_RCC_GetPCLK1Freq
 .text.HAL_RCC_GetPCLK2Freq
                0x08004c68       0x24 .build/stm32h7xx_hal_rcc.o
                0x08004c68                HAL_RCC_GetPCLK2Freq
 .text.RCCEx_PLL2_Config
                0x08004c8c      0x10c .build/stm32h7xx_hal_rcc_ex.o
 .text.RCCEx_PLL3_Config
                0x08004d98      0x10c .build/stm32h7xx_hal_rcc_ex.o
 .text.HAL_RCCEx_PeriphCLKConfig
                0x08004ea4      0x9c4 .build/stm32h7xx_hal_rcc_ex.o
                0x08004ea4                HAL_RCCEx_PeriphCLKConfig
 .text.HAL_RCCEx_GetD3PCLK1Freq
                0x08005868       0x24 .build/stm32h7xx_hal_rcc_ex.o
                0x08005868                HAL_RCCEx_GetD3PCLK1Freq
 .text.HAL_RCCEx_GetPLL2ClockFreq
                0x0800588c      0x1f8 .build/stm32h7xx_hal_rcc_ex.o
                0x0800588c                HAL_RCCEx_GetPLL2ClockFreq
 .text.HAL_RCCEx_GetPLL3ClockFreq
                0x08005a84      0x1f8 .build/stm32h7xx_hal_rcc_ex.o
                0x08005a84                HAL_RCCEx_GetPLL3ClockFreq
 .text.HAL_RCCEx_GetPLL1ClockFreq
                0x08005c7c      0x1f8 .build/stm32h7xx_hal_rcc_ex.o
                0x08005c7c                HAL_RCCEx_GetPLL1ClockFreq
 .text.HAL_RCCEx_GetPeriphCLKFreq
                0x08005e74      0x614 .build/stm32h7xx_hal_rcc_ex.o
                0x08005e74                HAL_RCCEx_GetPeriphCLKFreq
 .text.HAL_FLASH_Unlock
                0x08006488       0x5c .build/stm32h7xx_hal_flash.o
                0x08006488                HAL_FLASH_Unlock
 .text.FLASH_WaitForLastOperation
                0x080064e4       0xf4 .build/stm32h7xx_hal_flash.o
                0x080064e4                FLASH_WaitForLastOperation
 .text.HAL_FLASH_Program
                0x080065d8       0xc0 .build/stm32h7xx_hal_flash.o
                0x080065d8                HAL_FLASH_Program
 .text.FLASH_MassErase
                0x08006698       0x88 .build/stm32h7xx_hal_flash_ex.o
 .text.FLASH_Erase_Sector
                0x08006720       0x54 .build/stm32h7xx_hal_flash_ex.o
                0x08006720                FLASH_Erase_Sector
 .text.HAL_FLASHEx_Erase
                0x08006774      0x12c .build/stm32h7xx_hal_flash_ex.o
                0x08006774                HAL_FLASHEx_Erase
 .text.HAL_GPIO_Init
                0x080068a0      0x1fc .build/stm32h7xx_hal_gpio.o
                0x080068a0                HAL_GPIO_Init
 .text.HAL_GPIO_WritePin
                0x08006a9c        0xc .build/stm32h7xx_hal_gpio.o
                0x08006a9c                HAL_GPIO_WritePin
 .text.HAL_GPIO_TogglePin
                0x08006aa8       0x12 .build/stm32h7xx_hal_gpio.o
                0x08006aa8                HAL_GPIO_TogglePin
 *fill*         0x08006aba        0x2 
 .text.DMA_SetConfig
                0x08006abc      0x1b4 .build/stm32h7xx_hal_dma.o
 .text.DMA_CalcBaseAndBitshift
                0x08006c70       0xb4 .build/stm32h7xx_hal_dma.o
 .text.DMA_CheckFifoParam
                0x08006d24       0x92 .build/stm32h7xx_hal_dma.o
 *fill*         0x08006db6        0x2 
 .text.DMA_CalcDMAMUXChannelBaseAndMask
                0x08006db8       0xb0 .build/stm32h7xx_hal_dma.o
 .text.DMA_CalcDMAMUXRequestGenBaseAndMask
                0x08006e68       0x7c .build/stm32h7xx_hal_dma.o
 .text.HAL_DMA_Init
                0x08006ee4      0x3a4 .build/stm32h7xx_hal_dma.o
                0x08006ee4                HAL_DMA_Init
 .text.HAL_DMA_Start_IT
                0x08007288      0x298 .build/stm32h7xx_hal_dma.o
                0x08007288                HAL_DMA_Start_IT
 .text.HAL_DMA_Abort
                0x08007520      0x340 .build/stm32h7xx_hal_dma.o
                0x08007520                HAL_DMA_Abort
 .text.HAL_DMA_Abort_IT
                0x08007860      0x270 .build/stm32h7xx_hal_dma.o
                0x08007860                HAL_DMA_Abort_IT
 .text.HAL_DMA_IRQHandler
                0x08007ad0      0x738 .build/stm32h7xx_hal_dma.o
                0x08007ad0                HAL_DMA_IRQHandler
 .text.HAL_DMA_GetState
                0x08008208        0x6 .build/stm32h7xx_hal_dma.o
                0x08008208                HAL_DMA_GetState
 *fill*         0x0800820e        0x2 
 .text.HAL_PWREx_ConfigSupply
                0x08008210       0x54 .build/stm32h7xx_hal_pwr_ex.o
                0x08008210                HAL_PWREx_ConfigSupply
 .text.HAL_NVIC_SetPriorityGrouping
                0x08008264       0x24 .build/stm32h7xx_hal_cortex.o
                0x08008264                HAL_NVIC_SetPriorityGrouping
 .text.HAL_NVIC_SetPriority
                0x08008288       0x6c .build/stm32h7xx_hal_cortex.o
                0x08008288                HAL_NVIC_SetPriority
 .text.HAL_NVIC_EnableIRQ
                0x080082f4       0x1c .build/stm32h7xx_hal_cortex.o
                0x080082f4                HAL_NVIC_EnableIRQ
 .text.HAL_SYSTICK_Config
                0x08008310       0x28 .build/stm32h7xx_hal_cortex.o
                0x08008310                HAL_SYSTICK_Config
 .text.HAL_InitTick
                0x08008338       0x50 .build/stm32h7xx_hal.o
                0x08008338                HAL_InitTick
 .text.HAL_Init
                0x08008388       0x5c .build/stm32h7xx_hal.o
                0x08008388                HAL_Init
 .text.HAL_IncTick
                0x080083e4       0x18 .build/stm32h7xx_hal.o
                0x080083e4                HAL_IncTick
 .text.HAL_GetTick
                0x080083fc        0xc .build/stm32h7xx_hal.o
                0x080083fc                HAL_GetTick
 .text.HAL_Delay
                0x08008408       0x28 .build/stm32h7xx_hal.o
                0x08008408                HAL_Delay
 .text.HAL_GetREVID
                0x08008430        0xc .build/stm32h7xx_hal.o
                0x08008430                HAL_GetREVID
 .text.I2C_Flush_TXDR
                0x0800843c       0x22 .build/stm32h7xx_hal_i2c.o
 .text.I2C_Disable_IRQ
                0x0800845e       0x70 .build/stm32h7xx_hal_i2c.o
 *fill*         0x080084ce        0x2 
 .text.HAL_I2C_Init
                0x080084d0       0xbc .build/stm32h7xx_hal_i2c.o
                0x080084d0                HAL_I2C_Init
 .text.HAL_I2C_EV_IRQHandler
                0x0800858c       0x10 .build/stm32h7xx_hal_i2c.o
                0x0800858c                HAL_I2C_EV_IRQHandler
 .text.HAL_I2C_SlaveTxCpltCallback
                0x0800859c        0x2 .build/stm32h7xx_hal_i2c.o
                0x0800859c                HAL_I2C_SlaveTxCpltCallback
 .text.HAL_I2C_SlaveRxCpltCallback
                0x0800859e        0x2 .build/stm32h7xx_hal_i2c.o
                0x0800859e                HAL_I2C_SlaveRxCpltCallback
 .text.I2C_ITSlaveSeqCplt
                0x080085a0       0x82 .build/stm32h7xx_hal_i2c.o
 .text.HAL_I2C_AddrCallback
                0x08008622        0x2 .build/stm32h7xx_hal_i2c.o
                0x08008622                HAL_I2C_AddrCallback
 .text.I2C_ITAddrCplt
                0x08008624       0xa0 .build/stm32h7xx_hal_i2c.o
 .text.HAL_I2C_ListenCpltCallback
                0x080086c4        0x2 .build/stm32h7xx_hal_i2c.o
                0x080086c4                HAL_I2C_ListenCpltCallback
 *fill*         0x080086c6        0x2 
 .text.I2C_ITListenCplt
                0x080086c8       0x68 .build/stm32h7xx_hal_i2c.o
 .text.HAL_I2C_ErrorCallback
                0x08008730        0x2 .build/stm32h7xx_hal_i2c.o
                0x08008730                HAL_I2C_ErrorCallback
 .text.HAL_I2C_AbortCpltCallback
                0x08008732        0x2 .build/stm32h7xx_hal_i2c.o
                0x08008732                HAL_I2C_AbortCpltCallback
 .text.I2C_TreatErrorCallback
                0x08008734       0x2e .build/stm32h7xx_hal_i2c.o
 *fill*         0x08008762        0x2 
 .text.I2C_ITError
                0x08008764      0x108 .build/stm32h7xx_hal_i2c.o
 .text.I2C_ITSlaveCplt
                0x0800886c      0x244 .build/stm32h7xx_hal_i2c.o
 .text.I2C_Slave_ISR_IT
                0x08008ab0      0x150 .build/stm32h7xx_hal_i2c.o
 .text.HAL_I2C_ER_IRQHandler
                0x08008c00       0x6a .build/stm32h7xx_hal_i2c.o
                0x08008c00                HAL_I2C_ER_IRQHandler
 .text.I2C_DMAAbort
                0x08008c6a       0x1a .build/stm32h7xx_hal_i2c.o
 .text.HAL_I2CEx_ConfigAnalogFilter
                0x08008c84       0x5c .build/stm32h7xx_hal_i2c_ex.o
                0x08008c84                HAL_I2CEx_ConfigAnalogFilter
 .text.HAL_I2CEx_ConfigDigitalFilter
                0x08008ce0       0x58 .build/stm32h7xx_hal_i2c_ex.o
                0x08008ce0                HAL_I2CEx_ConfigDigitalFilter
 .text.TIM_OC1_SetConfig
                0x08008d38       0xa8 .build/stm32h7xx_hal_tim.o
 .text.TIM_OC3_SetConfig
                0x08008de0       0x90 .build/stm32h7xx_hal_tim.o
 .text.TIM_OC4_SetConfig
                0x08008e70       0x70 .build/stm32h7xx_hal_tim.o
 .text.TIM_OC5_SetConfig
                0x08008ee0       0x70 .build/stm32h7xx_hal_tim.o
 .text.TIM_OC6_SetConfig
                0x08008f50       0x70 .build/stm32h7xx_hal_tim.o
 .text.TIM_TI1_ConfigInputStage
                0x08008fc0       0x26 .build/stm32h7xx_hal_tim.o
 .text.TIM_TI2_ConfigInputStage
                0x08008fe6       0x28 .build/stm32h7xx_hal_tim.o
 *fill*         0x0800900e        0x2 
 .text.TIM_ITRx_SetConfig
                0x08009010       0x14 .build/stm32h7xx_hal_tim.o
 .text.HAL_TIM_PWM_MspInit
                0x08009024        0x2 .build/stm32h7xx_hal_tim.o
                0x08009024                HAL_TIM_PWM_MspInit
 .text.HAL_TIM_PeriodElapsedCallback
                0x08009026        0x2 .build/stm32h7xx_hal_tim.o
                0x08009026                HAL_TIM_PeriodElapsedCallback
 .text.HAL_TIM_OC_DelayElapsedCallback
                0x08009028        0x2 .build/stm32h7xx_hal_tim.o
                0x08009028                HAL_TIM_OC_DelayElapsedCallback
 .text.HAL_TIM_IC_CaptureCallback
                0x0800902a        0x2 .build/stm32h7xx_hal_tim.o
                0x0800902a                HAL_TIM_IC_CaptureCallback
 .text.HAL_TIM_PWM_PulseFinishedCallback
                0x0800902c        0x2 .build/stm32h7xx_hal_tim.o
                0x0800902c                HAL_TIM_PWM_PulseFinishedCallback
 .text.HAL_TIM_TriggerCallback
                0x0800902e        0x2 .build/stm32h7xx_hal_tim.o
                0x0800902e                HAL_TIM_TriggerCallback
 .text.HAL_TIM_IRQHandler
                0x08009030      0x19a .build/stm32h7xx_hal_tim.o
                0x08009030                HAL_TIM_IRQHandler
 *fill*         0x080091ca        0x2 
 .text.TIM_Base_SetConfig
                0x080091cc      0x104 .build/stm32h7xx_hal_tim.o
                0x080091cc                TIM_Base_SetConfig
 .text.HAL_TIM_Base_Init
                0x080092d0       0x60 .build/stm32h7xx_hal_tim.o
                0x080092d0                HAL_TIM_Base_Init
 .text.HAL_TIM_PWM_Init
                0x08009330       0x60 .build/stm32h7xx_hal_tim.o
                0x08009330                HAL_TIM_PWM_Init
 .text.HAL_TIM_Encoder_Init
                0x08009390       0xb4 .build/stm32h7xx_hal_tim.o
                0x08009390                HAL_TIM_Encoder_Init
 .text.TIM_OC2_SetConfig
                0x08009444       0x94 .build/stm32h7xx_hal_tim.o
                0x08009444                TIM_OC2_SetConfig
 .text.HAL_TIM_PWM_ConfigChannel
                0x080094d8      0x128 .build/stm32h7xx_hal_tim.o
                0x080094d8                HAL_TIM_PWM_ConfigChannel
 .text.TIM_ETR_SetConfig
                0x08009600       0x1a .build/stm32h7xx_hal_tim.o
                0x08009600                TIM_ETR_SetConfig
 *fill*         0x0800961a        0x2 
 .text.HAL_TIM_ConfigClockSource
                0x0800961c      0x108 .build/stm32h7xx_hal_tim.o
                0x0800961c                HAL_TIM_ConfigClockSource
 .text.TIM_CCxChannelCmd
                0x08009724       0x1e .build/stm32h7xx_hal_tim.o
                0x08009724                TIM_CCxChannelCmd
 *fill*         0x08009742        0x2 
 .text.HAL_TIM_PWM_Start
                0x08009744      0x160 .build/stm32h7xx_hal_tim.o
                0x08009744                HAL_TIM_PWM_Start
 .text.HAL_TIM_Encoder_Start
                0x080098a4       0xc8 .build/stm32h7xx_hal_tim.o
                0x080098a4                HAL_TIM_Encoder_Start
 .text.HAL_TIM_Encoder_Stop
                0x0800996c       0xde .build/stm32h7xx_hal_tim.o
                0x0800996c                HAL_TIM_Encoder_Stop
 *fill*         0x08009a4a        0x2 
 .text.HAL_TIMEx_MasterConfigSynchronization
                0x08009a4c       0x98 .build/stm32h7xx_hal_tim_ex.o
                0x08009a4c                HAL_TIMEx_MasterConfigSynchronization
 .text.HAL_TIMEx_ConfigBreakDeadTime
                0x08009ae4       0x90 .build/stm32h7xx_hal_tim_ex.o
                0x08009ae4                HAL_TIMEx_ConfigBreakDeadTime
 .text.HAL_TIMEx_CommutCallback
                0x08009b74        0x2 .build/stm32h7xx_hal_tim_ex.o
                0x08009b74                HAL_TIMEx_CommutCallback
 .text.HAL_TIMEx_BreakCallback
                0x08009b76        0x2 .build/stm32h7xx_hal_tim_ex.o
                0x08009b76                HAL_TIMEx_BreakCallback
 .text.HAL_TIMEx_Break2Callback
                0x08009b78        0x2 .build/stm32h7xx_hal_tim_ex.o
                0x08009b78                HAL_TIMEx_Break2Callback
 *fill*         0x08009b7a        0x2 
 .text.LL_TIM_Init
                0x08009b7c      0x100 .build/stm32h7xx_ll_tim.o
                0x08009b7c                LL_TIM_Init
 .text.UART_EndTxTransfer
                0x08009c7c       0x1c .build/stm32h7xx_hal_uart.o
 .text.UART_EndRxTransfer
                0x08009c98       0x38 .build/stm32h7xx_hal_uart.o
 .text.HAL_UART_Transmit_DMA
                0x08009cd0       0xa8 .build/stm32h7xx_hal_uart.o
                0x08009cd0                HAL_UART_Transmit_DMA
 .text.HAL_UART_TxCpltCallback
                0x08009d78        0x2 .build/stm32h7xx_hal_uart.o
                0x08009d78                HAL_UART_TxCpltCallback
 .text.UART_DMATransmitCplt
                0x08009d7a       0x30 .build/stm32h7xx_hal_uart.o
 .text.UART_EndTransmit_IT
                0x08009daa       0x1c .build/stm32h7xx_hal_uart.o
 .text.HAL_UART_TxHalfCpltCallback
                0x08009dc6        0x2 .build/stm32h7xx_hal_uart.o
                0x08009dc6                HAL_UART_TxHalfCpltCallback
 .text.UART_DMATxHalfCplt
                0x08009dc8        0xa .build/stm32h7xx_hal_uart.o
 .text.HAL_UART_RxCpltCallback
                0x08009dd2        0x2 .build/stm32h7xx_hal_uart.o
                0x08009dd2                HAL_UART_RxCpltCallback
 .text.HAL_UART_RxHalfCpltCallback
                0x08009dd4        0x2 .build/stm32h7xx_hal_uart.o
                0x08009dd4                HAL_UART_RxHalfCpltCallback
 .text.HAL_UART_ErrorCallback
                0x08009dd6        0x2 .build/stm32h7xx_hal_uart.o
                0x08009dd6                HAL_UART_ErrorCallback
 .text.UART_DMAError
                0x08009dd8       0x58 .build/stm32h7xx_hal_uart.o
 .text.UART_DMAAbortOnError
                0x08009e30       0x14 .build/stm32h7xx_hal_uart.o
 .text.HAL_UART_IRQHandler
                0x08009e44      0x348 .build/stm32h7xx_hal_uart.o
                0x08009e44                HAL_UART_IRQHandler
 .text.UART_DMARxHalfCplt
                0x0800a18c       0x1c .build/stm32h7xx_hal_uart.o
 .text.UART_DMAReceiveCplt
                0x0800a1a8       0x60 .build/stm32h7xx_hal_uart.o
 .text.UART_SetConfig
                0x0800a208      0x5f4 .build/stm32h7xx_hal_uart.o
                0x0800a208                UART_SetConfig
 .text.UART_AdvFeatureConfig
                0x0800a7fc       0xca .build/stm32h7xx_hal_uart.o
                0x0800a7fc                UART_AdvFeatureConfig
 .text.UART_WaitOnFlagUntilTimeout
                0x0800a8c6       0xb0 .build/stm32h7xx_hal_uart.o
                0x0800a8c6                UART_WaitOnFlagUntilTimeout
 .text.HAL_UART_Receive
                0x0800a976      0x128 .build/stm32h7xx_hal_uart.o
                0x0800a976                HAL_UART_Receive
 .text.UART_CheckIdleState
                0x0800aa9e       0x74 .build/stm32h7xx_hal_uart.o
                0x0800aa9e                UART_CheckIdleState
 .text.HAL_UART_Init
                0x0800ab12       0x66 .build/stm32h7xx_hal_uart.o
                0x0800ab12                HAL_UART_Init
 .text.UART_Start_Receive_DMA
                0x0800ab78       0x88 .build/stm32h7xx_hal_uart.o
                0x0800ab78                UART_Start_Receive_DMA
 .text.UARTEx_SetNbDataToProcess
                0x0800ac00       0x4c .build/stm32h7xx_hal_uart_ex.o
 .text.HAL_UARTEx_WakeupCallback
                0x0800ac4c        0x2 .build/stm32h7xx_hal_uart_ex.o
                0x0800ac4c                HAL_UARTEx_WakeupCallback
 .text.HAL_UARTEx_RxFifoFullCallback
                0x0800ac4e        0x2 .build/stm32h7xx_hal_uart_ex.o
                0x0800ac4e                HAL_UARTEx_RxFifoFullCallback
 .text.HAL_UARTEx_TxFifoEmptyCallback
                0x0800ac50        0x2 .build/stm32h7xx_hal_uart_ex.o
                0x0800ac50                HAL_UARTEx_TxFifoEmptyCallback
 .text.HAL_UARTEx_DisableFifoMode
                0x0800ac52       0x3e .build/stm32h7xx_hal_uart_ex.o
                0x0800ac52                HAL_UARTEx_DisableFifoMode
 .text.HAL_UARTEx_SetTxFifoThreshold
                0x0800ac90       0x4a .build/stm32h7xx_hal_uart_ex.o
                0x0800ac90                HAL_UARTEx_SetTxFifoThreshold
 .text.HAL_UARTEx_SetRxFifoThreshold
                0x0800acda       0x4a .build/stm32h7xx_hal_uart_ex.o
                0x0800acda                HAL_UARTEx_SetRxFifoThreshold
 .text.HAL_UARTEx_ReceiveToIdle_DMA
                0x0800ad24       0x52 .build/stm32h7xx_hal_uart_ex.o
                0x0800ad24                HAL_UARTEx_ReceiveToIdle_DMA
 *fill*         0x0800ad76        0x2 
 .text.EE_VerifyPageFullyErased
                0x0800ad78       0x24 .build/EEmu.o
 .text.EE_FindValidPage
                0x0800ad9c       0x50 .build/EEmu.o
 .text.EE_VerifyPageFullWriteVariable
                0x0800adec       0x78 .build/EEmu.o
 .text.EE_Format
                0x0800ae64       0x70 .build/EEmu.o
 .text.EE_ReadVariableU32
                0x0800aed4       0x48 .build/EEmu.o
                0x0800aed4                EE_ReadVariableU32
 .text.EE_Init  0x0800af1c      0x280 .build/EEmu.o
                0x0800af1c                EE_Init
 .text.EE_PageTransfer
                0x0800b19c       0xfc .build/EEmu.o
 .text.EE_ReadVariableF32
                0x0800b298       0x14 .build/EEmu.o
                0x0800b298                EE_ReadVariableF32
 .text.EE_WriteVariableU32
                0x0800b2ac       0x20 .build/EEmu.o
                0x0800b2ac                EE_WriteVariableU32
 .text.EE_WriteVariableF32
                0x0800b2cc       0x32 .build/EEmu.o
                0x0800b2cc                EE_WriteVariableF32
 *fill*         0x0800b2fe        0x2 
 .text.Reset_Handler
                0x0800b300       0x50 .build/startup_stm32h743xx.o
                0x0800b300                Reset_Handler
 .text.Default_Handler
                0x0800b350        0x2 .build/startup_stm32h743xx.o
                0x0800b350                RTC_Alarm_IRQHandler
                0x0800b350                EXTI2_IRQHandler
                0x0800b350                TIM8_CC_IRQHandler
                0x0800b350                HRTIM1_Master_IRQHandler
                0x0800b350                UART8_IRQHandler
                0x0800b350                SPI4_IRQHandler
                0x0800b350                TIM1_CC_IRQHandler
                0x0800b350                BDMA_Channel6_IRQHandler
                0x0800b350                DMA2_Stream5_IRQHandler
                0x0800b350                HRTIM1_FLT_IRQHandler
                0x0800b350                JPEG_IRQHandler
                0x0800b350                DMA1_Stream5_IRQHandler
                0x0800b350                BDMA_Channel1_IRQHandler
                0x0800b350                HRTIM1_TIMD_IRQHandler
                0x0800b350                TAMP_STAMP_IRQHandler
                0x0800b350                EXTI3_IRQHandler
                0x0800b350                LPTIM4_IRQHandler
                0x0800b350                TIM8_TRG_COM_TIM14_IRQHandler
                0x0800b350                LPTIM2_IRQHandler
                0x0800b350                DFSDM1_FLT1_IRQHandler
                0x0800b350                DMAMUX2_OVR_IRQHandler
                0x0800b350                TIM8_UP_TIM13_IRQHandler
                0x0800b350                I2C3_ER_IRQHandler
                0x0800b350                DFSDM1_FLT2_IRQHandler
                0x0800b350                MDMA_IRQHandler
                0x0800b350                LPTIM3_IRQHandler
                0x0800b350                HSEM1_IRQHandler
                0x0800b350                EXTI0_IRQHandler
                0x0800b350                FPU_IRQHandler
                0x0800b350                OTG_HS_WKUP_IRQHandler
                0x0800b350                FDCAN1_IT1_IRQHandler
                0x0800b350                LTDC_ER_IRQHandler
                0x0800b350                DMA2_Stream2_IRQHandler
                0x0800b350                HRTIM1_TIME_IRQHandler
                0x0800b350                SPI1_IRQHandler
                0x0800b350                TIM6_DAC_IRQHandler
                0x0800b350                DCMI_IRQHandler
                0x0800b350                HRTIM1_TIMC_IRQHandler
                0x0800b350                DMA2_Stream3_IRQHandler
                0x0800b350                SAI2_IRQHandler
                0x0800b350                DFSDM1_FLT3_IRQHandler
                0x0800b350                USART6_IRQHandler
                0x0800b350                TIM17_IRQHandler
                0x0800b350                USART3_IRQHandler
                0x0800b350                BDMA_Channel7_IRQHandler
                0x0800b350                LPTIM5_IRQHandler
                0x0800b350                UART5_IRQHandler
                0x0800b350                ADC3_IRQHandler
                0x0800b350                DMA2_Stream0_IRQHandler
                0x0800b350                TIM4_IRQHandler
                0x0800b350                BDMA_Channel2_IRQHandler
                0x0800b350                QUADSPI_IRQHandler
                0x0800b350                DMA1_Stream6_IRQHandler
                0x0800b350                DMAMUX1_OVR_IRQHandler
                0x0800b350                TIM16_IRQHandler
                0x0800b350                UART4_IRQHandler
                0x0800b350                BDMA_Channel5_IRQHandler
                0x0800b350                TIM3_IRQHandler
                0x0800b350                RCC_IRQHandler
                0x0800b350                TIM8_BRK_TIM12_IRQHandler
                0x0800b350                TIM1_TRG_COM_IRQHandler
                0x0800b350                Default_Handler
                0x0800b350                ECC_IRQHandler
                0x0800b350                CEC_IRQHandler
                0x0800b350                EXTI15_10_IRQHandler
                0x0800b350                BDMA_Channel0_IRQHandler
                0x0800b350                ADC_IRQHandler
                0x0800b350                DMA1_Stream7_IRQHandler
                0x0800b350                HRTIM1_TIMA_IRQHandler
                0x0800b350                SPI5_IRQHandler
                0x0800b350                TIM7_IRQHandler
                0x0800b350                SDMMC1_IRQHandler
                0x0800b350                DMA2_Stream7_IRQHandler
                0x0800b350                TIM15_IRQHandler
                0x0800b350                PVD_AVD_IRQHandler
                0x0800b350                I2C3_EV_IRQHandler
                0x0800b350                EXTI9_5_IRQHandler
                0x0800b350                RTC_WKUP_IRQHandler
                0x0800b350                LTDC_IRQHandler
                0x0800b350                SAI3_IRQHandler
                0x0800b350                ETH_WKUP_IRQHandler
                0x0800b350                SPDIF_RX_IRQHandler
                0x0800b350                SPI2_IRQHandler
                0x0800b350                OTG_HS_EP1_IN_IRQHandler
                0x0800b350                CRS_IRQHandler
                0x0800b350                EXTI4_IRQHandler
                0x0800b350                RNG_IRQHandler
                0x0800b350                HRTIM1_TIMB_IRQHandler
                0x0800b350                FDCAN2_IT1_IRQHandler
                0x0800b350                ETH_IRQHandler
                0x0800b350                TIM1_UP_IRQHandler
                0x0800b350                BDMA_Channel4_IRQHandler
                0x0800b350                OTG_HS_EP1_OUT_IRQHandler
                0x0800b350                WWDG_IRQHandler
                0x0800b350                SPI6_IRQHandler
                0x0800b350                MDIOS_IRQHandler
                0x0800b350                I2C4_EV_IRQHandler
                0x0800b350                FDCAN2_IT0_IRQHandler
                0x0800b350                LPUART1_IRQHandler
                0x0800b350                FDCAN1_IT0_IRQHandler
                0x0800b350                OTG_FS_WKUP_IRQHandler
                0x0800b350                OTG_HS_IRQHandler
                0x0800b350                DMA2D_IRQHandler
                0x0800b350                TIM1_BRK_IRQHandler
                0x0800b350                EXTI1_IRQHandler
                0x0800b350                SDMMC2_IRQHandler
                0x0800b350                OTG_FS_EP1_OUT_IRQHandler
                0x0800b350                BDMA_Channel3_IRQHandler
                0x0800b350                UART7_IRQHandler
                0x0800b350                MDIOS_WKUP_IRQHandler
                0x0800b350                DFSDM1_FLT0_IRQHandler
                0x0800b350                SAI4_IRQHandler
                0x0800b350                DMA2_Stream1_IRQHandler
                0x0800b350                FLASH_IRQHandler
                0x0800b350                DMA2_Stream4_IRQHandler
                0x0800b350                USART1_IRQHandler
                0x0800b350                OTG_FS_IRQHandler
                0x0800b350                SPI3_IRQHandler
                0x0800b350                WAKEUP_PIN_IRQHandler
                0x0800b350                DMA1_Stream4_IRQHandler
                0x0800b350                OTG_FS_EP1_IN_IRQHandler
                0x0800b350                FMC_IRQHandler
                0x0800b350                FDCAN_CAL_IRQHandler
                0x0800b350                SWPMI1_IRQHandler
                0x0800b350                COMP1_IRQHandler
                0x0800b350                LPTIM1_IRQHandler
                0x0800b350                I2C4_ER_IRQHandler
                0x0800b350                DMA2_Stream6_IRQHandler
                0x0800b350                SAI1_IRQHandler
                0x0800b350                DMA1_Stream3_IRQHandler
 *fill*         0x0800b352        0x2 
 .text.__libc_init_array
                0x0800b354       0x48 e:/gnu_tools/gnu arm embedded toolchain/10 2021.10/bin/../lib/gcc/arm-none-eabi/10.3.1/../../../../arm-none-eabi/lib/thumb/v7e-m+dp/hard\libc_nano.a(lib_a-init.o)
                0x0800b354                __libc_init_array
 .text.memset   0x0800b39c       0x10 e:/gnu_tools/gnu arm embedded toolchain/10 2021.10/bin/../lib/gcc/arm-none-eabi/10.3.1/../../../../arm-none-eabi/lib/thumb/v7e-m+dp/hard\libc_nano.a(lib_a-memset.o)
                0x0800b39c                memset
 .text.__cvt    0x0800b3ac       0xa4 e:/gnu_tools/gnu arm embedded toolchain/10 2021.10/bin/../lib/gcc/arm-none-eabi/10.3.1/../../../../arm-none-eabi/lib/thumb/v7e-m+dp/hard\libc_nano.a(lib_a-nano-vfprintf_float.o)
                0x0800b3ac                __cvt
 .text.__exponent
                0x0800b450       0x7c e:/gnu_tools/gnu arm embedded toolchain/10 2021.10/bin/../lib/gcc/arm-none-eabi/10.3.1/../../../../arm-none-eabi/lib/thumb/v7e-m+dp/hard\libc_nano.a(lib_a-nano-vfprintf_float.o)
                0x0800b450                __exponent
 *fill*         0x0800b4cc        0x4 
 .text._printf_float
                0x0800b4d0      0x43c e:/gnu_tools/gnu arm embedded toolchain/10 2021.10/bin/../lib/gcc/arm-none-eabi/10.3.1/../../../../arm-none-eabi/lib/thumb/v7e-m+dp/hard\libc_nano.a(lib_a-nano-vfprintf_float.o)
                0x0800b4d0                _printf_float
 .text._printf_common
                0x0800b90c       0xda e:/gnu_tools/gnu arm embedded toolchain/10 2021.10/bin/../lib/gcc/arm-none-eabi/10.3.1/../../../../arm-none-eabi/lib/thumb/v7e-m+dp/hard\libc_nano.a(lib_a-nano-vfprintf_i.o)
                0x0800b90c                _printf_common
 *fill*         0x0800b9e6        0x2 
 .text._printf_i
                0x0800b9e8      0x24c e:/gnu_tools/gnu arm embedded toolchain/10 2021.10/bin/../lib/gcc/arm-none-eabi/10.3.1/../../../../arm-none-eabi/lib/thumb/v7e-m+dp/hard\libc_nano.a(lib_a-nano-vfprintf_i.o)
                0x0800b9e8                _printf_i
 .text._vsprintf_r
                0x0800bc34       0x2c e:/gnu_tools/gnu arm embedded toolchain/10 2021.10/bin/../lib/gcc/arm-none-eabi/10.3.1/../../../../arm-none-eabi/lib/thumb/v7e-m+dp/hard\libc_nano.a(lib_a-vsprintf.o)
                0x0800bc34                _vsprintf_r
                0x0800bc34                _vsiprintf_r
 .text.vsprintf
                0x0800bc60       0x14 e:/gnu_tools/gnu arm embedded toolchain/10 2021.10/bin/../lib/gcc/arm-none-eabi/10.3.1/../../../../arm-none-eabi/lib/thumb/v7e-m+dp/hard\libc_nano.a(lib_a-vsprintf.o)
                0x0800bc60                vsiprintf
                0x0800bc60                vsprintf
 .text.quorem   0x0800bc74      0x116 e:/gnu_tools/gnu arm embedded toolchain/10 2021.10/bin/../lib/gcc/arm-none-eabi/10.3.1/../../../../arm-none-eabi/lib/thumb/v7e-m+dp/hard\libc_nano.a(lib_a-dtoa.o)
 *fill*         0x0800bd8a        0x6 
 .text._dtoa_r  0x0800bd90      0xadc e:/gnu_tools/gnu arm embedded toolchain/10 2021.10/bin/../lib/gcc/arm-none-eabi/10.3.1/../../../../arm-none-eabi/lib/thumb/v7e-m+dp/hard\libc_nano.a(lib_a-dtoa.o)
                0x0800bd90                _dtoa_r
 .text._localeconv_r
                0x0800c86c        0x8 e:/gnu_tools/gnu arm embedded toolchain/10 2021.10/bin/../lib/gcc/arm-none-eabi/10.3.1/../../../../arm-none-eabi/lib/thumb/v7e-m+dp/hard\libc_nano.a(lib_a-localeconv.o)
                0x0800c86c                _localeconv_r
 .text.malloc   0x0800c874       0x10 e:/gnu_tools/gnu arm embedded toolchain/10 2021.10/bin/../lib/gcc/arm-none-eabi/10.3.1/../../../../arm-none-eabi/lib/thumb/v7e-m+dp/hard\libc_nano.a(lib_a-malloc.o)
                0x0800c874                malloc
 .text.memcpy   0x0800c884       0x1c e:/gnu_tools/gnu arm embedded toolchain/10 2021.10/bin/../lib/gcc/arm-none-eabi/10.3.1/../../../../arm-none-eabi/lib/thumb/v7e-m+dp/hard\libc_nano.a(lib_a-memcpy-stub.o)
                0x0800c884                memcpy
 .text._Balloc  0x0800c8a0       0x80 e:/gnu_tools/gnu arm embedded toolchain/10 2021.10/bin/../lib/gcc/arm-none-eabi/10.3.1/../../../../arm-none-eabi/lib/thumb/v7e-m+dp/hard\libc_nano.a(lib_a-mprec.o)
                0x0800c8a0                _Balloc
 .text._Bfree   0x0800c920       0x44 e:/gnu_tools/gnu arm embedded toolchain/10 2021.10/bin/../lib/gcc/arm-none-eabi/10.3.1/../../../../arm-none-eabi/lib/thumb/v7e-m+dp/hard\libc_nano.a(lib_a-mprec.o)
                0x0800c920                _Bfree
 .text.__multadd
                0x0800c964       0x8c e:/gnu_tools/gnu arm embedded toolchain/10 2021.10/bin/../lib/gcc/arm-none-eabi/10.3.1/../../../../arm-none-eabi/lib/thumb/v7e-m+dp/hard\libc_nano.a(lib_a-mprec.o)
                0x0800c964                __multadd
 .text.__hi0bits
                0x0800c9f0       0x40 e:/gnu_tools/gnu arm embedded toolchain/10 2021.10/bin/../lib/gcc/arm-none-eabi/10.3.1/../../../../arm-none-eabi/lib/thumb/v7e-m+dp/hard\libc_nano.a(lib_a-mprec.o)
                0x0800c9f0                __hi0bits
 .text.__lo0bits
                0x0800ca30       0x5e e:/gnu_tools/gnu arm embedded toolchain/10 2021.10/bin/../lib/gcc/arm-none-eabi/10.3.1/../../../../arm-none-eabi/lib/thumb/v7e-m+dp/hard\libc_nano.a(lib_a-mprec.o)
                0x0800ca30                __lo0bits
 *fill*         0x0800ca8e        0x2 
 .text.__i2b    0x0800ca90       0x2c e:/gnu_tools/gnu arm embedded toolchain/10 2021.10/bin/../lib/gcc/arm-none-eabi/10.3.1/../../../../arm-none-eabi/lib/thumb/v7e-m+dp/hard\libc_nano.a(lib_a-mprec.o)
                0x0800ca90                __i2b
 .text.__multiply
                0x0800cabc      0x154 e:/gnu_tools/gnu arm embedded toolchain/10 2021.10/bin/../lib/gcc/arm-none-eabi/10.3.1/../../../../arm-none-eabi/lib/thumb/v7e-m+dp/hard\libc_nano.a(lib_a-mprec.o)
                0x0800cabc                __multiply
 .text.__pow5mult
                0x0800cc10       0xb4 e:/gnu_tools/gnu arm embedded toolchain/10 2021.10/bin/../lib/gcc/arm-none-eabi/10.3.1/../../../../arm-none-eabi/lib/thumb/v7e-m+dp/hard\libc_nano.a(lib_a-mprec.o)
                0x0800cc10                __pow5mult
 .text.__lshift
                0x0800ccc4       0xe0 e:/gnu_tools/gnu arm embedded toolchain/10 2021.10/bin/../lib/gcc/arm-none-eabi/10.3.1/../../../../arm-none-eabi/lib/thumb/v7e-m+dp/hard\libc_nano.a(lib_a-mprec.o)
                0x0800ccc4                __lshift
 .text.__mcmp   0x0800cda4       0x38 e:/gnu_tools/gnu arm embedded toolchain/10 2021.10/bin/../lib/gcc/arm-none-eabi/10.3.1/../../../../arm-none-eabi/lib/thumb/v7e-m+dp/hard\libc_nano.a(lib_a-mprec.o)
                0x0800cda4                __mcmp
 .text.__mdiff  0x0800cddc      0x114 e:/gnu_tools/gnu arm embedded toolchain/10 2021.10/bin/../lib/gcc/arm-none-eabi/10.3.1/../../../../arm-none-eabi/lib/thumb/v7e-m+dp/hard\libc_nano.a(lib_a-mprec.o)
                0x0800cddc                __mdiff
 .text.__d2b    0x0800cef0       0xb8 e:/gnu_tools/gnu arm embedded toolchain/10 2021.10/bin/../lib/gcc/arm-none-eabi/10.3.1/../../../../arm-none-eabi/lib/thumb/v7e-m+dp/hard\libc_nano.a(lib_a-mprec.o)
                0x0800cef0                __d2b
 .text._calloc_r
                0x0800cfa8       0x2c e:/gnu_tools/gnu arm embedded toolchain/10 2021.10/bin/../lib/gcc/arm-none-eabi/10.3.1/../../../../arm-none-eabi/lib/thumb/v7e-m+dp/hard\libc_nano.a(lib_a-nano-callocr.o)
                0x0800cfa8                _calloc_r
 .text._free_r  0x0800cfd4       0x98 e:/gnu_tools/gnu arm embedded toolchain/10 2021.10/bin/../lib/gcc/arm-none-eabi/10.3.1/../../../../arm-none-eabi/lib/thumb/v7e-m+dp/hard\libc_nano.a(lib_a-nano-freer.o)
                0x0800cfd4                _free_r
 .text.sbrk_aligned
                0x0800d06c       0x40 e:/gnu_tools/gnu arm embedded toolchain/10 2021.10/bin/../lib/gcc/arm-none-eabi/10.3.1/../../../../arm-none-eabi/lib/thumb/v7e-m+dp/hard\libc_nano.a(lib_a-nano-mallocr.o)
 .text._malloc_r
                0x0800d0ac       0xe8 e:/gnu_tools/gnu arm embedded toolchain/10 2021.10/bin/../lib/gcc/arm-none-eabi/10.3.1/../../../../arm-none-eabi/lib/thumb/v7e-m+dp/hard\libc_nano.a(lib_a-nano-mallocr.o)
                0x0800d0ac                _malloc_r
 .text.__ssputs_r
                0x0800d194       0xb6 e:/gnu_tools/gnu arm embedded toolchain/10 2021.10/bin/../lib/gcc/arm-none-eabi/10.3.1/../../../../arm-none-eabi/lib/thumb/v7e-m+dp/hard\libc_nano.a(lib_a-nano-svfprintf.o)
                0x0800d194                __ssputs_r
 *fill*         0x0800d24a        0x2 
 .text._svfprintf_r
                0x0800d24c      0x200 e:/gnu_tools/gnu arm embedded toolchain/10 2021.10/bin/../lib/gcc/arm-none-eabi/10.3.1/../../../../arm-none-eabi/lib/thumb/v7e-m+dp/hard\libc_nano.a(lib_a-nano-svfprintf.o)
                0x0800d24c                _svfiprintf_r
                0x0800d24c                _svfprintf_r
 .text._sbrk_r  0x0800d44c       0x20 e:/gnu_tools/gnu arm embedded toolchain/10 2021.10/bin/../lib/gcc/arm-none-eabi/10.3.1/../../../../arm-none-eabi/lib/thumb/v7e-m+dp/hard\libc_nano.a(lib_a-sbrkr.o)
                0x0800d44c                _sbrk_r
 .text.__assert_func
                0x0800d46c       0x3c e:/gnu_tools/gnu arm embedded toolchain/10 2021.10/bin/../lib/gcc/arm-none-eabi/10.3.1/../../../../arm-none-eabi/lib/thumb/v7e-m+dp/hard\libc_nano.a(lib_a-assert.o)
                0x0800d46c                __assert_func
 .text.fprintf  0x0800d4a8       0x24 e:/gnu_tools/gnu arm embedded toolchain/10 2021.10/bin/../lib/gcc/arm-none-eabi/10.3.1/../../../../arm-none-eabi/lib/thumb/v7e-m+dp/hard\libc_nano.a(lib_a-fprintf.o)
                0x0800d4a8                fiprintf
                0x0800d4a8                fprintf
 .text.__ascii_mbtowc
                0x0800d4cc       0x24 e:/gnu_tools/gnu arm embedded toolchain/10 2021.10/bin/../lib/gcc/arm-none-eabi/10.3.1/../../../../arm-none-eabi/lib/thumb/v7e-m+dp/hard\libc_nano.a(lib_a-mbtowc_r.o)
                0x0800d4cc                __ascii_mbtowc
 .text.memmove  0x0800d4f0       0x34 e:/gnu_tools/gnu arm embedded toolchain/10 2021.10/bin/../lib/gcc/arm-none-eabi/10.3.1/../../../../arm-none-eabi/lib/thumb/v7e-m+dp/hard\libc_nano.a(lib_a-memmove.o)
                0x0800d4f0                memmove
 .text.__malloc_lock
                0x0800d524        0xc e:/gnu_tools/gnu arm embedded toolchain/10 2021.10/bin/../lib/gcc/arm-none-eabi/10.3.1/../../../../arm-none-eabi/lib/thumb/v7e-m+dp/hard\libc_nano.a(lib_a-mlock.o)
                0x0800d524                __malloc_lock
 .text.__malloc_unlock
                0x0800d530        0xc e:/gnu_tools/gnu arm embedded toolchain/10 2021.10/bin/../lib/gcc/arm-none-eabi/10.3.1/../../../../arm-none-eabi/lib/thumb/v7e-m+dp/hard\libc_nano.a(lib_a-mlock.o)
                0x0800d530                __malloc_unlock
 .text._realloc_r
                0x0800d53c       0x5e e:/gnu_tools/gnu arm embedded toolchain/10 2021.10/bin/../lib/gcc/arm-none-eabi/10.3.1/../../../../arm-none-eabi/lib/thumb/v7e-m+dp/hard\libc_nano.a(lib_a-nano-reallocr.o)
                0x0800d53c                _realloc_r
 .text.__sfputc_r
                0x0800d59a       0x2e e:/gnu_tools/gnu arm embedded toolchain/10 2021.10/bin/../lib/gcc/arm-none-eabi/10.3.1/../../../../arm-none-eabi/lib/thumb/v7e-m+dp/hard\libc_nano.a(lib_a-nano-vfprintf.o)
 .text.__sfputs_r
                0x0800d5c8       0x24 e:/gnu_tools/gnu arm embedded toolchain/10 2021.10/bin/../lib/gcc/arm-none-eabi/10.3.1/../../../../arm-none-eabi/lib/thumb/v7e-m+dp/hard\libc_nano.a(lib_a-nano-vfprintf.o)
                0x0800d5c8                __sfputs_r
 .text._vfprintf_r
                0x0800d5ec      0x260 e:/gnu_tools/gnu arm embedded toolchain/10 2021.10/bin/../lib/gcc/arm-none-eabi/10.3.1/../../../../arm-none-eabi/lib/thumb/v7e-m+dp/hard\libc_nano.a(lib_a-nano-vfprintf.o)
                0x0800d5ec                _vfprintf_r
                0x0800d5ec                _vfiprintf_r
 .text.__swbuf_r
                0x0800d84c       0xa4 e:/gnu_tools/gnu arm embedded toolchain/10 2021.10/bin/../lib/gcc/arm-none-eabi/10.3.1/../../../../arm-none-eabi/lib/thumb/v7e-m+dp/hard\libc_nano.a(lib_a-wbuf.o)
                0x0800d84c                __swbuf_r
 .text.__ascii_wctomb
                0x0800d8f0       0x1a e:/gnu_tools/gnu arm embedded toolchain/10 2021.10/bin/../lib/gcc/arm-none-eabi/10.3.1/../../../../arm-none-eabi/lib/thumb/v7e-m+dp/hard\libc_nano.a(lib_a-wctomb_r.o)
                0x0800d8f0                __ascii_wctomb
 *fill*         0x0800d90a        0x2 
 .text.__swsetup_r
                0x0800d90c       0xdc e:/gnu_tools/gnu arm embedded toolchain/10 2021.10/bin/../lib/gcc/arm-none-eabi/10.3.1/../../../../arm-none-eabi/lib/thumb/v7e-m+dp/hard\libc_nano.a(lib_a-wsetup.o)
                0x0800d90c                __swsetup_r
 .text.abort    0x0800d9e8        0xe e:/gnu_tools/gnu arm embedded toolchain/10 2021.10/bin/../lib/gcc/arm-none-eabi/10.3.1/../../../../arm-none-eabi/lib/thumb/v7e-m+dp/hard\libc_nano.a(lib_a-abort.o)
                0x0800d9e8                abort
 *fill*         0x0800d9f6        0x2 
 .text.__sflush_r
                0x0800d9f8      0x10c e:/gnu_tools/gnu arm embedded toolchain/10 2021.10/bin/../lib/gcc/arm-none-eabi/10.3.1/../../../../arm-none-eabi/lib/thumb/v7e-m+dp/hard\libc_nano.a(lib_a-fflush.o)
                0x0800d9f8                __sflush_r
 .text._fflush_r
                0x0800db04       0x78 e:/gnu_tools/gnu arm embedded toolchain/10 2021.10/bin/../lib/gcc/arm-none-eabi/10.3.1/../../../../arm-none-eabi/lib/thumb/v7e-m+dp/hard\libc_nano.a(lib_a-fflush.o)
                0x0800db04                _fflush_r
 .text.std      0x0800db7c       0x48 e:/gnu_tools/gnu arm embedded toolchain/10 2021.10/bin/../lib/gcc/arm-none-eabi/10.3.1/../../../../arm-none-eabi/lib/thumb/v7e-m+dp/hard\libc_nano.a(lib_a-findfp.o)
 .text._cleanup_r
                0x0800dbc4        0xc e:/gnu_tools/gnu arm embedded toolchain/10 2021.10/bin/../lib/gcc/arm-none-eabi/10.3.1/../../../../arm-none-eabi/lib/thumb/v7e-m+dp/hard\libc_nano.a(lib_a-findfp.o)
                0x0800dbc4                _cleanup_r
 .text.__sfmoreglue
                0x0800dbd0       0x2c e:/gnu_tools/gnu arm embedded toolchain/10 2021.10/bin/../lib/gcc/arm-none-eabi/10.3.1/../../../../arm-none-eabi/lib/thumb/v7e-m+dp/hard\libc_nano.a(lib_a-findfp.o)
                0x0800dbd0                __sfmoreglue
 .text.__sfp_lock_acquire
                0x0800dbfc        0xc e:/gnu_tools/gnu arm embedded toolchain/10 2021.10/bin/../lib/gcc/arm-none-eabi/10.3.1/../../../../arm-none-eabi/lib/thumb/v7e-m+dp/hard\libc_nano.a(lib_a-findfp.o)
                0x0800dbfc                __sfp_lock_acquire
 .text.__sfp_lock_release
                0x0800dc08        0xc e:/gnu_tools/gnu arm embedded toolchain/10 2021.10/bin/../lib/gcc/arm-none-eabi/10.3.1/../../../../arm-none-eabi/lib/thumb/v7e-m+dp/hard\libc_nano.a(lib_a-findfp.o)
                0x0800dc08                __sfp_lock_release
 .text.__sinit_lock_acquire
                0x0800dc14        0xc e:/gnu_tools/gnu arm embedded toolchain/10 2021.10/bin/../lib/gcc/arm-none-eabi/10.3.1/../../../../arm-none-eabi/lib/thumb/v7e-m+dp/hard\libc_nano.a(lib_a-findfp.o)
                0x0800dc14                __sinit_lock_acquire
 .text.__sinit_lock_release
                0x0800dc20        0xc e:/gnu_tools/gnu arm embedded toolchain/10 2021.10/bin/../lib/gcc/arm-none-eabi/10.3.1/../../../../arm-none-eabi/lib/thumb/v7e-m+dp/hard\libc_nano.a(lib_a-findfp.o)
                0x0800dc20                __sinit_lock_release
 .text.__sinit  0x0800dc2c       0x70 e:/gnu_tools/gnu arm embedded toolchain/10 2021.10/bin/../lib/gcc/arm-none-eabi/10.3.1/../../../../arm-none-eabi/lib/thumb/v7e-m+dp/hard\libc_nano.a(lib_a-findfp.o)
                0x0800dc2c                __sinit
 .text.__sfp    0x0800dc9c       0x8c e:/gnu_tools/gnu arm embedded toolchain/10 2021.10/bin/../lib/gcc/arm-none-eabi/10.3.1/../../../../arm-none-eabi/lib/thumb/v7e-m+dp/hard\libc_nano.a(lib_a-findfp.o)
                0x0800dc9c                __sfp
 .text._fwalk_reent
                0x0800dd28       0x3e e:/gnu_tools/gnu arm embedded toolchain/10 2021.10/bin/../lib/gcc/arm-none-eabi/10.3.1/../../../../arm-none-eabi/lib/thumb/v7e-m+dp/hard\libc_nano.a(lib_a-fwalk.o)
                0x0800dd28                _fwalk_reent
 .text.__retarget_lock_init_recursive
                0x0800dd66        0x2 e:/gnu_tools/gnu arm embedded toolchain/10 2021.10/bin/../lib/gcc/arm-none-eabi/10.3.1/../../../../arm-none-eabi/lib/thumb/v7e-m+dp/hard\libc_nano.a(lib_a-lock.o)
                0x0800dd66                __retarget_lock_init_recursive
 .text.__retarget_lock_acquire_recursive
                0x0800dd68        0x2 e:/gnu_tools/gnu arm embedded toolchain/10 2021.10/bin/../lib/gcc/arm-none-eabi/10.3.1/../../../../arm-none-eabi/lib/thumb/v7e-m+dp/hard\libc_nano.a(lib_a-lock.o)
                0x0800dd68                __retarget_lock_acquire_recursive
 .text.__retarget_lock_release_recursive
                0x0800dd6a        0x2 e:/gnu_tools/gnu arm embedded toolchain/10 2021.10/bin/../lib/gcc/arm-none-eabi/10.3.1/../../../../arm-none-eabi/lib/thumb/v7e-m+dp/hard\libc_nano.a(lib_a-lock.o)
                0x0800dd6a                __retarget_lock_release_recursive
 .text.__swhatbuf_r
                0x0800dd6c       0x4a e:/gnu_tools/gnu arm embedded toolchain/10 2021.10/bin/../lib/gcc/arm-none-eabi/10.3.1/../../../../arm-none-eabi/lib/thumb/v7e-m+dp/hard\libc_nano.a(lib_a-makebuf.o)
                0x0800dd6c                __swhatbuf_r
 *fill*         0x0800ddb6        0x2 
 .text.__smakebuf_r
                0x0800ddb8       0x80 e:/gnu_tools/gnu arm embedded toolchain/10 2021.10/bin/../lib/gcc/arm-none-eabi/10.3.1/../../../../arm-none-eabi/lib/thumb/v7e-m+dp/hard\libc_nano.a(lib_a-makebuf.o)
                0x0800ddb8                __smakebuf_r
 .text._malloc_usable_size_r
                0x0800de38       0x10 e:/gnu_tools/gnu arm embedded toolchain/10 2021.10/bin/../lib/gcc/arm-none-eabi/10.3.1/../../../../arm-none-eabi/lib/thumb/v7e-m+dp/hard\libc_nano.a(lib_a-nano-msizer.o)
                0x0800de38                _malloc_usable_size_r
 .text._raise_r
                0x0800de48       0x50 e:/gnu_tools/gnu arm embedded toolchain/10 2021.10/bin/../lib/gcc/arm-none-eabi/10.3.1/../../../../arm-none-eabi/lib/thumb/v7e-m+dp/hard\libc_nano.a(lib_a-signal.o)
                0x0800de48                _raise_r
 .text.raise    0x0800de98       0x10 e:/gnu_tools/gnu arm embedded toolchain/10 2021.10/bin/../lib/gcc/arm-none-eabi/10.3.1/../../../../arm-none-eabi/lib/thumb/v7e-m+dp/hard\libc_nano.a(lib_a-signal.o)
                0x0800de98                raise
 .text._kill_r  0x0800dea8       0x24 e:/gnu_tools/gnu arm embedded toolchain/10 2021.10/bin/../lib/gcc/arm-none-eabi/10.3.1/../../../../arm-none-eabi/lib/thumb/v7e-m+dp/hard\libc_nano.a(lib_a-signalr.o)
                0x0800dea8                _kill_r
 .text._getpid_r
                0x0800decc        0x4 e:/gnu_tools/gnu arm embedded toolchain/10 2021.10/bin/../lib/gcc/arm-none-eabi/10.3.1/../../../../arm-none-eabi/lib/thumb/v7e-m+dp/hard\libc_nano.a(lib_a-signalr.o)
                0x0800decc                _getpid_r
 .text.__sread  0x0800ded0       0x22 e:/gnu_tools/gnu arm embedded toolchain/10 2021.10/bin/../lib/gcc/arm-none-eabi/10.3.1/../../../../arm-none-eabi/lib/thumb/v7e-m+dp/hard\libc_nano.a(lib_a-stdio.o)
                0x0800ded0                __sread
 .text.__swrite
                0x0800def2       0x38 e:/gnu_tools/gnu arm embedded toolchain/10 2021.10/bin/../lib/gcc/arm-none-eabi/10.3.1/../../../../arm-none-eabi/lib/thumb/v7e-m+dp/hard\libc_nano.a(lib_a-stdio.o)
                0x0800def2                __swrite
 .text.__sseek  0x0800df2a       0x24 e:/gnu_tools/gnu arm embedded toolchain/10 2021.10/bin/../lib/gcc/arm-none-eabi/10.3.1/../../../../arm-none-eabi/lib/thumb/v7e-m+dp/hard\libc_nano.a(lib_a-stdio.o)
                0x0800df2a                __sseek
 .text.__sclose
                0x0800df4e        0x8 e:/gnu_tools/gnu arm embedded toolchain/10 2021.10/bin/../lib/gcc/arm-none-eabi/10.3.1/../../../../arm-none-eabi/lib/thumb/v7e-m+dp/hard\libc_nano.a(lib_a-stdio.o)
                0x0800df4e                __sclose
 *fill*         0x0800df56        0x2 
 .text._write_r
                0x0800df58       0x24 e:/gnu_tools/gnu arm embedded toolchain/10 2021.10/bin/../lib/gcc/arm-none-eabi/10.3.1/../../../../arm-none-eabi/lib/thumb/v7e-m+dp/hard\libc_nano.a(lib_a-writer.o)
                0x0800df58                _write_r
 .text._close_r
                0x0800df7c       0x20 e:/gnu_tools/gnu arm embedded toolchain/10 2021.10/bin/../lib/gcc/arm-none-eabi/10.3.1/../../../../arm-none-eabi/lib/thumb/v7e-m+dp/hard\libc_nano.a(lib_a-closer.o)
                0x0800df7c                _close_r
 .text._fstat_r
                0x0800df9c       0x24 e:/gnu_tools/gnu arm embedded toolchain/10 2021.10/bin/../lib/gcc/arm-none-eabi/10.3.1/../../../../arm-none-eabi/lib/thumb/v7e-m+dp/hard\libc_nano.a(lib_a-fstatr.o)
                0x0800df9c                _fstat_r
 .text._isatty_r
                0x0800dfc0       0x20 e:/gnu_tools/gnu arm embedded toolchain/10 2021.10/bin/../lib/gcc/arm-none-eabi/10.3.1/../../../../arm-none-eabi/lib/thumb/v7e-m+dp/hard\libc_nano.a(lib_a-isattyr.o)
                0x0800dfc0                _isatty_r
 .text._lseek_r
                0x0800dfe0       0x24 e:/gnu_tools/gnu arm embedded toolchain/10 2021.10/bin/../lib/gcc/arm-none-eabi/10.3.1/../../../../arm-none-eabi/lib/thumb/v7e-m+dp/hard\libc_nano.a(lib_a-lseekr.o)
                0x0800dfe0                _lseek_r
 .text._read_r  0x0800e004       0x24 e:/gnu_tools/gnu arm embedded toolchain/10 2021.10/bin/../lib/gcc/arm-none-eabi/10.3.1/../../../../arm-none-eabi/lib/thumb/v7e-m+dp/hard\libc_nano.a(lib_a-readr.o)
                0x0800e004                _read_r
 .text.cos      0x0800e028       0x80 e:/gnu_tools/gnu arm embedded toolchain/10 2021.10/bin/../lib/gcc/arm-none-eabi/10.3.1/../../../../arm-none-eabi/lib/thumb/v7e-m+dp/hard\libm.a(lib_a-s_cos.o)
                0x0800e028                cos
 .text.sin      0x0800e0a8       0x80 e:/gnu_tools/gnu arm embedded toolchain/10 2021.10/bin/../lib/gcc/arm-none-eabi/10.3.1/../../../../arm-none-eabi/lib/thumb/v7e-m+dp/hard\libm.a(lib_a-s_sin.o)
                0x0800e0a8                sin
 .text.atan2    0x0800e128        0x4 e:/gnu_tools/gnu arm embedded toolchain/10 2021.10/bin/../lib/gcc/arm-none-eabi/10.3.1/../../../../arm-none-eabi/lib/thumb/v7e-m+dp/hard\libm.a(lib_a-w_atan2.o)
                0x0800e128                atan2
 *fill*         0x0800e12c        0x4 
 .text.__ieee754_atan2
                0x0800e130      0x19c e:/gnu_tools/gnu arm embedded toolchain/10 2021.10/bin/../lib/gcc/arm-none-eabi/10.3.1/../../../../arm-none-eabi/lib/thumb/v7e-m+dp/hard\libm.a(lib_a-e_atan2.o)
                0x0800e130                __ieee754_atan2
 *fill*         0x0800e2cc        0x4 
 .text.__ieee754_rem_pio2
                0x0800e2d0      0x294 e:/gnu_tools/gnu arm embedded toolchain/10 2021.10/bin/../lib/gcc/arm-none-eabi/10.3.1/../../../../arm-none-eabi/lib/thumb/v7e-m+dp/hard\libm.a(lib_a-e_rem_pio2.o)
                0x0800e2d0                __ieee754_rem_pio2
 *fill*         0x0800e564        0x4 
 .text.__kernel_cos
                0x0800e568      0x130 e:/gnu_tools/gnu arm embedded toolchain/10 2021.10/bin/../lib/gcc/arm-none-eabi/10.3.1/../../../../arm-none-eabi/lib/thumb/v7e-m+dp/hard\libm.a(lib_a-k_cos.o)
                0x0800e568                __kernel_cos
 .text.__kernel_rem_pio2
                0x0800e698      0x6b0 e:/gnu_tools/gnu arm embedded toolchain/10 2021.10/bin/../lib/gcc/arm-none-eabi/10.3.1/../../../../arm-none-eabi/lib/thumb/v7e-m+dp/hard\libm.a(lib_a-k_rem_pio2.o)
                0x0800e698                __kernel_rem_pio2
 .text.__kernel_sin
                0x0800ed48       0xb0 e:/gnu_tools/gnu arm embedded toolchain/10 2021.10/bin/../lib/gcc/arm-none-eabi/10.3.1/../../../../arm-none-eabi/lib/thumb/v7e-m+dp/hard\libm.a(lib_a-k_sin.o)
                0x0800ed48                __kernel_sin
 .text.atan     0x0800edf8      0x20c e:/gnu_tools/gnu arm embedded toolchain/10 2021.10/bin/../lib/gcc/arm-none-eabi/10.3.1/../../../../arm-none-eabi/lib/thumb/v7e-m+dp/hard\libm.a(lib_a-s_atan.o)
                0x0800edf8                atan
 .text.fabs     0x0800f004       0x14 e:/gnu_tools/gnu arm embedded toolchain/10 2021.10/bin/../lib/gcc/arm-none-eabi/10.3.1/../../../../arm-none-eabi/lib/thumb/v7e-m+dp/hard\libm.a(lib_a-s_fabs.o)
                0x0800f004                fabs
 .text.floor    0x0800f018      0x108 e:/gnu_tools/gnu arm embedded toolchain/10 2021.10/bin/../lib/gcc/arm-none-eabi/10.3.1/../../../../arm-none-eabi/lib/thumb/v7e-m+dp/hard\libm.a(lib_a-s_floor.o)
                0x0800f018                floor
 .text.scalbn   0x0800f120      0x10c e:/gnu_tools/gnu arm embedded toolchain/10 2021.10/bin/../lib/gcc/arm-none-eabi/10.3.1/../../../../arm-none-eabi/lib/thumb/v7e-m+dp/hard\libm.a(lib_a-s_scalbn.o)
                0x0800f120                scalbn
 .text._close   0x0800f22c       0x10 e:/gnu_tools/gnu arm embedded toolchain/10 2021.10/bin/../lib/gcc/arm-none-eabi/10.3.1/../../../../arm-none-eabi/lib/thumb/v7e-m+dp/hard\libnosys.a(close.o)
                0x0800f22c                _close
 .text._fstat   0x0800f23c       0x10 e:/gnu_tools/gnu arm embedded toolchain/10 2021.10/bin/../lib/gcc/arm-none-eabi/10.3.1/../../../../arm-none-eabi/lib/thumb/v7e-m+dp/hard\libnosys.a(fstat.o)
                0x0800f23c                _fstat
 .text._getpid  0x0800f24c       0x10 e:/gnu_tools/gnu arm embedded toolchain/10 2021.10/bin/../lib/gcc/arm-none-eabi/10.3.1/../../../../arm-none-eabi/lib/thumb/v7e-m+dp/hard\libnosys.a(getpid.o)
                0x0800f24c                _getpid
 .text._isatty  0x0800f25c       0x10 e:/gnu_tools/gnu arm embedded toolchain/10 2021.10/bin/../lib/gcc/arm-none-eabi/10.3.1/../../../../arm-none-eabi/lib/thumb/v7e-m+dp/hard\libnosys.a(isatty.o)
                0x0800f25c                _isatty
 .text._kill    0x0800f26c       0x10 e:/gnu_tools/gnu arm embedded toolchain/10 2021.10/bin/../lib/gcc/arm-none-eabi/10.3.1/../../../../arm-none-eabi/lib/thumb/v7e-m+dp/hard\libnosys.a(kill.o)
                0x0800f26c                _kill
 .text._lseek   0x0800f27c       0x10 e:/gnu_tools/gnu arm embedded toolchain/10 2021.10/bin/../lib/gcc/arm-none-eabi/10.3.1/../../../../arm-none-eabi/lib/thumb/v7e-m+dp/hard\libnosys.a(lseek.o)
                0x0800f27c                _lseek
 .text._read    0x0800f28c       0x10 e:/gnu_tools/gnu arm embedded toolchain/10 2021.10/bin/../lib/gcc/arm-none-eabi/10.3.1/../../../../arm-none-eabi/lib/thumb/v7e-m+dp/hard\libnosys.a(read.o)
                0x0800f28c                _read
 .text._sbrk    0x0800f29c       0x1c e:/gnu_tools/gnu arm embedded toolchain/10 2021.10/bin/../lib/gcc/arm-none-eabi/10.3.1/../../../../arm-none-eabi/lib/thumb/v7e-m+dp/hard\libnosys.a(sbrk.o)
                0x0800f29c                _sbrk
 .text._write   0x0800f2b8       0x10 e:/gnu_tools/gnu arm embedded toolchain/10 2021.10/bin/../lib/gcc/arm-none-eabi/10.3.1/../../../../arm-none-eabi/lib/thumb/v7e-m+dp/hard\libnosys.a(write.o)
                0x0800f2b8                _write
 .text._exit    0x0800f2c8        0x4 e:/gnu_tools/gnu arm embedded toolchain/10 2021.10/bin/../lib/gcc/arm-none-eabi/10.3.1/../../../../arm-none-eabi/lib/thumb/v7e-m+dp/hard\libnosys.a(_exit.o)
                0x0800f2c8                _exit
 *(.glue_7)
 .glue_7        0x0800f2cc        0x0 linker stubs
 *(.glue_7t)
 .glue_7t       0x0800f2cc        0x0 linker stubs
 *(.eh_frame)
 .eh_frame      0x0800f2cc        0x0 e:/gnu_tools/gnu arm embedded toolchain/10 2021.10/bin/../lib/gcc/arm-none-eabi/10.3.1/thumb/v7e-m+dp/hard/crtbegin.o
 *(.init)
 .init          0x0800f2cc        0x4 e:/gnu_tools/gnu arm embedded toolchain/10 2021.10/bin/../lib/gcc/arm-none-eabi/10.3.1/thumb/v7e-m+dp/hard/crti.o
                0x0800f2cc                _init
 .init          0x0800f2d0        0x8 e:/gnu_tools/gnu arm embedded toolchain/10 2021.10/bin/../lib/gcc/arm-none-eabi/10.3.1/thumb/v7e-m+dp/hard/crtn.o
 *(.fini)
 .fini          0x0800f2d8        0x4 e:/gnu_tools/gnu arm embedded toolchain/10 2021.10/bin/../lib/gcc/arm-none-eabi/10.3.1/thumb/v7e-m+dp/hard/crti.o
                0x0800f2d8                _fini
 .fini          0x0800f2dc        0x8 e:/gnu_tools/gnu arm embedded toolchain/10 2021.10/bin/../lib/gcc/arm-none-eabi/10.3.1/thumb/v7e-m+dp/hard/crtn.o
                0x0800f2e4                . = ALIGN (0x4)
                0x0800f2e4                _etext = .

.vfp11_veneer   0x0800f2e4        0x0
 .vfp11_veneer  0x0800f2e4        0x0 linker stubs

.v4_bx          0x0800f2e4        0x0
 .v4_bx         0x0800f2e4        0x0 linker stubs

.iplt           0x0800f2e4        0x0
 .iplt          0x0800f2e4        0x0 e:/gnu_tools/gnu arm embedded toolchain/10 2021.10/bin/../lib/gcc/arm-none-eabi/10.3.1/thumb/v7e-m+dp/hard/crtbegin.o

.rodata         0x0800f2e8      0x850
                0x0800f2e8                . = ALIGN (0x4)
 *(.rodata)
 .rodata        0x0800f2e8       0x19 .build/BLE_Comm.o
 *(.rodata*)
 *fill*         0x0800f301        0x3 
 .rodata.ReceiveDataHandler.str1.4
                0x0800f304      0x103 .build/BLE_Comm.o
 *fill*         0x0800f407        0x1 
 .rodata.LF_MngrTask.str1.4
                0x0800f408       0x81 .build/LF_Menager.o
 *fill*         0x0800f489        0x3 
 .rodata.D1CorePrescTable
                0x0800f48c       0x10 .build/system_stm32h7xx.o
                0x0800f48c                D1CorePrescTable
 .rodata.flagBitshiftOffset.0
                0x0800f49c        0x8 .build/stm32h7xx_hal_dma.o
 .rodata.UARTPrescTable
                0x0800f4a4       0x18 .build/stm32h7xx_hal_uart.o
                0x0800f4a4                UARTPrescTable
 .rodata.denominator.0
                0x0800f4bc        0x8 .build/stm32h7xx_hal_uart_ex.o
 .rodata.numerator.1
                0x0800f4c4        0x8 .build/stm32h7xx_hal_uart_ex.o
 .rodata._global_impure_ptr
                0x0800f4cc        0x4 e:/gnu_tools/gnu arm embedded toolchain/10 2021.10/bin/../lib/gcc/arm-none-eabi/10.3.1/../../../../arm-none-eabi/lib/thumb/v7e-m+dp/hard\libc_nano.a(lib_a-impure.o)
                0x0800f4cc                _global_impure_ptr
 .rodata._printf_float.str1.1
                0x0800f4d0       0x12 e:/gnu_tools/gnu arm embedded toolchain/10 2021.10/bin/../lib/gcc/arm-none-eabi/10.3.1/../../../../arm-none-eabi/lib/thumb/v7e-m+dp/hard\libc_nano.a(lib_a-nano-vfprintf_float.o)
 .rodata._printf_i.str1.1
                0x0800f4e2       0x22 e:/gnu_tools/gnu arm embedded toolchain/10 2021.10/bin/../lib/gcc/arm-none-eabi/10.3.1/../../../../arm-none-eabi/lib/thumb/v7e-m+dp/hard\libc_nano.a(lib_a-nano-vfprintf_i.o)
 .rodata._dtoa_r.str1.1
                0x0800f504       0xb3 e:/gnu_tools/gnu arm embedded toolchain/10 2021.10/bin/../lib/gcc/arm-none-eabi/10.3.1/../../../../arm-none-eabi/lib/thumb/v7e-m+dp/hard\libc_nano.a(lib_a-dtoa.o)
                                 0xb5 (size before relaxing)
 .rodata._Balloc.str1.1
                0x0800f5b7       0x7f e:/gnu_tools/gnu arm embedded toolchain/10 2021.10/bin/../lib/gcc/arm-none-eabi/10.3.1/../../../../arm-none-eabi/lib/thumb/v7e-m+dp/hard\libc_nano.a(lib_a-mprec.o)
                                 0x96 (size before relaxing)
 .rodata.__multadd.str1.1
                0x0800f636       0x11 e:/gnu_tools/gnu arm embedded toolchain/10 2021.10/bin/../lib/gcc/arm-none-eabi/10.3.1/../../../../arm-none-eabi/lib/thumb/v7e-m+dp/hard\libc_nano.a(lib_a-mprec.o)
 *fill*         0x0800f636        0x2 
 .rodata.__mprec_bigtens
                0x0800f638       0x28 e:/gnu_tools/gnu arm embedded toolchain/10 2021.10/bin/../lib/gcc/arm-none-eabi/10.3.1/../../../../arm-none-eabi/lib/thumb/v7e-m+dp/hard\libc_nano.a(lib_a-mprec.o)
                0x0800f638                __mprec_bigtens
 .rodata.__mprec_tens
                0x0800f660       0xc8 e:/gnu_tools/gnu arm embedded toolchain/10 2021.10/bin/../lib/gcc/arm-none-eabi/10.3.1/../../../../arm-none-eabi/lib/thumb/v7e-m+dp/hard\libc_nano.a(lib_a-mprec.o)
                0x0800f660                __mprec_tens
 .rodata.p05.0  0x0800f728        0xc e:/gnu_tools/gnu arm embedded toolchain/10 2021.10/bin/../lib/gcc/arm-none-eabi/10.3.1/../../../../arm-none-eabi/lib/thumb/v7e-m+dp/hard\libc_nano.a(lib_a-mprec.o)
 .rodata._svfprintf_r.str1.1
                0x0800f734       0x11 e:/gnu_tools/gnu arm embedded toolchain/10 2021.10/bin/../lib/gcc/arm-none-eabi/10.3.1/../../../../arm-none-eabi/lib/thumb/v7e-m+dp/hard\libc_nano.a(lib_a-nano-svfprintf.o)
 .rodata.__assert_func.str1.1
                0x0800f745       0x3c e:/gnu_tools/gnu arm embedded toolchain/10 2021.10/bin/../lib/gcc/arm-none-eabi/10.3.1/../../../../arm-none-eabi/lib/thumb/v7e-m+dp/hard\libc_nano.a(lib_a-assert.o)
                                 0x3d (size before relaxing)
 .rodata._setlocale_r.str1.1
                0x0800f781        0x8 e:/gnu_tools/gnu arm embedded toolchain/10 2021.10/bin/../lib/gcc/arm-none-eabi/10.3.1/../../../../arm-none-eabi/lib/thumb/v7e-m+dp/hard\libc_nano.a(lib_a-locale.o)
                                  0x9 (size before relaxing)
 .rodata.str1.1
                0x0800f789        0x2 e:/gnu_tools/gnu arm embedded toolchain/10 2021.10/bin/../lib/gcc/arm-none-eabi/10.3.1/../../../../arm-none-eabi/lib/thumb/v7e-m+dp/hard\libc_nano.a(lib_a-locale.o)
 .rodata._vfprintf_r.str1.1
                0x0800f78b       0x11 e:/gnu_tools/gnu arm embedded toolchain/10 2021.10/bin/../lib/gcc/arm-none-eabi/10.3.1/../../../../arm-none-eabi/lib/thumb/v7e-m+dp/hard\libc_nano.a(lib_a-nano-vfprintf.o)
 .rodata._ctype_
                0x0800f78b      0x101 e:/gnu_tools/gnu arm embedded toolchain/10 2021.10/bin/../lib/gcc/arm-none-eabi/10.3.1/../../../../arm-none-eabi/lib/thumb/v7e-m+dp/hard\libc_nano.a(lib_a-ctype_.o)
                0x0800f78b                _ctype_
 .rodata.__sf_fake_stderr
                0x0800f88c       0x20 e:/gnu_tools/gnu arm embedded toolchain/10 2021.10/bin/../lib/gcc/arm-none-eabi/10.3.1/../../../../arm-none-eabi/lib/thumb/v7e-m+dp/hard\libc_nano.a(lib_a-findfp.o)
                0x0800f88c                __sf_fake_stderr
 .rodata.__sf_fake_stdin
                0x0800f8ac       0x20 e:/gnu_tools/gnu arm embedded toolchain/10 2021.10/bin/../lib/gcc/arm-none-eabi/10.3.1/../../../../arm-none-eabi/lib/thumb/v7e-m+dp/hard\libc_nano.a(lib_a-findfp.o)
                0x0800f8ac                __sf_fake_stdin
 .rodata.__sf_fake_stdout
                0x0800f8cc       0x20 e:/gnu_tools/gnu arm embedded toolchain/10 2021.10/bin/../lib/gcc/arm-none-eabi/10.3.1/../../../../arm-none-eabi/lib/thumb/v7e-m+dp/hard\libc_nano.a(lib_a-findfp.o)
                0x0800f8cc                __sf_fake_stdout
 *fill*         0x0800f8ec        0x4 
 .rodata.CSWTCH.8
                0x0800f8f0       0x18 e:/gnu_tools/gnu arm embedded toolchain/10 2021.10/bin/../lib/gcc/arm-none-eabi/10.3.1/../../../../arm-none-eabi/lib/thumb/v7e-m+dp/hard\libm.a(lib_a-e_atan2.o)
 .rodata.CSWTCH.9
                0x0800f908       0x18 e:/gnu_tools/gnu arm embedded toolchain/10 2021.10/bin/../lib/gcc/arm-none-eabi/10.3.1/../../../../arm-none-eabi/lib/thumb/v7e-m+dp/hard\libm.a(lib_a-e_atan2.o)
 .rodata.npio2_hw
                0x0800f920       0x80 e:/gnu_tools/gnu arm embedded toolchain/10 2021.10/bin/../lib/gcc/arm-none-eabi/10.3.1/../../../../arm-none-eabi/lib/thumb/v7e-m+dp/hard\libm.a(lib_a-e_rem_pio2.o)
 .rodata.two_over_pi
                0x0800f9a0      0x108 e:/gnu_tools/gnu arm embedded toolchain/10 2021.10/bin/../lib/gcc/arm-none-eabi/10.3.1/../../../../arm-none-eabi/lib/thumb/v7e-m+dp/hard\libm.a(lib_a-e_rem_pio2.o)
 .rodata.PIo2   0x0800faa8       0x40 e:/gnu_tools/gnu arm embedded toolchain/10 2021.10/bin/../lib/gcc/arm-none-eabi/10.3.1/../../../../arm-none-eabi/lib/thumb/v7e-m+dp/hard\libm.a(lib_a-k_rem_pio2.o)
 .rodata.init_jk
                0x0800fae8       0x10 e:/gnu_tools/gnu arm embedded toolchain/10 2021.10/bin/../lib/gcc/arm-none-eabi/10.3.1/../../../../arm-none-eabi/lib/thumb/v7e-m+dp/hard\libm.a(lib_a-k_rem_pio2.o)
 .rodata.atanhi
                0x0800faf8       0x20 e:/gnu_tools/gnu arm embedded toolchain/10 2021.10/bin/../lib/gcc/arm-none-eabi/10.3.1/../../../../arm-none-eabi/lib/thumb/v7e-m+dp/hard\libm.a(lib_a-s_atan.o)
 .rodata.atanlo
                0x0800fb18       0x20 e:/gnu_tools/gnu arm embedded toolchain/10 2021.10/bin/../lib/gcc/arm-none-eabi/10.3.1/../../../../arm-none-eabi/lib/thumb/v7e-m+dp/hard\libm.a(lib_a-s_atan.o)
                0x0800fb38                . = ALIGN (0x4)

.ARM.extab
 *(.ARM.extab* .gnu.linkonce.armextab.*)

.ARM            0x0800fb38        0x8
                0x0800fb38                __exidx_start = .
 *(.ARM.exidx*)
 .ARM.exidx     0x0800fb38        0x8 e:/gnu_tools/gnu arm embedded toolchain/10 2021.10/bin/../lib/gcc/arm-none-eabi/10.3.1/thumb/v7e-m+dp/hard\libgcc.a(_udivmoddi4.o)
                0x0800fb40                __exidx_end = .

.rel.dyn        0x0800fb40        0x0
 .rel.iplt      0x0800fb40        0x0 e:/gnu_tools/gnu arm embedded toolchain/10 2021.10/bin/../lib/gcc/arm-none-eabi/10.3.1/thumb/v7e-m+dp/hard/crtbegin.o

.preinit_array  0x0800fb40        0x0
                0x0800fb40                PROVIDE (__preinit_array_start = .)
 *(.preinit_array*)
                0x0800fb40                PROVIDE (__preinit_array_end = .)

.init_array     0x0800fb40        0x4
                0x0800fb40                PROVIDE (__init_array_start = .)
 *(SORT_BY_NAME(.init_array.*))
 *(.init_array*)
 .init_array    0x0800fb40        0x4 e:/gnu_tools/gnu arm embedded toolchain/10 2021.10/bin/../lib/gcc/arm-none-eabi/10.3.1/thumb/v7e-m+dp/hard/crtbegin.o
                0x0800fb44                PROVIDE (__init_array_end = .)

.fini_array     0x0800fb44        0x4
                [!provide]                PROVIDE (__fini_array_start = .)
 *(SORT_BY_NAME(.fini_array.*))
 *(.fini_array*)
 .fini_array    0x0800fb44        0x4 e:/gnu_tools/gnu arm embedded toolchain/10 2021.10/bin/../lib/gcc/arm-none-eabi/10.3.1/thumb/v7e-m+dp/hard/crtbegin.o
                [!provide]                PROVIDE (__fini_array_end = .)
                0x0800fb48                _sidata = LOADADDR (.data)

.data           0x24000000      0x218 load address 0x0800fb48
                0x24000000                . = ALIGN (0x4)
                0x24000000                _sdata = .
 *(.data)
 *(.data*)
 .data.SyncIdIter.22
                0x24000000        0x1 .build/BLE_Comm.o
 *fill*         0x24000001        0x3 
 .data.EncHandlerDescr
                0x24000004       0x34 .build/EncodersHandler.o
                0x24000004                EncHandlerDescr
 .data.SystemCoreClock
                0x24000038        0x4 .build/system_stm32h7xx.o
                0x24000038                SystemCoreClock
 .data.SystemD2Clock
                0x2400003c        0x4 .build/system_stm32h7xx.o
                0x2400003c                SystemD2Clock
 .data.uwTickFreq
                0x24000040        0x1 .build/stm32h7xx_hal.o
                0x24000040                uwTickFreq
 *fill*         0x24000041        0x3 
 .data.uwTickPrio
                0x24000044        0x4 .build/stm32h7xx_hal.o
                0x24000044                uwTickPrio
 .data._impure_ptr
                0x24000048        0x4 e:/gnu_tools/gnu arm embedded toolchain/10 2021.10/bin/../lib/gcc/arm-none-eabi/10.3.1/../../../../arm-none-eabi/lib/thumb/v7e-m+dp/hard\libc_nano.a(lib_a-impure.o)
                0x24000048                _impure_ptr
 .data.impure_data
                0x2400004c       0x60 e:/gnu_tools/gnu arm embedded toolchain/10 2021.10/bin/../lib/gcc/arm-none-eabi/10.3.1/../../../../arm-none-eabi/lib/thumb/v7e-m+dp/hard\libc_nano.a(lib_a-impure.o)
 .data.__global_locale
                0x240000ac      0x16c e:/gnu_tools/gnu arm embedded toolchain/10 2021.10/bin/../lib/gcc/arm-none-eabi/10.3.1/../../../../arm-none-eabi/lib/thumb/v7e-m+dp/hard\libc_nano.a(lib_a-locale.o)
                0x240000ac                __global_locale
 *(.RamFunc)
 *(.RamFunc*)
                0x24000218                . = ALIGN (0x4)
                0x24000218                _edata = .

.igot.plt       0x24000218        0x0 load address 0x0800fd60
 .igot.plt      0x24000218        0x0 e:/gnu_tools/gnu arm embedded toolchain/10 2021.10/bin/../lib/gcc/arm-none-eabi/10.3.1/thumb/v7e-m+dp/hard/crtbegin.o
                0x24000218                . = ALIGN (0x4)

.bss            0x24000218    0x2f5e4 load address 0x0800fd60
                0x24000218                _sbss = .
                0x24000218                __bss_start__ = _sbss
 *(.bss)
 .bss           0x24000218       0x1c e:/gnu_tools/gnu arm embedded toolchain/10 2021.10/bin/../lib/gcc/arm-none-eabi/10.3.1/thumb/v7e-m+dp/hard/crtbegin.o
 *(.bss*)
 .bss.BLE_StatisticTimer.4
                0x24000234        0x4 .build/BLE_Comm.o
 .bss.BaseMotSpd.15
                0x24000238        0x4 .build/BLE_Comm.o
 .bss.BleMainReceiveMessagesTab
                0x2400023c     0x1770 .build/BLE_Comm.o
 .bss.BleMainReceiveRingBuffer
                0x240019ac       0xcc .build/BLE_Comm.o
 .bss.BleMainTransmitMessagesTab
                0x24001a78    0x2bf20 .build/BLE_Comm.o
 .bss.BleMainTransmitRingBuffer
                0x2402d998      0xbbc .build/BLE_Comm.o
 .bss.DefaultBlindBuffer.24
                0x2402e554       0x14 .build/BLE_Comm.o
 .bss.ExtraShifter.20
                0x2402e568        0x4 .build/BLE_Comm.o
 .bss.InternalRobotState
                0x2402e56c        0x1 .build/BLE_Comm.o
 *fill*         0x2402e56d        0x3 
 .bss.LastMessageTime
                0x2402e570        0x4 .build/BLE_Comm.o
 .bss.LastReadRingBufferTime.17
                0x2402e574        0x4 .build/BLE_Comm.o
 .bss.LedState.14
                0x2402e578        0x4 .build/BLE_Comm.o
 .bss.LogDroppedFlag
                0x2402e57c        0x1 .build/BLE_Comm.o
 .bss.LoggingState
                0x2402e57d        0x1 .build/BLE_Comm.o
 .bss.MainRingBufferOverFlowCounter.2
                0x2402e57e        0x2 .build/BLE_Comm.o
 .bss.ManualCtrlRequestCallBackPointer
                0x2402e580        0x4 .build/BLE_Comm.o
 .bss.NewestLfDataReport
                0x2402e584       0x3c .build/BLE_Comm.o
 .bss.NvmDataUpdatedFlag.16
                0x2402e5c0        0x1 .build/BLE_Comm.o
 *fill*         0x2402e5c1        0x3 
 .bss.NvmUpdateCallBacks
                0x2402e5c4       0x28 .build/BLE_Comm.o
 .bss.OneImpDist.12
                0x2402e5ec        0x4 .build/BLE_Comm.o
 .bss.PreviousReportTransmitTime.19
                0x2402e5f0        0x4 .build/BLE_Comm.o
 .bss.ProbeIterator.23
                0x2402e5f4        0x2 .build/BLE_Comm.o
 *fill*         0x2402e5f6        0x2 
 .bss.RingBufferStatisticsHolder.3
                0x2402e5f8       0x14 .build/BLE_Comm.o
 .bss.SimFakeXY_MapDat
                0x2402e60c      0xbb8 .build/BLE_Comm.o
                0x2402e60c                SimFakeXY_MapDat
 .bss.SyncId.0  0x2402f1c4        0x1 .build/BLE_Comm.o
 .bss.SyncIdStat.1
                0x2402f1c5        0x1 .build/BLE_Comm.o
 .bss.TransmisstedMessagesCounter
                0x2402f1c6        0x2 .build/BLE_Comm.o
 .bss.TransmitWindowActiv.5
                0x2402f1c8        0x1 .build/BLE_Comm.o
 *fill*         0x2402f1c9        0x3 
 .bss.TryDetEndLine.13
                0x2402f1cc        0x4 .build/BLE_Comm.o
 .bss.UartBusyCounter
                0x2402f1d0        0x2 .build/BLE_Comm.o
 *fill*         0x2402f1d2        0x2 
 .bss.WaveHelper.21
                0x2402f1d4        0x4 .build/BLE_Comm.o
 .bss.WheelBase.11
                0x2402f1d8        0x4 .build/BLE_Comm.o
 .bss._SyncID.10
                0x2402f1dc        0x1 .build/BLE_Comm.o
 .bss._SyncID.18
                0x2402f1dd        0x1 .build/BLE_Comm.o
 .bss._SyncID.6
                0x2402f1de        0x1 .build/BLE_Comm.o
 .bss._SyncID.7
                0x2402f1df        0x1 .build/BLE_Comm.o
 .bss._SyncID.8
                0x2402f1e0        0x1 .build/BLE_Comm.o
 .bss._SyncID.9
                0x2402f1e1        0x1 .build/BLE_Comm.o
 *fill*         0x2402f1e2        0x2 
 .bss.EncodersSavedTime.0
                0x2402f1e4        0x4 .build/EncodersHandler.o
 .bss.RobotPosition
                0x2402f1e8       0x18 .build/EncodersHandler.o
                0x2402f1e8                RobotPosition
 .bss.LinePid   0x2402f200       0x58 .build/LF_LinePid.o
                0x2402f200                LinePid
 .bss.PreviousPositionErrorValue.0
                0x2402f258        0x4 .build/LF_LinePid.o
 .bss.SavedTime_PID_Reg.1
                0x2402f25c        0x4 .build/LF_LinePid.o
 .bss.DrivingStartTime.1
                0x2402f260        0x4 .build/LF_Menager.o
 .bss.Robot_Cntrl
                0x2402f264       0x1c .build/LF_Menager.o
                0x2402f264                Robot_Cntrl
 .bss.RotDirection
                0x2402f280        0x1 .build/LF_Menager.o
                0x2402f280                RotDirection
 *fill*         0x2402f281        0x3 