Archive member included to satisfy reference by file (symbol)

e:/gnu_tools/gnu arm embedded toolchain/10 2021.10/bin/../lib/gcc/arm-none-eabi/10.3.1/../../../../arm-none-eabi/lib/thumb/v7e-m+dp/hard\libc_nano.a(lib_a-exit.o)
                              e:/gnu_tools/gnu arm embedded toolchain/10 2021.10/bin/../lib/gcc/arm-none-eabi/10.3.1/../../../../arm-none-eabi/lib/thumb/v7e-m+dp/hard/crt0.o (exit)
e:/gnu_tools/gnu arm embedded toolchain/10 2021.10/bin/../lib/gcc/arm-none-eabi/10.3.1/../../../../arm-none-eabi/lib/thumb/v7e-m+dp/hard\libc_nano.a(lib_a-impure.o)
                              e:/gnu_tools/gnu arm embedded toolchain/10 2021.10/bin/../lib/gcc/arm-none-eabi/10.3.1/../../../../arm-none-eabi/lib/thumb/v7e-m+dp/hard\libc_nano.a(lib_a-exit.o) (_global_impure_ptr)
e:/gnu_tools/gnu arm embedded toolchain/10 2021.10/bin/../lib/gcc/arm-none-eabi/10.3.1/../../../../arm-none-eabi/lib/thumb/v7e-m+dp/hard\libc_nano.a(lib_a-init.o)
                              e:/gnu_tools/gnu arm embedded toolchain/10 2021.10/bin/../lib/gcc/arm-none-eabi/10.3.1/../../../../arm-none-eabi/lib/thumb/v7e-m+dp/hard/crt0.o (__libc_init_array)
e:/gnu_tools/gnu arm embedded toolchain/10 2021.10/bin/../lib/gcc/arm-none-eabi/10.3.1/../../../../arm-none-eabi/lib/thumb/v7e-m+dp/hard\libc_nano.a(lib_a-memcpy-stub.o)
                              .build/BluetoothClassicComm.o (memcpy)
e:/gnu_tools/gnu arm embedded toolchain/10 2021.10/bin/../lib/gcc/arm-none-eabi/10.3.1/../../../../arm-none-eabi/lib/thumb/v7e-m+dp/hard\libc_nano.a(lib_a-memset.o)
                              e:/gnu_tools/gnu arm embedded toolchain/10 2021.10/bin/../lib/gcc/arm-none-eabi/10.3.1/../../../../arm-none-eabi/lib/thumb/v7e-m+dp/hard/crt0.o (memset)
e:/gnu_tools/gnu arm embedded toolchain/10 2021.10/bin/../lib/gcc/arm-none-eabi/10.3.1/../../../../arm-none-eabi/lib/thumb/v7e-m+dp/hard\libc_nano.a(lib_a-nano-vfprintf_float.o)
                              (_printf_float)
e:/gnu_tools/gnu arm embedded toolchain/10 2021.10/bin/../lib/gcc/arm-none-eabi/10.3.1/../../../../arm-none-eabi/lib/thumb/v7e-m+dp/hard\libc_nano.a(lib_a-nano-vfprintf_i.o)
                              e:/gnu_tools/gnu arm embedded toolchain/10 2021.10/bin/../lib/gcc/arm-none-eabi/10.3.1/../../../../arm-none-eabi/lib/thumb/v7e-m+dp/hard\libc_nano.a(lib_a-nano-vfprintf_float.o) (_printf_common)
e:/gnu_tools/gnu arm embedded toolchain/10 2021.10/bin/../lib/gcc/arm-none-eabi/10.3.1/../../../../arm-none-eabi/lib/thumb/v7e-m+dp/hard\libc_nano.a(lib_a-strlen.o)
                              e:/gnu_tools/gnu arm embedded toolchain/10 2021.10/bin/../lib/gcc/arm-none-eabi/10.3.1/../../../../arm-none-eabi/lib/thumb/v7e-m+dp/hard\libc_nano.a(lib_a-nano-vfprintf_float.o) (strlen)
e:/gnu_tools/gnu arm embedded toolchain/10 2021.10/bin/../lib/gcc/arm-none-eabi/10.3.1/../../../../arm-none-eabi/lib/thumb/v7e-m+dp/hard\libc_nano.a(lib_a-vsprintf.o)
                              .build/BluetoothClassicComm.o (vsprintf)
e:/gnu_tools/gnu arm embedded toolchain/10 2021.10/bin/../lib/gcc/arm-none-eabi/10.3.1/../../../../arm-none-eabi/lib/thumb/v7e-m+dp/hard\libc_nano.a(lib_a-dtoa.o)
                              e:/gnu_tools/gnu arm embedded toolchain/10 2021.10/bin/../lib/gcc/arm-none-eabi/10.3.1/../../../../arm-none-eabi/lib/thumb/v7e-m+dp/hard\libc_nano.a(lib_a-nano-vfprintf_float.o) (_dtoa_r)
e:/gnu_tools/gnu arm embedded toolchain/10 2021.10/bin/../lib/gcc/arm-none-eabi/10.3.1/../../../../arm-none-eabi/lib/thumb/v7e-m+dp/hard\libc_nano.a(lib_a-localeconv.o)
                              e:/gnu_tools/gnu arm embedded toolchain/10 2021.10/bin/../lib/gcc/arm-none-eabi/10.3.1/../../../../arm-none-eabi/lib/thumb/v7e-m+dp/hard\libc_nano.a(lib_a-nano-vfprintf_float.o) (_localeconv_r)
e:/gnu_tools/gnu arm embedded toolchain/10 2021.10/bin/../lib/gcc/arm-none-eabi/10.3.1/../../../../arm-none-eabi/lib/thumb/v7e-m+dp/hard\libc_nano.a(lib_a-malloc.o)
                              e:/gnu_tools/gnu arm embedded toolchain/10 2021.10/bin/../lib/gcc/arm-none-eabi/10.3.1/../../../../arm-none-eabi/lib/thumb/v7e-m+dp/hard\libc_nano.a(lib_a-dtoa.o) (malloc)
e:/gnu_tools/gnu arm embedded toolchain/10 2021.10/bin/../lib/gcc/arm-none-eabi/10.3.1/../../../../arm-none-eabi/lib/thumb/v7e-m+dp/hard\libc_nano.a(lib_a-memchr.o)
                              e:/gnu_tools/gnu arm embedded toolchain/10 2021.10/bin/../lib/gcc/arm-none-eabi/10.3.1/../../../../arm-none-eabi/lib/thumb/v7e-m+dp/hard\libc_nano.a(lib_a-nano-vfprintf_i.o) (memchr)
e:/gnu_tools/gnu arm embedded toolchain/10 2021.10/bin/../lib/gcc/arm-none-eabi/10.3.1/../../../../arm-none-eabi/lib/thumb/v7e-m+dp/hard\libc_nano.a(lib_a-mprec.o)
                              e:/gnu_tools/gnu arm embedded toolchain/10 2021.10/bin/../lib/gcc/arm-none-eabi/10.3.1/../../../../arm-none-eabi/lib/thumb/v7e-m+dp/hard\libc_nano.a(lib_a-dtoa.o) (_Balloc)
[...]
Memory Configuration

Name             Origin             Length             Attributes
FLASH            0x08000000         0x00200000         xr
DTCMRAM          0x20000000         0x00020000         xrw
RAM_D1           0x24000000         0x00080000         xrw
RAM_D2           0x30000000         0x00048000         xrw
RAM_D3           0x38000000         0x00010000         xrw
ITCMRAM          0x00000000         0x00010000         xrw
*default*        0x00000000         0xffffffff

Linker script and memory map

LOAD e:/gnu_tools/gnu arm embedded toolchain/10 2021.10/bin/../lib/gcc/arm-none-eabi/10.3.1/thumb/v7e-m+dp/hard/crti.o
LOAD e:/gnu_tools/gnu arm embedded toolchain/10 2021.10/bin/../lib/gcc/arm-none-eabi/10.3.1/thumb/v7e-m+dp/hard/crtbegin.o
LOAD e:/gnu_tools/gnu arm embedded toolchain/10 2021.10/bin/../lib/gcc/arm-none-eabi/10.3.1/../../../../arm-none-eabi/lib/thumb/v7e-m+dp/hard/crt0.o
LOAD .build/BluetoothClassicComm.o
LOAD .build/EncodersHandler.o
LOAD .build/LF_MainRunnable.o
LOAD .build/LF_Menager.o
LOAD .build/LedMngr.o
LOAD .build/LinePosEstimator.o
LOAD .build/main.o
LOAD .build/gpio.o
LOAD .build/adc.o
LOAD .build/dma.o
LOAD .build/i2c.o
LOAD .build/tim.o
LOAD .build/usart.o
LOAD .build/stm32h7xx_it.o
LOAD .build/stm32h7xx_hal_msp.o
LOAD .build/system_stm32h7xx.o
LOAD .build/stm32h7xx_ll_exti.o
LOAD .build/stm32h7xx_hal_adc.o
LOAD .build/stm32h7xx_hal_adc_ex.o
LOAD .build/stm32h7xx_hal_rcc.o
LOAD .build/stm32h7xx_hal_rcc_ex.o
LOAD .build/stm32h7xx_hal_flash.o
LOAD .build/stm32h7xx_hal_flash_ex.o
LOAD .build/stm32h7xx_hal_gpio.o
LOAD .build/stm32h7xx_hal_hsem.o
LOAD .build/stm32h7xx_hal_dma.o
LOAD .build/stm32h7xx_hal_dma_ex.o
LOAD .build/stm32h7xx_hal_mdma.o
LOAD .build/stm32h7xx_hal_pwr.o
LOAD .build/stm32h7xx_hal_pwr_ex.o
LOAD .build/stm32h7xx_hal_cortex.o
LOAD .build/stm32h7xx_hal.o
LOAD .build/stm32h7xx_hal_i2c.o
LOAD .build/stm32h7xx_hal_i2c_ex.o
LOAD .build/stm32h7xx_hal_exti.o
LOAD .build/stm32h7xx_ll_rcc.o
LOAD .build/stm32h7xx_ll_utils.o
LOAD .build/stm32h7xx_hal_tim.o
LOAD .build/stm32h7xx_hal_tim_ex.o
LOAD .build/stm32h7xx_ll_tim.o
LOAD .build/stm32h7xx_ll_gpio.o
LOAD .build/stm32h7xx_ll_dma.o
LOAD .build/stm32h7xx_hal_uart.o
LOAD .build/stm32h7xx_hal_uart_ex.o
LOAD .build/EEmu.o
LOAD .build/startup_stm32h743xx.o
LOAD e:/gnu_tools/gnu arm embedded toolchain/10 2021.10/bin/../lib/gcc/arm-none-eabi/10.3.1/../../../../arm-none-eabi/lib/thumb/v7e-m+dp/hard\libc_nano.a
LOAD e:/gnu_tools/gnu arm embedded toolchain/10 2021.10/bin/../lib/gcc/arm-none-eabi/10.3.1/../../../../arm-none-eabi/lib/thumb/v7e-m+dp/hard\libm.a
LOAD e:/gnu_tools/gnu arm embedded toolchain/10 2021.10/bin/../lib/gcc/arm-none-eabi/10.3.1/../../../../arm-none-eabi/lib/thumb/v7e-m+dp/hard\libnosys.a
LOAD e:/gnu_tools/gnu arm embedded toolchain/10 2021.10/bin/../lib/gcc/arm-none-eabi/10.3.1/../../../../arm-none-eabi/lib/thumb/v7e-m+dp/hard\libc_nano.a
LOAD e:/gnu_tools/gnu arm embedded toolchain/10 2021.10/bin/../lib/gcc/arm-none-eabi/10.3.1/../../../../arm-none-eabi/lib/thumb/v7e-m+dp/hard\librdimon_nano.a
START GROUP
LOAD e:/gnu_tools/gnu arm embedded toolchain/10 2021.10/bin/../lib/gcc/arm-none-eabi/10.3.1/thumb/v7e-m+dp/hard\libgcc.a
LOAD e:/gnu_tools/gnu arm embedded toolchain/10 2021.10/bin/../lib/gcc/arm-none-eabi/10.3.1/../../../../arm-none-eabi/lib/thumb/v7e-m+dp/hard\libc_nano.a
END GROUP
START GROUP
LOAD e:/gnu_tools/gnu arm embedded toolchain/10 2021.10/bin/../lib/gcc/arm-none-eabi/10.3.1/thumb/v7e-m+dp/hard\libgcc.a
LOAD e:/gnu_tools/gnu arm embedded toolchain/10 2021.10/bin/../lib/gcc/arm-none-eabi/10.3.1/../../../../arm-none-eabi/lib/thumb/v7e-m+dp/hard\libc_nano.a
END GROUP
LOAD e:/gnu_tools/gnu arm embedded toolchain/10 2021.10/bin/../lib/gcc/arm-none-eabi/10.3.1/thumb/v7e-m+dp/hard/crtend.o
LOAD e:/gnu_tools/gnu arm embedded toolchain/10 2021.10/bin/../lib/gcc/arm-none-eabi/10.3.1/thumb/v7e-m+dp/hard/crtn.o
                0x24080000                _estack = (ORIGIN (RAM_D1) + LENGTH (RAM_D1))
                0x00000200                _Min_Heap_Size = 0x200
                0x00000400                _Min_Stack_Size = 0x400

.isr_vector     0x08000000      0x298
                0x08000000                . = ALIGN (0x4)
 *(.isr_vector)
 .isr_vector    0x08000000      0x298 .build/startup_stm32h743xx.o
                0x08000000                g_pfnVectors
                0x08000298                . = ALIGN (0x4)

.text           0x080002a0     0xf494
                0x080002a0                . = ALIGN (0x4)
 *(.text)
 .text          0x080002a0       0x40 e:/gnu_tools/gnu arm embedded toolchain/10 2021.10/bin/../lib/gcc/arm-none-eabi/10.3.1/thumb/v7e-m+dp/hard/crtbegin.o
 .text          0x080002e0       0x10 e:/gnu_tools/gnu arm embedded toolchain/10 2021.10/bin/../lib/gcc/arm-none-eabi/10.3.1/../../../../arm-none-eabi/lib/thumb/v7e-m+dp/hard\libc_nano.a(lib_a-strlen.o)
                0x080002e0                strlen
 .text          0x080002f0       0xa0 e:/gnu_tools/gnu arm embedded toolchain/10 2021.10/bin/../lib/gcc/arm-none-eabi/10.3.1/../../../../arm-none-eabi/lib/thumb/v7e-m+dp/hard\libc_nano.a(lib_a-memchr.o)
                0x080002f0                memchr
 .text          0x08000390       0x30 e:/gnu_tools/gnu arm embedded toolchain/10 2021.10/bin/../lib/gcc/arm-none-eabi/10.3.1/thumb/v7e-m+dp/hard\libgcc.a(_aeabi_uldivmod.o)
                0x08000390                __aeabi_uldivmod
 .text          0x080003c0      0x2d0 e:/gnu_tools/gnu arm embedded toolchain/10 2021.10/bin/../lib/gcc/arm-none-eabi/10.3.1/thumb/v7e-m+dp/hard\libgcc.a(_udivmoddi4.o)
                0x080003c0                __udivmoddi4
 .text          0x08000690        0x4 e:/gnu_tools/gnu arm embedded toolchain/10 2021.10/bin/../lib/gcc/arm-none-eabi/10.3.1/thumb/v7e-m+dp/hard\libgcc.a(_dvmd_tls.o)
                0x08000690                __aeabi_idiv0
                0x08000690                __aeabi_ldiv0
 *(.text*)
 .text.RB_Transmit_Read
                0x08000694       0x40 .build/BluetoothClassicComm.o
 .text.RB_Transmit_Write
                0x080006d4       0x54 .build/BluetoothClassicComm.o
 .text.RB_Receive_GetNextMessageAddress
                0x08000728       0x5c .build/BluetoothClassicComm.o
 .text.RB_Receive_Read
                0x08000784       0x58 .build/BluetoothClassicComm.o
 .text.TransmitMotorFactorsData
                0x080007dc       0x98 .build/BluetoothClassicComm.o
 .text.TransmitEncoderData
                0x08000874       0x74 .build/BluetoothClassicComm.o
 .text.TransmitErrorWeigthData
                0x080008e8      0x110 .build/BluetoothClassicComm.o
 .text.TransmitPidData
                0x080009f8       0x90 .build/BluetoothClassicComm.o
 .text.TransmitVehCfgData
                0x08000a88       0x90 .build/BluetoothClassicComm.o
 .text.Sim_Create_XY_FakeMap
                0x08000b18      0x108 .build/BluetoothClassicComm.o
 .text.TransmitLfBaseDataReport
                0x08000c20       0x94 .build/BluetoothClassicComm.o
 .text.Statistics_CreateAndTransmitCommunicationStatistics
                0x08000cb4       0xa4 .build/BluetoothClassicComm.o
 .text.TransmitDataHandler
                0x08000d58       0x88 .build/BluetoothClassicComm.o
 .text.HAL_UART_RxCpltCallback
                0x08000de0       0x34 .build/BluetoothClassicComm.o
                0x08000de0                HAL_UART_RxCpltCallback
 .text.TransmitSpeedProfileData
                0x08000e14      0x13c .build/BluetoothClassicComm.o
                0x08000e14                TransmitSpeedProfileData
 .text.Sim_FakeBaseDataReportTask
                0x08000f50      0x214 .build/BluetoothClassicComm.o
                0x08000f50                Sim_FakeBaseDataReportTask
 .text.BaseDataReporterTask
                0x08001164       0x58 .build/BluetoothClassicComm.o
                0x08001164                BaseDataReporterTask
 .text.BLU_Init
                0x080011bc       0xe0 .build/BluetoothClassicComm.o
                0x080011bc                BLU_Init
 .text.BLU_ReportMapData
                0x0800129c       0x3c .build/BluetoothClassicComm.o
                0x0800129c                BLU_ReportMapData
 .text.BLU_ReportSensorData
                0x080012d8       0x30 .build/BluetoothClassicComm.o
                0x080012d8                BLU_ReportSensorData
 .text.BLU_RegisterNvMdataUpdateInfoCallBack
                0x08001308       0x20 .build/BluetoothClassicComm.o
                0x08001308                BLU_RegisterNvMdataUpdateInfoCallBack
 .text.BLU_RegisterManualCntrlRequestCallBack
                0x08001328        0xc .build/BluetoothClassicComm.o
                0x08001328                BLU_RegisterManualCntrlRequestCallBack
 .text.BLU_isExpectedStateDriving
                0x08001334       0x14 .build/BluetoothClassicComm.o
                0x08001334                BLU_isExpectedStateDriving
 .text.BLU_DbgMsgTransmit
                0x08001348       0x70 .build/BluetoothClassicComm.o
                0x08001348                BLU_DbgMsgTransmit
 .text.ReceiveSpeedProfileData
                0x080013b8      0x130 .build/BluetoothClassicComm.o
                0x080013b8                ReceiveSpeedProfileData
 .text.ReceiveDataHandler
                0x080014e8      0x410 .build/BluetoothClassicComm.o
 .text.BLU_Task
                0x080018f8       0x10 .build/BluetoothClassicComm.o
                0x080018f8                BLU_Task
 .text.CalculateBasicBasedOnEncodersData
                0x08001908       0xcc .build/EncodersHandler.o
 .text.ReadNvMParameters
                0x080019d4       0x24 .build/EncodersHandler.o
 .text.BleEncUpdateNvmDataCallBack
                0x080019f8        0x8 .build/EncodersHandler.o
 .text.EsimtateRobotOrientationAndPosition
                0x08001a00       0x9c .build/EncodersHandler.o
 .text.UpdateEncBleDataReport
                0x08001a9c       0x44 .build/EncodersHandler.o
 .text.ENC_Init
                0x08001ae0       0x6c .build/EncodersHandler.o
                0x08001ae0                ENC_Init
 .text.ENC_Task
                0x08001b4c       0x2c .build/EncodersHandler.o
                0x08001b4c                ENC_Task
 .text.ENC_GetLeftWhSpeed
                0x08001b78        0xc .build/EncodersHandler.o
                0x08001b78                ENC_GetLeftWhSpeed
 .text.ENC_GetRightWhSpeed
                0x08001b84        0xc .build/EncodersHandler.o
                0x08001b84                ENC_GetRightWhSpeed
 .text.ENC_GetCurrentOrientation
                0x08001b90        0xc .build/EncodersHandler.o
                0x08001b90                ENC_GetCurrentOrientation
 .text.ENC_GetTravelledDistance
                0x08001b9c        0xc .build/EncodersHandler.o
                0x08001b9c                ENC_GetTravelledDistance
 .text.LF_AppInit
                0x08001ba8       0x1c .build/LF_MainRunnable.o
                0x08001ba8                LF_AppInit
 .text.LF_AppTask
                0x08001bc4       0x18 .build/LF_MainRunnable.o
                0x08001bc4                LF_AppTask
 .text.MotorsForwardDriving
                0x08001bdc       0x24 .build/LF_Menager.o
 .text.MotorRightDrivingReverse
                0x08001c00       0x24 .build/LF_Menager.o
 .text.MotorLeftDrivingReverse
                0x08001c24       0x24 .build/LF_Menager.o
 .text.MotorsForceStop
                0x08001c48       0x20 .build/LF_Menager.o
 .text.ComputeExpectedPwmValues
                0x08001c68       0xf8 .build/LF_Menager.o
 .text.SetMotorSpeedsBaseOnLinePid
                0x08001d60       0x3c .build/LF_Menager.o
 .text.SetMotorSpeeds
                0x08001d9c       0xe0 .build/LF_Menager.o
 .text.ManualDrivingCallBackRequest
                0x08001e7c       0x28 .build/LF_Menager.o
                0x08001e7c                ManualDrivingCallBackRequest
 .text.ComputeLinePidVal
                0x08001ea4       0x68 .build/LF_Menager.o
 .text.LinePidNvmDataRead
                0x08001f0c       0x78 .build/LF_Menager.o
 .text.MotorsPwmInit
                0x08001f84       0x40 .build/LF_Menager.o
 .text.UpdateInputData
                0x08001fc4       0x38 .build/LF_Menager.o
 *fill*         0x08001ffc        0x4 
 .text.estimateNeededRotation
                0x08002000       0xe0 .build/LF_Menager.o
                0x08002000                estimateNeededRotation
 .text.userRequestManualMoveHandler
                0x080020e0       0xec .build/LF_Menager.o
                0x080020e0                userRequestManualMoveHandler
 .text.ManageRobotMovingState
                0x080021cc       0x70 .build/LF_Menager.o
                0x080021cc                ManageRobotMovingState
 .text.LF_MngrInit
                0x0800223c       0x20 .build/LF_Menager.o
                0x0800223c                LF_MngrInit
 .text.LF_MngrTask
                0x0800225c       0x14 .build/LF_Menager.o
                0x0800225c                LF_MngrTask
 .text.UpdateLedState
                0x08002270       0x20 .build/LedMngr.o
 .text.LED_Init
                0x08002290       0x2c .build/LedMngr.o
                0x08002290                LED_Init
 .text.LED_MngrTask
                0x080022bc       0x5c .build/LedMngr.o
                0x080022bc                LED_MngrTask
 .text.MapValueToUint8_Range
                0x08002318       0x2c .build/LinePosEstimator.o
 .text.EstimatePositionError
                0x08002344      0x23c .build/LinePosEstimator.o
 .text.GetErrorWeightsFromNvm
                0x08002580       0x9c .build/LinePosEstimator.o
 .text.BleUpdateNvmDataCallBack
                0x0800261c        0x8 .build/LinePosEstimator.o
 .text.LinePositionEstimator
                0x08002624       0xe4 .build/LinePosEstimator.o
                0x08002624                LinePositionEstimator
 .text.SendLinePosEstDataReportForBle
                0x08002708       0x48 .build/LinePosEstimator.o
                0x08002708                SendLinePosEstDataReportForBle
 .text.LPE_Init
                0x08002750       0x24 .build/LinePosEstimator.o
                0x08002750                LPE_Init
 .text.LPE_Task
                0x08002774        0xc .build/LinePosEstimator.o
                0x08002774                LPE_Task
 .text.LPE_GetPosError
                0x08002780        0xc .build/LinePosEstimator.o
                0x08002780                LPE_GetPosError
 .text.SystemClock_Config
                0x0800278c       0xb4 .build/main.o
                0x0800278c                SystemClock_Config
 .text.PeriphCommonClock_Config
                0x08002840       0x20 .build/main.o
                0x08002840                PeriphCommonClock_Config
 .text.main     0x08002860       0x60 .build/main.o
                0x08002860                main
 .text.Error_Handler
                0x080028c0        0x2 .build/main.o
                0x080028c0                Error_Handler
 *fill*         0x080028c2        0x2 
 .text.MX_GPIO_Init
                0x080028c4      0x198 .build/gpio.o
                0x080028c4                MX_GPIO_Init
 .text.MX_ADC1_Init
                0x08002a5c      0x20c .build/adc.o
                0x08002a5c                MX_ADC1_Init
 .text.HAL_ADC_MspInit
                0x08002c68      0x130 .build/adc.o
                0x08002c68                HAL_ADC_MspInit
 .text.MX_DMA_Init
                0x08002d98       0x58 .build/dma.o
                0x08002d98                MX_DMA_Init
 .text.MX_I2C1_Init
                0x08002df0       0x58 .build/i2c.o
                0x08002df0                MX_I2C1_Init
 .text.MX_I2C2_Init
                0x08002e48       0x58 .build/i2c.o
                0x08002e48                MX_I2C2_Init
 .text.HAL_I2C_MspInit
                0x08002ea0      0x148 .build/i2c.o
                0x08002ea0                HAL_I2C_MspInit
 .text.MX_TIM2_Init
                0x08002fe8       0xbc .build/tim.o
                0x08002fe8                MX_TIM2_Init
 .text.MX_TIM4_Init
                0x080030a4       0x6c .build/tim.o
                0x080030a4                MX_TIM4_Init
 .text.MX_TIM5_Init
                0x08003110       0x70 .build/tim.o
                0x08003110                MX_TIM5_Init
 .text.MX_TIM8_Init
                0x08003180       0x74 .build/tim.o
                0x08003180                MX_TIM8_Init
 .text.HAL_TIM_Encoder_MspInit
                0x080031f4       0xc8 .build/tim.o
                0x080031f4                HAL_TIM_Encoder_MspInit
 .text.HAL_TIM_Base_MspInit
                0x080032bc       0x94 .build/tim.o
                0x080032bc                HAL_TIM_Base_MspInit
 .text.HAL_TIM_MspPostInit
                0x08003350       0x98 .build/tim.o
                0x08003350                HAL_TIM_MspPostInit
 .text.MX_TIM12_Init
                0x080033e8       0xa8 .build/tim.o
                0x080033e8                MX_TIM12_Init
 .text.MX_TIM15_Init
                0x08003490      0x100 .build/tim.o
                0x08003490                MX_TIM15_Init
 .text.MX_USART2_UART_Init
                0x08003590       0x68 .build/usart.o
                0x08003590                MX_USART2_UART_Init
 .text.HAL_UART_MspInit
                0x080035f8      0x118 .build/usart.o
                0x080035f8                HAL_UART_MspInit
 .text.NMI_Handler
                0x08003710        0x2 .build/stm32h7xx_it.o
                0x08003710                NMI_Handler
 .text.HardFault_Handler
                0x08003712        0x2 .build/stm32h7xx_it.o
                0x08003712                HardFault_Handler
 .text.MemManage_Handler
                0x08003714        0x2 .build/stm32h7xx_it.o
                0x08003714                MemManage_Handler
 .text.BusFault_Handler
                0x08003716        0x2 .build/stm32h7xx_it.o
                0x08003716                BusFault_Handler
 .text.UsageFault_Handler
                0x08003718        0x2 .build/stm32h7xx_it.o
                0x08003718                UsageFault_Handler
 .text.SVC_Handler
                0x0800371a        0x2 .build/stm32h7xx_it.o
                0x0800371a                SVC_Handler
 .text.DebugMon_Handler
                0x0800371c        0x2 .build/stm32h7xx_it.o
                0x0800371c                DebugMon_Handler
 .text.PendSV_Handler
                0x0800371e        0x2 .build/stm32h7xx_it.o
                0x0800371e                PendSV_Handler
 .text.SysTick_Handler
                0x08003720        0x8 .build/stm32h7xx_it.o
                0x08003720                SysTick_Handler
 .text.DMA1_Stream0_IRQHandler
                0x08003728       0x10 .build/stm32h7xx_it.o
                0x08003728                DMA1_Stream0_IRQHandler
 .text.DMA1_Stream1_IRQHandler
                0x08003738       0x10 .build/stm32h7xx_it.o
                0x08003738                DMA1_Stream1_IRQHandler
 .text.DMA1_Stream2_IRQHandler
                0x08003748       0x10 .build/stm32h7xx_it.o
                0x08003748                DMA1_Stream2_IRQHandler
 .text.TIM2_IRQHandler
                0x08003758       0x28 .build/stm32h7xx_it.o
                0x08003758                TIM2_IRQHandler
 .text.I2C1_EV_IRQHandler
                0x08003780       0x10 .build/stm32h7xx_it.o
                0x08003780                I2C1_EV_IRQHandler
 .text.I2C1_ER_IRQHandler
                0x08003790       0x10 .build/stm32h7xx_it.o
                0x08003790                I2C1_ER_IRQHandler
 .text.I2C2_EV_IRQHandler
                0x080037a0       0x10 .build/stm32h7xx_it.o
                0x080037a0                I2C2_EV_IRQHandler
 .text.I2C2_ER_IRQHandler
                0x080037b0       0x10 .build/stm32h7xx_it.o
                0x080037b0                I2C2_ER_IRQHandler
 .text.USART2_IRQHandler
                0x080037c0       0x10 .build/stm32h7xx_it.o
                0x080037c0                USART2_IRQHandler
 .text.TIM5_IRQHandler
                0x080037d0       0x10 .build/stm32h7xx_it.o
                0x080037d0                TIM5_IRQHandler
 .text.HAL_GetTick100us
                0x080037e0        0xc .build/stm32h7xx_it.o
                0x080037e0                HAL_GetTick100us
 .text.HAL_MspInit
                0x080037ec       0x24 .build/stm32h7xx_hal_msp.o
                0x080037ec                HAL_MspInit
 .text.SystemInit
                0x08003810       0x7c .build/system_stm32h7xx.o
                0x08003810                SystemInit
 .text.HAL_ADC_ConvCpltCallback
                0x0800388c        0x2 .build/stm32h7xx_hal_adc.o
                0x0800388c                HAL_ADC_ConvCpltCallback
 .text.HAL_ADC_ConvHalfCpltCallback
                0x0800388e        0x2 .build/stm32h7xx_hal_adc.o
                0x0800388e                HAL_ADC_ConvHalfCpltCallback
 .text.ADC_DMAHalfConvCplt
                0x08003890        0xa .build/stm32h7xx_hal_adc.o
                0x08003890                ADC_DMAHalfConvCplt
 .text.HAL_ADC_ErrorCallback
                0x0800389a        0x2 .build/stm32h7xx_hal_adc.o
                0x0800389a                HAL_ADC_ErrorCallback
 .text.ADC_DMAConvCplt
                0x0800389c       0x88 .build/stm32h7xx_hal_adc.o
                0x0800389c                ADC_DMAConvCplt
 .text.ADC_DMAError
                0x08003924       0x1a .build/stm32h7xx_hal_adc.o
                0x08003924                ADC_DMAError
 *fill*         0x0800393e        0x2 
 .text.HAL_ADC_ConfigChannel
                0x08003940      0x4e8 .build/stm32h7xx_hal_adc.o
                0x08003940                HAL_ADC_ConfigChannel
 .text.ADC_Enable
                0x08003e28       0xd4 .build/stm32h7xx_hal_adc.o
                0x08003e28                ADC_Enable
 .text.HAL_ADC_Start_DMA
                0x08003efc      0x11c .build/stm32h7xx_hal_adc.o
                0x08003efc                HAL_ADC_Start_DMA
 .text.ADC_ConfigureBoostMode
                0x08004018      0x164 .build/stm32h7xx_hal_adc.o
                0x08004018                ADC_ConfigureBoostMode
 .text.HAL_ADC_Init
                0x0800417c      0x264 .build/stm32h7xx_hal_adc.o
                0x0800417c                HAL_ADC_Init
 .text.HAL_ADCEx_MultiModeConfigChannel
                0x080043e0      0x164 .build/stm32h7xx_hal_adc_ex.o
                0x080043e0                HAL_ADCEx_MultiModeConfigChannel
 .text.HAL_RCC_OscConfig
                0x08004544      0x648 .build/stm32h7xx_hal_rcc.o
                0x08004544                HAL_RCC_OscConfig
 .text.HAL_RCC_GetSysClockFreq
                0x08004b8c      0x1f4 .build/stm32h7xx_hal_rcc.o
                0x08004b8c                HAL_RCC_GetSysClockFreq
 .text.HAL_RCC_ClockConfig
                0x08004d80      0x294 .build/stm32h7xx_hal_rcc.o
                0x08004d80                HAL_RCC_ClockConfig
 .text.HAL_RCC_GetHCLKFreq
                0x08005014       0x44 .build/stm32h7xx_hal_rcc.o
                0x08005014                HAL_RCC_GetHCLKFreq
 .text.HAL_RCC_GetPCLK1Freq
                0x08005058       0x24 .build/stm32h7xx_hal_rcc.o
                0x08005058                HAL_RCC_GetPCLK1Freq
 .text.HAL_RCC_GetPCLK2Freq
                0x0800507c       0x24 .build/stm32h7xx_hal_rcc.o
                0x0800507c                HAL_RCC_GetPCLK2Freq
 .text.RCCEx_PLL2_Config
                0x080050a0      0x10c .build/stm32h7xx_hal_rcc_ex.o
 .text.RCCEx_PLL3_Config
                0x080051ac      0x10c .build/stm32h7xx_hal_rcc_ex.o
 .text.HAL_RCCEx_PeriphCLKConfig
                0x080052b8      0x9c4 .build/stm32h7xx_hal_rcc_ex.o
                0x080052b8                HAL_RCCEx_PeriphCLKConfig
 .text.HAL_RCCEx_GetD3PCLK1Freq
                0x08005c7c       0x24 .build/stm32h7xx_hal_rcc_ex.o
                0x08005c7c                HAL_RCCEx_GetD3PCLK1Freq
 .text.HAL_RCCEx_GetPLL2ClockFreq
                0x08005ca0      0x1f8 .build/stm32h7xx_hal_rcc_ex.o
                0x08005ca0                HAL_RCCEx_GetPLL2ClockFreq
 .text.HAL_RCCEx_GetPLL3ClockFreq
                0x08005e98      0x1f8 .build/stm32h7xx_hal_rcc_ex.o
                0x08005e98                HAL_RCCEx_GetPLL3ClockFreq
 .text.HAL_RCCEx_GetPLL1ClockFreq
                0x08006090      0x1f8 .build/stm32h7xx_hal_rcc_ex.o
                0x08006090                HAL_RCCEx_GetPLL1ClockFreq
 .text.HAL_RCCEx_GetPeriphCLKFreq
                0x08006288      0x614 .build/stm32h7xx_hal_rcc_ex.o
                0x08006288                HAL_RCCEx_GetPeriphCLKFreq
 .text.HAL_FLASH_Unlock
                0x0800689c       0x5c .build/stm32h7xx_hal_flash.o
                0x0800689c                HAL_FLASH_Unlock
 .text.FLASH_WaitForLastOperation
                0x080068f8       0xf4 .build/stm32h7xx_hal_flash.o
                0x080068f8                FLASH_WaitForLastOperation
 .text.HAL_FLASH_Program
                0x080069ec       0xc0 .build/stm32h7xx_hal_flash.o
                0x080069ec                HAL_FLASH_Program
 .text.FLASH_MassErase
                0x08006aac       0x88 .build/stm32h7xx_hal_flash_ex.o
 .text.FLASH_Erase_Sector
                0x08006b34       0x54 .build/stm32h7xx_hal_flash_ex.o
                0x08006b34                FLASH_Erase_Sector
 .text.HAL_FLASHEx_Erase
                0x08006b88      0x12c .build/stm32h7xx_hal_flash_ex.o
                0x08006b88                HAL_FLASHEx_Erase
 .text.HAL_GPIO_Init
                0x08006cb4      0x1fc .build/stm32h7xx_hal_gpio.o
                0x08006cb4                HAL_GPIO_Init
 .text.HAL_GPIO_WritePin
                0x08006eb0        0xc .build/stm32h7xx_hal_gpio.o
                0x08006eb0                HAL_GPIO_WritePin
 .text.HAL_GPIO_TogglePin
                0x08006ebc       0x12 .build/stm32h7xx_hal_gpio.o
                0x08006ebc                HAL_GPIO_TogglePin
 *fill*         0x08006ece        0x2 
 .text.DMA_SetConfig
                0x08006ed0      0x1b4 .build/stm32h7xx_hal_dma.o
 .text.DMA_CalcBaseAndBitshift
                0x08007084       0xb4 .build/stm32h7xx_hal_dma.o
 .text.DMA_CheckFifoParam
                0x08007138       0x92 .build/stm32h7xx_hal_dma.o
 *fill*         0x080071ca        0x2 
 .text.DMA_CalcDMAMUXChannelBaseAndMask
                0x080071cc       0xb0 .build/stm32h7xx_hal_dma.o
 .text.DMA_CalcDMAMUXRequestGenBaseAndMask
                0x0800727c       0x7c .build/stm32h7xx_hal_dma.o
 .text.HAL_DMA_Init
                0x080072f8      0x3a4 .build/stm32h7xx_hal_dma.o
                0x080072f8                HAL_DMA_Init
 .text.HAL_DMA_Start_IT
                0x0800769c      0x298 .build/stm32h7xx_hal_dma.o
                0x0800769c                HAL_DMA_Start_IT
 .text.HAL_DMA_Abort
                0x08007934      0x340 .build/stm32h7xx_hal_dma.o
                0x08007934                HAL_DMA_Abort
 .text.HAL_DMA_Abort_IT
                0x08007c74      0x270 .build/stm32h7xx_hal_dma.o
                0x08007c74                HAL_DMA_Abort_IT
 .text.HAL_DMA_IRQHandler
                0x08007ee4      0x738 .build/stm32h7xx_hal_dma.o
                0x08007ee4                HAL_DMA_IRQHandler
 .text.HAL_DMA_GetState
                0x0800861c        0x6 .build/stm32h7xx_hal_dma.o
                0x0800861c                HAL_DMA_GetState
 *fill*         0x08008622        0x2 
 .text.HAL_PWREx_ConfigSupply
                0x08008624       0x54 .build/stm32h7xx_hal_pwr_ex.o
                0x08008624                HAL_PWREx_ConfigSupply
 .text.HAL_NVIC_SetPriorityGrouping
                0x08008678       0x24 .build/stm32h7xx_hal_cortex.o
                0x08008678                HAL_NVIC_SetPriorityGrouping
 .text.HAL_NVIC_SetPriority
                0x0800869c       0x6c .build/stm32h7xx_hal_cortex.o
                0x0800869c                HAL_NVIC_SetPriority
 .text.HAL_NVIC_EnableIRQ
                0x08008708       0x1c .build/stm32h7xx_hal_cortex.o
                0x08008708                HAL_NVIC_EnableIRQ
 .text.HAL_SYSTICK_Config
                0x08008724       0x28 .build/stm32h7xx_hal_cortex.o
                0x08008724                HAL_SYSTICK_Config
 .text.HAL_InitTick
                0x0800874c       0x50 .build/stm32h7xx_hal.o
                0x0800874c                HAL_InitTick
 .text.HAL_Init
                0x0800879c       0x5c .build/stm32h7xx_hal.o
                0x0800879c                HAL_Init
 .text.HAL_IncTick
                0x080087f8       0x18 .build/stm32h7xx_hal.o
                0x080087f8                HAL_IncTick
 .text.HAL_GetTick
                0x08008810        0xc .build/stm32h7xx_hal.o
                0x08008810                HAL_GetTick
 .text.HAL_GetREVID
                0x0800881c        0xc .build/stm32h7xx_hal.o
                0x0800881c                HAL_GetREVID
 .text.I2C_Flush_TXDR
                0x08008828       0x22 .build/stm32h7xx_hal_i2c.o
 .text.I2C_Disable_IRQ
                0x0800884a       0x70 .build/stm32h7xx_hal_i2c.o
 *fill*         0x080088ba        0x2 
 .text.HAL_I2C_Init
                0x080088bc       0xbc .build/stm32h7xx_hal_i2c.o
                0x080088bc                HAL_I2C_Init
 .text.HAL_I2C_EV_IRQHandler
                0x08008978       0x10 .build/stm32h7xx_hal_i2c.o
                0x08008978                HAL_I2C_EV_IRQHandler
 .text.HAL_I2C_SlaveTxCpltCallback
                0x08008988        0x2 .build/stm32h7xx_hal_i2c.o
                0x08008988                HAL_I2C_SlaveTxCpltCallback
 .text.HAL_I2C_SlaveRxCpltCallback
                0x0800898a        0x2 .build/stm32h7xx_hal_i2c.o
                0x0800898a                HAL_I2C_SlaveRxCpltCallback
 .text.I2C_ITSlaveSeqCplt
                0x0800898c       0x82 .build/stm32h7xx_hal_i2c.o
 .text.HAL_I2C_AddrCallback
                0x08008a0e        0x2 .build/stm32h7xx_hal_i2c.o
                0x08008a0e                HAL_I2C_AddrCallback
 .text.I2C_ITAddrCplt
                0x08008a10       0xa0 .build/stm32h7xx_hal_i2c.o
 .text.HAL_I2C_ListenCpltCallback
                0x08008ab0        0x2 .build/stm32h7xx_hal_i2c.o
                0x08008ab0                HAL_I2C_ListenCpltCallback
 *fill*         0x08008ab2        0x2 
 .text.I2C_ITListenCplt
                0x08008ab4       0x68 .build/stm32h7xx_hal_i2c.o
 .text.HAL_I2C_ErrorCallback
                0x08008b1c        0x2 .build/stm32h7xx_hal_i2c.o
                0x08008b1c                HAL_I2C_ErrorCallback
 .text.HAL_I2C_AbortCpltCallback
                0x08008b1e        0x2 .build/stm32h7xx_hal_i2c.o
                0x08008b1e                HAL_I2C_AbortCpltCallback
 .text.I2C_TreatErrorCallback
                0x08008b20       0x2e .build/stm32h7xx_hal_i2c.o
 *fill*         0x08008b4e        0x2 
 .text.I2C_ITError
                0x08008b50      0x108 .build/stm32h7xx_hal_i2c.o
 .text.I2C_ITSlaveCplt
                0x08008c58      0x244 .build/stm32h7xx_hal_i2c.o
 .text.I2C_Slave_ISR_IT
                0x08008e9c      0x150 .build/stm32h7xx_hal_i2c.o
 .text.HAL_I2C_ER_IRQHandler
                0x08008fec       0x6a .build/stm32h7xx_hal_i2c.o
                0x08008fec                HAL_I2C_ER_IRQHandler
 .text.I2C_DMAAbort
                0x08009056       0x1a .build/stm32h7xx_hal_i2c.o
 .text.HAL_I2CEx_ConfigAnalogFilter
                0x08009070       0x5c .build/stm32h7xx_hal_i2c_ex.o
                0x08009070                HAL_I2CEx_ConfigAnalogFilter
 .text.HAL_I2CEx_ConfigDigitalFilter
                0x080090cc       0x58 .build/stm32h7xx_hal_i2c_ex.o
                0x080090cc                HAL_I2CEx_ConfigDigitalFilter
 .text.TIM_OC1_SetConfig
                0x08009124       0xa8 .build/stm32h7xx_hal_tim.o
 .text.TIM_OC3_SetConfig
                0x080091cc       0x90 .build/stm32h7xx_hal_tim.o
 .text.TIM_OC4_SetConfig
                0x0800925c       0x70 .build/stm32h7xx_hal_tim.o
 .text.TIM_OC5_SetConfig
                0x080092cc       0x70 .build/stm32h7xx_hal_tim.o
 .text.TIM_OC6_SetConfig
                0x0800933c       0x70 .build/stm32h7xx_hal_tim.o
 .text.TIM_TI1_ConfigInputStage
                0x080093ac       0x26 .build/stm32h7xx_hal_tim.o
 .text.TIM_TI2_ConfigInputStage
                0x080093d2       0x28 .build/stm32h7xx_hal_tim.o
 *fill*         0x080093fa        0x2 
 .text.TIM_ITRx_SetConfig
                0x080093fc       0x14 .build/stm32h7xx_hal_tim.o
 .text.HAL_TIM_PWM_MspInit
                0x08009410        0x2 .build/stm32h7xx_hal_tim.o
                0x08009410                HAL_TIM_PWM_MspInit
 .text.HAL_TIM_PeriodElapsedCallback
                0x08009412        0x2 .build/stm32h7xx_hal_tim.o
                0x08009412                HAL_TIM_PeriodElapsedCallback
 .text.HAL_TIM_OC_DelayElapsedCallback
                0x08009414        0x2 .build/stm32h7xx_hal_tim.o
                0x08009414                HAL_TIM_OC_DelayElapsedCallback
 .text.HAL_TIM_IC_CaptureCallback
                0x08009416        0x2 .build/stm32h7xx_hal_tim.o
                0x08009416                HAL_TIM_IC_CaptureCallback
 .text.HAL_TIM_PWM_PulseFinishedCallback
                0x08009418        0x2 .build/stm32h7xx_hal_tim.o
                0x08009418                HAL_TIM_PWM_PulseFinishedCallback
 .text.HAL_TIM_TriggerCallback
                0x0800941a        0x2 .build/stm32h7xx_hal_tim.o
                0x0800941a                HAL_TIM_TriggerCallback
 .text.HAL_TIM_IRQHandler
                0x0800941c      0x19a .build/stm32h7xx_hal_tim.o
                0x0800941c                HAL_TIM_IRQHandler
 *fill*         0x080095b6        0x2 
 .text.TIM_Base_SetConfig
                0x080095b8      0x104 .build/stm32h7xx_hal_tim.o
                0x080095b8                TIM_Base_SetConfig
 .text.HAL_TIM_Base_Init
                0x080096bc       0x60 .build/stm32h7xx_hal_tim.o
                0x080096bc                HAL_TIM_Base_Init
 .text.HAL_TIM_PWM_Init
                0x0800971c       0x60 .build/stm32h7xx_hal_tim.o
                0x0800971c                HAL_TIM_PWM_Init
 .text.HAL_TIM_Encoder_Init
                0x0800977c       0xb4 .build/stm32h7xx_hal_tim.o
                0x0800977c                HAL_TIM_Encoder_Init
 .text.TIM_OC2_SetConfig
                0x08009830       0x94 .build/stm32h7xx_hal_tim.o
                0x08009830                TIM_OC2_SetConfig
 .text.HAL_TIM_PWM_ConfigChannel
                0x080098c4      0x128 .build/stm32h7xx_hal_tim.o
                0x080098c4                HAL_TIM_PWM_ConfigChannel
 .text.TIM_ETR_SetConfig
                0x080099ec       0x1a .build/stm32h7xx_hal_tim.o
                0x080099ec                TIM_ETR_SetConfig
 *fill*         0x08009a06        0x2 
 .text.HAL_TIM_ConfigClockSource
                0x08009a08      0x108 .build/stm32h7xx_hal_tim.o
                0x08009a08                HAL_TIM_ConfigClockSource
 .text.TIM_CCxChannelCmd
                0x08009b10       0x1e .build/stm32h7xx_hal_tim.o
                0x08009b10                TIM_CCxChannelCmd
 *fill*         0x08009b2e        0x2 
 .text.HAL_TIM_PWM_Start
                0x08009b30      0x160 .build/stm32h7xx_hal_tim.o
                0x08009b30                HAL_TIM_PWM_Start
 .text.HAL_TIM_Encoder_Start
                0x08009c90       0xc8 .build/stm32h7xx_hal_tim.o
                0x08009c90                HAL_TIM_Encoder_Start
 .text.HAL_TIM_Encoder_Stop
                0x08009d58       0xde .build/stm32h7xx_hal_tim.o
                0x08009d58                HAL_TIM_Encoder_Stop
 *fill*         0x08009e36        0x2 
 .text.HAL_TIMEx_MasterConfigSynchronization
                0x08009e38       0x98 .build/stm32h7xx_hal_tim_ex.o
                0x08009e38                HAL_TIMEx_MasterConfigSynchronization
 .text.HAL_TIMEx_ConfigBreakDeadTime
                0x08009ed0       0x90 .build/stm32h7xx_hal_tim_ex.o
                0x08009ed0                HAL_TIMEx_ConfigBreakDeadTime
 .text.HAL_TIMEx_CommutCallback
                0x08009f60        0x2 .build/stm32h7xx_hal_tim_ex.o
                0x08009f60                HAL_TIMEx_CommutCallback
 .text.HAL_TIMEx_BreakCallback
                0x08009f62        0x2 .build/stm32h7xx_hal_tim_ex.o
                0x08009f62                HAL_TIMEx_BreakCallback
 .text.HAL_TIMEx_Break2Callback
                0x08009f64        0x2 .build/stm32h7xx_hal_tim_ex.o
                0x08009f64                HAL_TIMEx_Break2Callback
 *fill*         0x08009f66        0x2 
 .text.LL_TIM_Init
                0x08009f68      0x100 .build/stm32h7xx_ll_tim.o
                0x08009f68                LL_TIM_Init
 .text.UART_EndTxTransfer
                0x0800a068       0x1c .build/stm32h7xx_hal_uart.o
 .text.UART_EndRxTransfer
                0x0800a084       0x38 .build/stm32h7xx_hal_uart.o
 .text.HAL_UART_Transmit_DMA
                0x0800a0bc       0xa8 .build/stm32h7xx_hal_uart.o
                0x0800a0bc                HAL_UART_Transmit_DMA
 .text.HAL_UART_TxCpltCallback
                0x0800a164        0x2 .build/stm32h7xx_hal_uart.o
                0x0800a164                HAL_UART_TxCpltCallback
 .text.UART_DMATransmitCplt
                0x0800a166       0x30 .build/stm32h7xx_hal_uart.o
 .text.UART_EndTransmit_IT
                0x0800a196       0x1c .build/stm32h7xx_hal_uart.o
 .text.HAL_UART_TxHalfCpltCallback
                0x0800a1b2        0x2 .build/stm32h7xx_hal_uart.o
                0x0800a1b2                HAL_UART_TxHalfCpltCallback
 .text.UART_DMATxHalfCplt
                0x0800a1b4        0xa .build/stm32h7xx_hal_uart.o
 .text.HAL_UART_RxHalfCpltCallback
                0x0800a1be        0x2 .build/stm32h7xx_hal_uart.o
                0x0800a1be                HAL_UART_RxHalfCpltCallback
 .text.HAL_UART_ErrorCallback
                0x0800a1c0        0x2 .build/stm32h7xx_hal_uart.o
                0x0800a1c0                HAL_UART_ErrorCallback
 .text.UART_DMAError
                0x0800a1c2       0x58 .build/stm32h7xx_hal_uart.o
 .text.UART_DMAAbortOnError
                0x0800a21a       0x14 .build/stm32h7xx_hal_uart.o
 .text.HAL_UARTEx_RxEventCallback
                0x0800a22e        0x2 .build/stm32h7xx_hal_uart.o
                0x0800a22e                HAL_UARTEx_RxEventCallback
 .text.HAL_UART_IRQHandler
                0x0800a230      0x348 .build/stm32h7xx_hal_uart.o
                0x0800a230                HAL_UART_IRQHandler
 .text.UART_DMARxHalfCplt
                0x0800a578       0x1c .build/stm32h7xx_hal_uart.o
 .text.UART_DMAReceiveCplt
                0x0800a594       0x60 .build/stm32h7xx_hal_uart.o
 .text.UART_SetConfig
                0x0800a5f4      0x5f4 .build/stm32h7xx_hal_uart.o
                0x0800a5f4                UART_SetConfig
 .text.UART_AdvFeatureConfig
                0x0800abe8       0xca .build/stm32h7xx_hal_uart.o
                0x0800abe8                UART_AdvFeatureConfig
 .text.UART_WaitOnFlagUntilTimeout
                0x0800acb2       0xb0 .build/stm32h7xx_hal_uart.o
                0x0800acb2                UART_WaitOnFlagUntilTimeout
 .text.HAL_UART_Receive
                0x0800ad62      0x128 .build/stm32h7xx_hal_uart.o
                0x0800ad62                HAL_UART_Receive
 .text.UART_CheckIdleState
                0x0800ae8a       0x74 .build/stm32h7xx_hal_uart.o
                0x0800ae8a                UART_CheckIdleState
 .text.HAL_UART_Init
                0x0800aefe       0x66 .build/stm32h7xx_hal_uart.o
                0x0800aefe                HAL_UART_Init
 .text.UART_Start_Receive_DMA
                0x0800af64       0x88 .build/stm32h7xx_hal_uart.o
                0x0800af64                UART_Start_Receive_DMA
 .text.HAL_UART_Receive_DMA
                0x0800afec       0x54 .build/stm32h7xx_hal_uart.o
                0x0800afec                HAL_UART_Receive_DMA
 .text.UARTEx_SetNbDataToProcess
                0x0800b040       0x4c .build/stm32h7xx_hal_uart_ex.o
 .text.HAL_UARTEx_WakeupCallback
                0x0800b08c        0x2 .build/stm32h7xx_hal_uart_ex.o
                0x0800b08c                HAL_UARTEx_WakeupCallback
 .text.HAL_UARTEx_RxFifoFullCallback
                0x0800b08e        0x2 .build/stm32h7xx_hal_uart_ex.o
                0x0800b08e                HAL_UARTEx_RxFifoFullCallback
 .text.HAL_UARTEx_TxFifoEmptyCallback
                0x0800b090        0x2 .build/stm32h7xx_hal_uart_ex.o
                0x0800b090                HAL_UARTEx_TxFifoEmptyCallback
 .text.HAL_UARTEx_DisableFifoMode
                0x0800b092       0x3e .build/stm32h7xx_hal_uart_ex.o
                0x0800b092                HAL_UARTEx_DisableFifoMode
 .text.HAL_UARTEx_SetTxFifoThreshold
                0x0800b0d0       0x4a .build/stm32h7xx_hal_uart_ex.o
                0x0800b0d0                HAL_UARTEx_SetTxFifoThreshold
 .text.HAL_UARTEx_SetRxFifoThreshold
                0x0800b11a       0x4a .build/stm32h7xx_hal_uart_ex.o
                0x0800b11a                HAL_UARTEx_SetRxFifoThreshold
 .text.EE_VerifyPageFullyErased
                0x0800b164       0x24 .build/EEmu.o
 .text.EE_FindValidPage
                0x0800b188       0x50 .build/EEmu.o
 .text.EE_VerifyPageFullWriteVariable
                0x0800b1d8       0x78 .build/EEmu.o
 .text.EE_Format
                0x0800b250       0x70 .build/EEmu.o
 .text.EE_ReadVariableU32
                0x0800b2c0       0x94 .build/EEmu.o
                0x0800b2c0                EE_ReadVariableU32
 .text.EE_Init  0x0800b354      0x280 .build/EEmu.o
                0x0800b354                EE_Init
 .text.EE_PageTransfer
                0x0800b5d4       0xf0 .build/EEmu.o
 .text.EE_ReadVariableF32
                0x0800b6c4       0x14 .build/EEmu.o
                0x0800b6c4                EE_ReadVariableF32
 .text.EE_WriteVariableU32
                0x0800b6d8       0x30 .build/EEmu.o
                0x0800b6d8                EE_WriteVariableU32
 .text.EE_WriteVariableF32
                0x0800b708       0x42 .build/EEmu.o
                0x0800b708                EE_WriteVariableF32
 *fill*         0x0800b74a        0x2 
 .text.Reset_Handler
                0x0800b74c       0x50 .build/startup_stm32h743xx.o
                0x0800b74c                Reset_Handler
 .text.Default_Handler
                0x0800b79c        0x2 .build/startup_stm32h743xx.o
                0x0800b79c                RTC_Alarm_IRQHandler
                0x0800b79c                EXTI2_IRQHandler
                0x0800b79c                TIM8_CC_IRQHandler
                0x0800b79c                HRTIM1_Master_IRQHandler
                0x0800b79c                UART8_IRQHandler
                0x0800b79c                SPI4_IRQHandler
                0x0800b79c                TIM1_CC_IRQHandler
                0x0800b79c                BDMA_Channel6_IRQHandler
                0x0800b79c                DMA2_Stream5_IRQHandler
                0x0800b79c                HRTIM1_FLT_IRQHandler
                0x0800b79c                JPEG_IRQHandler
                0x0800b79c                DMA1_Stream5_IRQHandler
                0x0800b79c                BDMA_Channel1_IRQHandler
                0x0800b79c                HRTIM1_TIMD_IRQHandler
                0x0800b79c                TAMP_STAMP_IRQHandler
                0x0800b79c                EXTI3_IRQHandler
                0x0800b79c                LPTIM4_IRQHandler
                0x0800b79c                TIM8_TRG_COM_TIM14_IRQHandler
                0x0800b79c                LPTIM2_IRQHandler
                0x0800b79c                DFSDM1_FLT1_IRQHandler
                0x0800b79c                DMAMUX2_OVR_IRQHandler
                0x0800b79c                TIM8_UP_TIM13_IRQHandler
                0x0800b79c                I2C3_ER_IRQHandler
                0x0800b79c                DFSDM1_FLT2_IRQHandler
                0x0800b79c                MDMA_IRQHandler
                0x0800b79c                LPTIM3_IRQHandler
                0x0800b79c                HSEM1_IRQHandler
                0x0800b79c                EXTI0_IRQHandler
                0x0800b79c                FPU_IRQHandler
                0x0800b79c                OTG_HS_WKUP_IRQHandler
                0x0800b79c                FDCAN1_IT1_IRQHandler
                0x0800b79c                LTDC_ER_IRQHandler
                0x0800b79c                DMA2_Stream2_IRQHandler
                0x0800b79c                HRTIM1_TIME_IRQHandler
                0x0800b79c                SPI1_IRQHandler
                0x0800b79c                TIM6_DAC_IRQHandler
                0x0800b79c                DCMI_IRQHandler
                0x0800b79c                HRTIM1_TIMC_IRQHandler
                0x0800b79c                DMA2_Stream3_IRQHandler
                0x0800b79c                SAI2_IRQHandler
                0x0800b79c                DFSDM1_FLT3_IRQHandler
                0x0800b79c                USART6_IRQHandler
                0x0800b79c                TIM17_IRQHandler
                0x0800b79c                USART3_IRQHandler
                0x0800b79c                BDMA_Channel7_IRQHandler
                0x0800b79c                LPTIM5_IRQHandler
                0x0800b79c                UART5_IRQHandler
                0x0800b79c                ADC3_IRQHandler
                0x0800b79c                DMA2_Stream0_IRQHandler
                0x0800b79c                TIM4_IRQHandler
                0x0800b79c                BDMA_Channel2_IRQHandler
                0x0800b79c                QUADSPI_IRQHandler
                0x0800b79c                DMA1_Stream6_IRQHandler
                0x0800b79c                DMAMUX1_OVR_IRQHandler
                0x0800b79c                TIM16_IRQHandler
                0x0800b79c                UART4_IRQHandler
                0x0800b79c                BDMA_Channel5_IRQHandler
                0x0800b79c                TIM3_IRQHandler
                0x0800b79c                RCC_IRQHandler
                0x0800b79c                TIM8_BRK_TIM12_IRQHandler
                0x0800b79c                TIM1_TRG_COM_IRQHandler
                0x0800b79c                Default_Handler
                0x0800b79c                ECC_IRQHandler
                0x0800b79c                CEC_IRQHandler
                0x0800b79c                EXTI15_10_IRQHandler
                0x0800b79c                BDMA_Channel0_IRQHandler
                0x0800b79c                ADC_IRQHandler
                0x0800b79c                DMA1_Stream7_IRQHandler
                0x0800b79c                HRTIM1_TIMA_IRQHandler
                0x0800b79c                SPI5_IRQHandler
                0x0800b79c                TIM7_IRQHandler
                0x0800b79c                SDMMC1_IRQHandler
                0x0800b79c                DMA2_Stream7_IRQHandler
                0x0800b79c                TIM15_IRQHandler
                0x0800b79c                PVD_AVD_IRQHandler
                0x0800b79c                I2C3_EV_IRQHandler
                0x0800b79c                EXTI9_5_IRQHandler
                0x0800b79c                RTC_WKUP_IRQHandler
                0x0800b79c                LTDC_IRQHandler
                0x0800b79c                SAI3_IRQHandler
                0x0800b79c                ETH_WKUP_IRQHandler
                0x0800b79c                SPDIF_RX_IRQHandler
                0x0800b79c                SPI2_IRQHandler
                0x0800b79c                OTG_HS_EP1_IN_IRQHandler
                0x0800b79c                CRS_IRQHandler
                0x0800b79c                EXTI4_IRQHandler
                0x0800b79c                RNG_IRQHandler
                0x0800b79c                HRTIM1_TIMB_IRQHandler
                0x0800b79c                FDCAN2_IT1_IRQHandler
                0x0800b79c                ETH_IRQHandler
                0x0800b79c                TIM1_UP_IRQHandler
                0x0800b79c                BDMA_Channel4_IRQHandler
                0x0800b79c                OTG_HS_EP1_OUT_IRQHandler
                0x0800b79c                WWDG_IRQHandler
                0x0800b79c                SPI6_IRQHandler
                0x0800b79c                MDIOS_IRQHandler
                0x0800b79c                I2C4_EV_IRQHandler
                0x0800b79c                FDCAN2_IT0_IRQHandler
                0x0800b79c                LPUART1_IRQHandler
                0x0800b79c                FDCAN1_IT0_IRQHandler
                0x0800b79c                OTG_FS_WKUP_IRQHandler
                0x0800b79c                OTG_HS_IRQHandler
                0x0800b79c                DMA2D_IRQHandler
                0x0800b79c                TIM1_BRK_IRQHandler
                0x0800b79c                EXTI1_IRQHandler
                0x0800b79c                SDMMC2_IRQHandler
                0x0800b79c                OTG_FS_EP1_OUT_IRQHandler
                0x0800b79c                BDMA_Channel3_IRQHandler
                0x0800b79c                UART7_IRQHandler
                0x0800b79c                MDIOS_WKUP_IRQHandler
                0x0800b79c                DFSDM1_FLT0_IRQHandler
                0x0800b79c                SAI4_IRQHandler
                0x0800b79c                DMA2_Stream1_IRQHandler
                0x0800b79c                FLASH_IRQHandler
                0x0800b79c                DMA2_Stream4_IRQHandler
                0x0800b79c                USART1_IRQHandler
                0x0800b79c                OTG_FS_IRQHandler
                0x0800b79c                SPI3_IRQHandler
                0x0800b79c                WAKEUP_PIN_IRQHandler
                0x0800b79c                DMA1_Stream4_IRQHandler
                0x0800b79c                OTG_FS_EP1_IN_IRQHandler
                0x0800b79c                FMC_IRQHandler
                0x0800b79c                FDCAN_CAL_IRQHandler
                0x0800b79c                SWPMI1_IRQHandler
                0x0800b79c                COMP1_IRQHandler
                0x0800b79c                LPTIM1_IRQHandler
                0x0800b79c                I2C4_ER_IRQHandler
                0x0800b79c                DMA2_Stream6_IRQHandler
                0x0800b79c                SAI1_IRQHandler
                0x0800b79c                DMA1_Stream3_IRQHandler
 *fill*         0x0800b79e        0x2 
 .text.__libc_init_array
                0x0800b7a0       0x48 e:/gnu_tools/gnu arm embedded toolchain/10 2021.10/bin/../lib/gcc/arm-none-eabi/10.3.1/../../../../arm-none-eabi/lib/thumb/v7e-m+dp/hard\libc_nano.a(lib_a-init.o)
                0x0800b7a0                __libc_init_array
 .text.memcpy   0x0800b7e8       0x1c e:/gnu_tools/gnu arm embedded toolchain/10 2021.10/bin/../lib/gcc/arm-none-eabi/10.3.1/../../../../arm-none-eabi/lib/thumb/v7e-m+dp/hard\libc_nano.a(lib_a-memcpy-stub.o)
                0x0800b7e8                memcpy
 .text.memset   0x0800b804       0x10 e:/gnu_tools/gnu arm embedded toolchain/10 2021.10/bin/../lib/gcc/arm-none-eabi/10.3.1/../../../../arm-none-eabi/lib/thumb/v7e-m+dp/hard\libc_nano.a(lib_a-memset.o)
                0x0800b804                memset
 .text.__cvt    0x0800b814       0xa4 e:/gnu_tools/gnu arm embedded toolchain/10 2021.10/bin/../lib/gcc/arm-none-eabi/10.3.1/../../../../arm-none-eabi/lib/thumb/v7e-m+dp/hard\libc_nano.a(lib_a-nano-vfprintf_float.o)
                0x0800b814                __cvt
 .text.__exponent
                0x0800b8b8       0x7c e:/gnu_tools/gnu arm embedded toolchain/10 2021.10/bin/../lib/gcc/arm-none-eabi/10.3.1/../../../../arm-none-eabi/lib/thumb/v7e-m+dp/hard\libc_nano.a(lib_a-nano-vfprintf_float.o)
                0x0800b8b8                __exponent
 *fill*         0x0800b934        0x4 
 .text._printf_float
                0x0800b938      0x43c e:/gnu_tools/gnu arm embedded toolchain/10 2021.10/bin/../lib/gcc/arm-none-eabi/10.3.1/../../../../arm-none-eabi/lib/thumb/v7e-m+dp/hard\libc_nano.a(lib_a-nano-vfprintf_float.o)
                0x0800b938                _printf_float
 .text._printf_common
                0x0800bd74       0xda e:/gnu_tools/gnu arm embedded toolchain/10 2021.10/bin/../lib/gcc/arm-none-eabi/10.3.1/../../../../arm-none-eabi/lib/thumb/v7e-m+dp/hard\libc_nano.a(lib_a-nano-vfprintf_i.o)
                0x0800bd74                _printf_common
 *fill*         0x0800be4e        0x2 
 .text._printf_i
                0x0800be50      0x24c e:/gnu_tools/gnu arm embedded toolchain/10 2021.10/bin/../lib/gcc/arm-none-eabi/10.3.1/../../../../arm-none-eabi/lib/thumb/v7e-m+dp/hard\libc_nano.a(lib_a-nano-vfprintf_i.o)
                0x0800be50                _printf_i
 .text._vsprintf_r
                0x0800c09c       0x2c e:/gnu_tools/gnu arm embedded toolchain/10 2021.10/bin/../lib/gcc/arm-none-eabi/10.3.1/../../../../arm-none-eabi/lib/thumb/v7e-m+dp/hard\libc_nano.a(lib_a-vsprintf.o)
                0x0800c09c                _vsprintf_r
                0x0800c09c                _vsiprintf_r
 .text.vsprintf
                0x0800c0c8       0x14 e:/gnu_tools/gnu arm embedded toolchain/10 2021.10/bin/../lib/gcc/arm-none-eabi/10.3.1/../../../../arm-none-eabi/lib/thumb/v7e-m+dp/hard\libc_nano.a(lib_a-vsprintf.o)
                0x0800c0c8                vsiprintf
                0x0800c0c8                vsprintf
 .text.quorem   0x0800c0dc      0x116 e:/gnu_tools/gnu arm embedded toolchain/10 2021.10/bin/../lib/gcc/arm-none-eabi/10.3.1/../../../../arm-none-eabi/lib/thumb/v7e-m+dp/hard\libc_nano.a(lib_a-dtoa.o)
 *fill*         0x0800c1f2        0x6 
 .text._dtoa_r  0x0800c1f8      0xadc e:/gnu_tools/gnu arm embedded toolchain/10 2021.10/bin/../lib/gcc/arm-none-eabi/10.3.1/../../../../arm-none-eabi/lib/thumb/v7e-m+dp/hard\libc_nano.a(lib_a-dtoa.o)
                0x0800c1f8                _dtoa_r
 .text._localeconv_r
                0x0800ccd4        0x8 e:/gnu_tools/gnu arm embedded toolchain/10 2021.10/bin/../lib/gcc/arm-none-eabi/10.3.1/../../../../arm-none-eabi/lib/thumb/v7e-m+dp/hard\libc_nano.a(lib_a-localeconv.o)
                0x0800ccd4                _localeconv_r
 .text.malloc   0x0800ccdc       0x10 e:/gnu_tools/gnu arm embedded toolchain/10 2021.10/bin/../lib/gcc/arm-none-eabi/10.3.1/../../../../arm-none-eabi/lib/thumb/v7e-m+dp/hard\libc_nano.a(lib_a-malloc.o)
                0x0800ccdc                malloc
 .text._Balloc  0x0800ccec       0x80 e:/gnu_tools/gnu arm embedded toolchain/10 2021.10/bin/../lib/gcc/arm-none-eabi/10.3.1/../../../../arm-none-eabi/lib/thumb/v7e-m+dp/hard\libc_nano.a(lib_a-mprec.o)
                0x0800ccec                _Balloc
 .text._Bfree   0x0800cd6c       0x44 e:/gnu_tools/gnu arm embedded toolchain/10 2021.10/bin/../lib/gcc/arm-none-eabi/10.3.1/../../../../arm-none-eabi/lib/thumb/v7e-m+dp/hard\libc_nano.a(lib_a-mprec.o)
                0x0800cd6c                _Bfree
 .text.__multadd
                0x0800cdb0       0x8c e:/gnu_tools/gnu arm embedded toolchain/10 2021.10/bin/../lib/gcc/arm-none-eabi/10.3.1/../../../../arm-none-eabi/lib/thumb/v7e-m+dp/hard\libc_nano.a(lib_a-mprec.o)
                0x0800cdb0                __multadd
 .text.__hi0bits
                0x0800ce3c       0x40 e:/gnu_tools/gnu arm embedded toolchain/10 2021.10/bin/../lib/gcc/arm-none-eabi/10.3.1/../../../../arm-none-eabi/lib/thumb/v7e-m+dp/hard\libc_nano.a(lib_a-mprec.o)
                0x0800ce3c                __hi0bits
 .text.__lo0bits
                0x0800ce7c       0x5e e:/gnu_tools/gnu arm embedded toolchain/10 2021.10/bin/../lib/gcc/arm-none-eabi/10.3.1/../../../../arm-none-eabi/lib/thumb/v7e-m+dp/hard\libc_nano.a(lib_a-mprec.o)
                0x0800ce7c                __lo0bits
 *fill*         0x0800ceda        0x2 
 .text.__i2b    0x0800cedc       0x2c e:/gnu_tools/gnu arm embedded toolchain/10 2021.10/bin/../lib/gcc/arm-none-eabi/10.3.1/../../../../arm-none-eabi/lib/thumb/v7e-m+dp/hard\libc_nano.a(lib_a-mprec.o)
                0x0800cedc                __i2b
 .text.__multiply
                0x0800cf08      0x154 e:/gnu_tools/gnu arm embedded toolchain/10 2021.10/bin/../lib/gcc/arm-none-eabi/10.3.1/../../../../arm-none-eabi/lib/thumb/v7e-m+dp/hard\libc_nano.a(lib_a-mprec.o)
                0x0800cf08                __multiply
 .text.__pow5mult
                0x0800d05c       0xb4 e:/gnu_tools/gnu arm embedded toolchain/10 2021.10/bin/../lib/gcc/arm-none-eabi/10.3.1/../../../../arm-none-eabi/lib/thumb/v7e-m+dp/hard\libc_nano.a(lib_a-mprec.o)
                0x0800d05c                __pow5mult
 .text.__lshift
                0x0800d110       0xe0 e:/gnu_tools/gnu arm embedded toolchain/10 2021.10/bin/../lib/gcc/arm-none-eabi/10.3.1/../../../../arm-none-eabi/lib/thumb/v7e-m+dp/hard\libc_nano.a(lib_a-mprec.o)
                0x0800d110                __lshift
 .text.__mcmp   0x0800d1f0       0x38 e:/gnu_tools/gnu arm embedded toolchain/10 2021.10/bin/../lib/gcc/arm-none-eabi/10.3.1/../../../../arm-none-eabi/lib/thumb/v7e-m+dp/hard\libc_nano.a(lib_a-mprec.o)
                0x0800d1f0                __mcmp
 .text.__mdiff  0x0800d228      0x114 e:/gnu_tools/gnu arm embedded toolchain/10 2021.10/bin/../lib/gcc/arm-none-eabi/10.3.1/../../../../arm-none-eabi/lib/thumb/v7e-m+dp/hard\libc_nano.a(lib_a-mprec.o)
                0x0800d228                __mdiff
 .text.__d2b    0x0800d33c       0xb8 e:/gnu_tools/gnu arm embedded toolchain/10 2021.10/bin/../lib/gcc/arm-none-eabi/10.3.1/../../../../arm-none-eabi/lib/thumb/v7e-m+dp/hard\libc_nano.a(lib_a-mprec.o)
                0x0800d33c                __d2b
 .text._calloc_r
                0x0800d3f4       0x2c e:/gnu_tools/gnu arm embedded toolchain/10 2021.10/bin/../lib/gcc/arm-none-eabi/10.3.1/../../../../arm-none-eabi/lib/thumb/v7e-m+dp/hard\libc_nano.a(lib_a-nano-callocr.o)
                0x0800d3f4                _calloc_r
 .text._free_r  0x0800d420       0x98 e:/gnu_tools/gnu arm embedded toolchain/10 2021.10/bin/../lib/gcc/arm-none-eabi/10.3.1/../../../../arm-none-eabi/lib/thumb/v7e-m+dp/hard\libc_nano.a(lib_a-nano-freer.o)
                0x0800d420                _free_r
 .text.sbrk_aligned
                0x0800d4b8       0x40 e:/gnu_tools/gnu arm embedded toolchain/10 2021.10/bin/../lib/gcc/arm-none-eabi/10.3.1/../../../../arm-none-eabi/lib/thumb/v7e-m+dp/hard\libc_nano.a(lib_a-nano-mallocr.o)
 .text._malloc_r
                0x0800d4f8       0xe8 e:/gnu_tools/gnu arm embedded toolchain/10 2021.10/bin/../lib/gcc/arm-none-eabi/10.3.1/../../../../arm-none-eabi/lib/thumb/v7e-m+dp/hard\libc_nano.a(lib_a-nano-mallocr.o)
                0x0800d4f8                _malloc_r
 .text.__ssputs_r
                0x0800d5e0       0xb6 e:/gnu_tools/gnu arm embedded toolchain/10 2021.10/bin/../lib/gcc/arm-none-eabi/10.3.1/../../../../arm-none-eabi/lib/thumb/v7e-m+dp/hard\libc_nano.a(lib_a-nano-svfprintf.o)
                0x0800d5e0                __ssputs_r
 *fill*         0x0800d696        0x2 
 .text._svfprintf_r
                0x0800d698      0x200 e:/gnu_tools/gnu arm embedded toolchain/10 2021.10/bin/../lib/gcc/arm-none-eabi/10.3.1/../../../../arm-none-eabi/lib/thumb/v7e-m+dp/hard\libc_nano.a(lib_a-nano-svfprintf.o)
                0x0800d698                _svfiprintf_r
                0x0800d698                _svfprintf_r
 .text._sbrk_r  0x0800d898       0x20 e:/gnu_tools/gnu arm embedded toolchain/10 2021.10/bin/../lib/gcc/arm-none-eabi/10.3.1/../../../../arm-none-eabi/lib/thumb/v7e-m+dp/hard\libc_nano.a(lib_a-sbrkr.o)
                0x0800d898                _sbrk_r
 .text.__assert_func
                0x0800d8b8       0x3c e:/gnu_tools/gnu arm embedded toolchain/10 2021.10/bin/../lib/gcc/arm-none-eabi/10.3.1/../../../../arm-none-eabi/lib/thumb/v7e-m+dp/hard\libc_nano.a(lib_a-assert.o)
                0x0800d8b8                __assert_func
 .text.fprintf  0x0800d8f4       0x24 e:/gnu_tools/gnu arm embedded toolchain/10 2021.10/bin/../lib/gcc/arm-none-eabi/10.3.1/../../../../arm-none-eabi/lib/thumb/v7e-m+dp/hard\libc_nano.a(lib_a-fprintf.o)
                0x0800d8f4                fiprintf
                0x0800d8f4                fprintf
 .text.__ascii_mbtowc
                0x0800d918       0x24 e:/gnu_tools/gnu arm embedded toolchain/10 2021.10/bin/../lib/gcc/arm-none-eabi/10.3.1/../../../../arm-none-eabi/lib/thumb/v7e-m+dp/hard\libc_nano.a(lib_a-mbtowc_r.o)
                0x0800d918                __ascii_mbtowc
 .text.memmove  0x0800d93c       0x34 e:/gnu_tools/gnu arm embedded toolchain/10 2021.10/bin/../lib/gcc/arm-none-eabi/10.3.1/../../../../arm-none-eabi/lib/thumb/v7e-m+dp/hard\libc_nano.a(lib_a-memmove.o)
                0x0800d93c                memmove
 .text.__malloc_lock
                0x0800d970        0xc e:/gnu_tools/gnu arm embedded toolchain/10 2021.10/bin/../lib/gcc/arm-none-eabi/10.3.1/../../../../arm-none-eabi/lib/thumb/v7e-m+dp/hard\libc_nano.a(lib_a-mlock.o)
                0x0800d970                __malloc_lock
 .text.__malloc_unlock
                0x0800d97c        0xc e:/gnu_tools/gnu arm embedded toolchain/10 2021.10/bin/../lib/gcc/arm-none-eabi/10.3.1/../../../../arm-none-eabi/lib/thumb/v7e-m+dp/hard\libc_nano.a(lib_a-mlock.o)
                0x0800d97c                __malloc_unlock
 .text._realloc_r
                0x0800d988       0x5e e:/gnu_tools/gnu arm embedded toolchain/10 2021.10/bin/../lib/gcc/arm-none-eabi/10.3.1/../../../../arm-none-eabi/lib/thumb/v7e-m+dp/hard\libc_nano.a(lib_a-nano-reallocr.o)
                0x0800d988                _realloc_r
 .text.__sfputc_r
                0x0800d9e6       0x2e e:/gnu_tools/gnu arm embedded toolchain/10 2021.10/bin/../lib/gcc/arm-none-eabi/10.3.1/../../../../arm-none-eabi/lib/thumb/v7e-m+dp/hard\libc_nano.a(lib_a-nano-vfprintf.o)
 .text.__sfputs_r
                0x0800da14       0x24 e:/gnu_tools/gnu arm embedded toolchain/10 2021.10/bin/../lib/gcc/arm-none-eabi/10.3.1/../../../../arm-none-eabi/lib/thumb/v7e-m+dp/hard\libc_nano.a(lib_a-nano-vfprintf.o)
                0x0800da14                __sfputs_r
 .text._vfprintf_r
                0x0800da38      0x260 e:/gnu_tools/gnu arm embedded toolchain/10 2021.10/bin/../lib/gcc/arm-none-eabi/10.3.1/../../../../arm-none-eabi/lib/thumb/v7e-m+dp/hard\libc_nano.a(lib_a-nano-vfprintf.o)
                0x0800da38                _vfprintf_r
                0x0800da38                _vfiprintf_r
 .text.__swbuf_r
                0x0800dc98       0xa4 e:/gnu_tools/gnu arm embedded toolchain/10 2021.10/bin/../lib/gcc/arm-none-eabi/10.3.1/../../../../arm-none-eabi/lib/thumb/v7e-m+dp/hard\libc_nano.a(lib_a-wbuf.o)
                0x0800dc98                __swbuf_r
 .text.__ascii_wctomb
                0x0800dd3c       0x1a e:/gnu_tools/gnu arm embedded toolchain/10 2021.10/bin/../lib/gcc/arm-none-eabi/10.3.1/../../../../arm-none-eabi/lib/thumb/v7e-m+dp/hard\libc_nano.a(lib_a-wctomb_r.o)
                0x0800dd3c                __ascii_wctomb
 *fill*         0x0800dd56        0x2 
 .text.__swsetup_r
                0x0800dd58       0xdc e:/gnu_tools/gnu arm embedded toolchain/10 2021.10/bin/../lib/gcc/arm-none-eabi/10.3.1/../../../../arm-none-eabi/lib/thumb/v7e-m+dp/hard\libc_nano.a(lib_a-wsetup.o)
                0x0800dd58                __swsetup_r
 .text.abort    0x0800de34        0xe e:/gnu_tools/gnu arm embedded toolchain/10 2021.10/bin/../lib/gcc/arm-none-eabi/10.3.1/../../../../arm-none-eabi/lib/thumb/v7e-m+dp/hard\libc_nano.a(lib_a-abort.o)
                0x0800de34                abort
 *fill*         0x0800de42        0x2 
 .text.__sflush_r
                0x0800de44      0x10c e:/gnu_tools/gnu arm embedded toolchain/10 2021.10/bin/../lib/gcc/arm-none-eabi/10.3.1/../../../../arm-none-eabi/lib/thumb/v7e-m+dp/hard\libc_nano.a(lib_a-fflush.o)
                0x0800de44                __sflush_r
 .text._fflush_r
                0x0800df50       0x78 e:/gnu_tools/gnu arm embedded toolchain/10 2021.10/bin/../lib/gcc/arm-none-eabi/10.3.1/../../../../arm-none-eabi/lib/thumb/v7e-m+dp/hard\libc_nano.a(lib_a-fflush.o)
                0x0800df50                _fflush_r
 .text.std      0x0800dfc8       0x48 e:/gnu_tools/gnu arm embedded toolchain/10 2021.10/bin/../lib/gcc/arm-none-eabi/10.3.1/../../../../arm-none-eabi/lib/thumb/v7e-m+dp/hard\libc_nano.a(lib_a-findfp.o)
 .text._cleanup_r
                0x0800e010        0xc e:/gnu_tools/gnu arm embedded toolchain/10 2021.10/bin/../lib/gcc/arm-none-eabi/10.3.1/../../../../arm-none-eabi/lib/thumb/v7e-m+dp/hard\libc_nano.a(lib_a-findfp.o)
                0x0800e010                _cleanup_r
 .text.__sfmoreglue
                0x0800e01c       0x2c e:/gnu_tools/gnu arm embedded toolchain/10 2021.10/bin/../lib/gcc/arm-none-eabi/10.3.1/../../../../arm-none-eabi/lib/thumb/v7e-m+dp/hard\libc_nano.a(lib_a-findfp.o)
                0x0800e01c                __sfmoreglue
 .text.__sfp_lock_acquire
                0x0800e048        0xc e:/gnu_tools/gnu arm embedded toolchain/10 2021.10/bin/../lib/gcc/arm-none-eabi/10.3.1/../../../../arm-none-eabi/lib/thumb/v7e-m+dp/hard\libc_nano.a(lib_a-findfp.o)
                0x0800e048                __sfp_lock_acquire
 .text.__sfp_lock_release
                0x0800e054        0xc e:/gnu_tools/gnu arm embedded toolchain/10 2021.10/bin/../lib/gcc/arm-none-eabi/10.3.1/../../../../arm-none-eabi/lib/thumb/v7e-m+dp/hard\libc_nano.a(lib_a-findfp.o)
                0x0800e054                __sfp_lock_release
 .text.__sinit_lock_acquire
                0x0800e060        0xc e:/gnu_tools/gnu arm embedded toolchain/10 2021.10/bin/../lib/gcc/arm-none-eabi/10.3.1/../../../../arm-none-eabi/lib/thumb/v7e-m+dp/hard\libc_nano.a(lib_a-findfp.o)
                0x0800e060                __sinit_lock_acquire
 .text.__sinit_lock_release
                0x0800e06c        0xc e:/gnu_tools/gnu arm embedded toolchain/10 2021.10/bin/../lib/gcc/arm-none-eabi/10.3.1/../../../../arm-none-eabi/lib/thumb/v7e-m+dp/hard\libc_nano.a(lib_a-findfp.o)
                0x0800e06c                __sinit_lock_release
 .text.__sinit  0x0800e078       0x70 e:/gnu_tools/gnu arm embedded toolchain/10 2021.10/bin/../lib/gcc/arm-none-eabi/10.3.1/../../../../arm-none-eabi/lib/thumb/v7e-m+dp/hard\libc_nano.a(lib_a-findfp.o)
                0x0800e078                __sinit
 .text.__sfp    0x0800e0e8       0x8c e:/gnu_tools/gnu arm embedded toolchain/10 2021.10/bin/../lib/gcc/arm-none-eabi/10.3.1/../../../../arm-none-eabi/lib/thumb/v7e-m+dp/hard\libc_nano.a(lib_a-findfp.o)
                0x0800e0e8                __sfp
 .text._fwalk_reent
                0x0800e174       0x3e e:/gnu_tools/gnu arm embedded toolchain/10 2021.10/bin/../lib/gcc/arm-none-eabi/10.3.1/../../../../arm-none-eabi/lib/thumb/v7e-m+dp/hard\libc_nano.a(lib_a-fwalk.o)
                0x0800e174                _fwalk_reent
 .text.__retarget_lock_init_recursive
                0x0800e1b2        0x2 e:/gnu_tools/gnu arm embedded toolchain/10 2021.10/bin/../lib/gcc/arm-none-eabi/10.3.1/../../../../arm-none-eabi/lib/thumb/v7e-m+dp/hard\libc_nano.a(lib_a-lock.o)
                0x0800e1b2                __retarget_lock_init_recursive
 .text.__retarget_lock_acquire_recursive
                0x0800e1b4        0x2 e:/gnu_tools/gnu arm embedded toolchain/10 2021.10/bin/../lib/gcc/arm-none-eabi/10.3.1/../../../../arm-none-eabi/lib/thumb/v7e-m+dp/hard\libc_nano.a(lib_a-lock.o)
                0x0800e1b4                __retarget_lock_acquire_recursive
 .text.__retarget_lock_release_recursive
                0x0800e1b6        0x2 e:/gnu_tools/gnu arm embedded toolchain/10 2021.10/bin/../lib/gcc/arm-none-eabi/10.3.1/../../../../arm-none-eabi/lib/thumb/v7e-m+dp/hard\libc_nano.a(lib_a-lock.o)
                0x0800e1b6                __retarget_lock_release_recursive
 .text.__swhatbuf_r
                0x0800e1b8       0x4a e:/gnu_tools/gnu arm embedded toolchain/10 2021.10/bin/../lib/gcc/arm-none-eabi/10.3.1/../../../../arm-none-eabi/lib/thumb/v7e-m+dp/hard\libc_nano.a(lib_a-makebuf.o)
                0x0800e1b8                __swhatbuf_r
 *fill*         0x0800e202        0x2 
 .text.__smakebuf_r
                0x0800e204       0x80 e:/gnu_tools/gnu arm embedded toolchain/10 2021.10/bin/../lib/gcc/arm-none-eabi/10.3.1/../../../../arm-none-eabi/lib/thumb/v7e-m+dp/hard\libc_nano.a(lib_a-makebuf.o)
                0x0800e204                __smakebuf_r
 .text._malloc_usable_size_r
                0x0800e284       0x10 e:/gnu_tools/gnu arm embedded toolchain/10 2021.10/bin/../lib/gcc/arm-none-eabi/10.3.1/../../../../arm-none-eabi/lib/thumb/v7e-m+dp/hard\libc_nano.a(lib_a-nano-msizer.o)
                0x0800e284                _malloc_usable_size_r
 .text._raise_r
                0x0800e294       0x50 e:/gnu_tools/gnu arm embedded toolchain/10 2021.10/bin/../lib/gcc/arm-none-eabi/10.3.1/../../../../arm-none-eabi/lib/thumb/v7e-m+dp/hard\libc_nano.a(lib_a-signal.o)
                0x0800e294                _raise_r
 .text.raise    0x0800e2e4       0x10 e:/gnu_tools/gnu arm embedded toolchain/10 2021.10/bin/../lib/gcc/arm-none-eabi/10.3.1/../../../../arm-none-eabi/lib/thumb/v7e-m+dp/hard\libc_nano.a(lib_a-signal.o)
                0x0800e2e4                raise
 .text._kill_r  0x0800e2f4       0x24 e:/gnu_tools/gnu arm embedded toolchain/10 2021.10/bin/../lib/gcc/arm-none-eabi/10.3.1/../../../../arm-none-eabi/lib/thumb/v7e-m+dp/hard\libc_nano.a(lib_a-signalr.o)
                0x0800e2f4                _kill_r
 .text._getpid_r
                0x0800e318        0x4 e:/gnu_tools/gnu arm embedded toolchain/10 2021.10/bin/../lib/gcc/arm-none-eabi/10.3.1/../../../../arm-none-eabi/lib/thumb/v7e-m+dp/hard\libc_nano.a(lib_a-signalr.o)
                0x0800e318                _getpid_r
 .text.__sread  0x0800e31c       0x22 e:/gnu_tools/gnu arm embedded toolchain/10 2021.10/bin/../lib/gcc/arm-none-eabi/10.3.1/../../../../arm-none-eabi/lib/thumb/v7e-m+dp/hard\libc_nano.a(lib_a-stdio.o)
                0x0800e31c                __sread
 .text.__swrite
                0x0800e33e       0x38 e:/gnu_tools/gnu arm embedded toolchain/10 2021.10/bin/../lib/gcc/arm-none-eabi/10.3.1/../../../../arm-none-eabi/lib/thumb/v7e-m+dp/hard\libc_nano.a(lib_a-stdio.o)
                0x0800e33e                __swrite
 .text.__sseek  0x0800e376       0x24 e:/gnu_tools/gnu arm embedded toolchain/10 2021.10/bin/../lib/gcc/arm-none-eabi/10.3.1/../../../../arm-none-eabi/lib/thumb/v7e-m+dp/hard\libc_nano.a(lib_a-stdio.o)
                0x0800e376                __sseek
 .text.__sclose
                0x0800e39a        0x8 e:/gnu_tools/gnu arm embedded toolchain/10 2021.10/bin/../lib/gcc/arm-none-eabi/10.3.1/../../../../arm-none-eabi/lib/thumb/v7e-m+dp/hard\libc_nano.a(lib_a-stdio.o)
                0x0800e39a                __sclose
 *fill*         0x0800e3a2        0x2 
 .text._write_r
                0x0800e3a4       0x24 e:/gnu_tools/gnu arm embedded toolchain/10 2021.10/bin/../lib/gcc/arm-none-eabi/10.3.1/../../../../arm-none-eabi/lib/thumb/v7e-m+dp/hard\libc_nano.a(lib_a-writer.o)
                0x0800e3a4                _write_r
 .text._close_r
                0x0800e3c8       0x20 e:/gnu_tools/gnu arm embedded toolchain/10 2021.10/bin/../lib/gcc/arm-none-eabi/10.3.1/../../../../arm-none-eabi/lib/thumb/v7e-m+dp/hard\libc_nano.a(lib_a-closer.o)
                0x0800e3c8                _close_r
 .text._fstat_r
                0x0800e3e8       0x24 e:/gnu_tools/gnu arm embedded toolchain/10 2021.10/bin/../lib/gcc/arm-none-eabi/10.3.1/../../../../arm-none-eabi/lib/thumb/v7e-m+dp/hard\libc_nano.a(lib_a-fstatr.o)
                0x0800e3e8                _fstat_r
 .text._isatty_r
                0x0800e40c       0x20 e:/gnu_tools/gnu arm embedded toolchain/10 2021.10/bin/../lib/gcc/arm-none-eabi/10.3.1/../../../../arm-none-eabi/lib/thumb/v7e-m+dp/hard\libc_nano.a(lib_a-isattyr.o)
                0x0800e40c                _isatty_r
 .text._lseek_r
                0x0800e42c       0x24 e:/gnu_tools/gnu arm embedded toolchain/10 2021.10/bin/../lib/gcc/arm-none-eabi/10.3.1/../../../../arm-none-eabi/lib/thumb/v7e-m+dp/hard\libc_nano.a(lib_a-lseekr.o)
                0x0800e42c                _lseek_r
 .text._read_r  0x0800e450       0x24 e:/gnu_tools/gnu arm embedded toolchain/10 2021.10/bin/../lib/gcc/arm-none-eabi/10.3.1/../../../../arm-none-eabi/lib/thumb/v7e-m+dp/hard\libc_nano.a(lib_a-readr.o)
                0x0800e450                _read_r
 *fill*         0x0800e474        0x4 
 .text.cos      0x0800e478       0x80 e:/gnu_tools/gnu arm embedded toolchain/10 2021.10/bin/../lib/gcc/arm-none-eabi/10.3.1/../../../../arm-none-eabi/lib/thumb/v7e-m+dp/hard\libm.a(lib_a-s_cos.o)
                0x0800e478                cos
 .text.sin      0x0800e4f8       0x80 e:/gnu_tools/gnu arm embedded toolchain/10 2021.10/bin/../lib/gcc/arm-none-eabi/10.3.1/../../../../arm-none-eabi/lib/thumb/v7e-m+dp/hard\libm.a(lib_a-s_sin.o)
                0x0800e4f8                sin
 .text.atan2    0x0800e578        0x4 e:/gnu_tools/gnu arm embedded toolchain/10 2021.10/bin/../lib/gcc/arm-none-eabi/10.3.1/../../../../arm-none-eabi/lib/thumb/v7e-m+dp/hard\libm.a(lib_a-w_atan2.o)
                0x0800e578                atan2
 *fill*         0x0800e57c        0x4 
 .text.__ieee754_atan2
                0x0800e580      0x19c e:/gnu_tools/gnu arm embedded toolchain/10 2021.10/bin/../lib/gcc/arm-none-eabi/10.3.1/../../../../arm-none-eabi/lib/thumb/v7e-m+dp/hard\libm.a(lib_a-e_atan2.o)
                0x0800e580                __ieee754_atan2
 *fill*         0x0800e71c        0x4 
 .text.__ieee754_rem_pio2
                0x0800e720      0x294 e:/gnu_tools/gnu arm embedded toolchain/10 2021.10/bin/../lib/gcc/arm-none-eabi/10.3.1/../../../../arm-none-eabi/lib/thumb/v7e-m+dp/hard\libm.a(lib_a-e_rem_pio2.o)
                0x0800e720                __ieee754_rem_pio2
 *fill*         0x0800e9b4        0x4 
 .text.__kernel_cos
                0x0800e9b8      0x130 e:/gnu_tools/gnu arm embedded toolchain/10 2021.10/bin/../lib/gcc/arm-none-eabi/10.3.1/../../../../arm-none-eabi/lib/thumb/v7e-m+dp/hard\libm.a(lib_a-k_cos.o)
                0x0800e9b8                __kernel_cos
 .text.__kernel_rem_pio2
                0x0800eae8      0x6b0 e:/gnu_tools/gnu arm embedded toolchain/10 2021.10/bin/../lib/gcc/arm-none-eabi/10.3.1/../../../../arm-none-eabi/lib/thumb/v7e-m+dp/hard\libm.a(lib_a-k_rem_pio2.o)
                0x0800eae8                __kernel_rem_pio2
 .text.__kernel_sin
                0x0800f198       0xb0 e:/gnu_tools/gnu arm embedded toolchain/10 2021.10/bin/../lib/gcc/arm-none-eabi/10.3.1/../../../../arm-none-eabi/lib/thumb/v7e-m+dp/hard\libm.a(lib_a-k_sin.o)
                0x0800f198                __kernel_sin
 .text.atan     0x0800f248      0x20c e:/gnu_tools/gnu arm embedded toolchain/10 2021.10/bin/../lib/gcc/arm-none-eabi/10.3.1/../../../../arm-none-eabi/lib/thumb/v7e-m+dp/hard\libm.a(lib_a-s_atan.o)
                0x0800f248                atan
 .text.fabs     0x0800f454       0x14 e:/gnu_tools/gnu arm embedded toolchain/10 2021.10/bin/../lib/gcc/arm-none-eabi/10.3.1/../../../../arm-none-eabi/lib/thumb/v7e-m+dp/hard\libm.a(lib_a-s_fabs.o)
                0x0800f454                fabs
 .text.floor    0x0800f468      0x108 e:/gnu_tools/gnu arm embedded toolchain/10 2021.10/bin/../lib/gcc/arm-none-eabi/10.3.1/../../../../arm-none-eabi/lib/thumb/v7e-m+dp/hard\libm.a(lib_a-s_floor.o)
                0x0800f468                floor
 .text.scalbn   0x0800f570      0x10c e:/gnu_tools/gnu arm embedded toolchain/10 2021.10/bin/../lib/gcc/arm-none-eabi/10.3.1/../../../../arm-none-eabi/lib/thumb/v7e-m+dp/hard\libm.a(lib_a-s_scalbn.o)
                0x0800f570                scalbn
 .text._close   0x0800f67c       0x10 e:/gnu_tools/gnu arm embedded toolchain/10 2021.10/bin/../lib/gcc/arm-none-eabi/10.3.1/../../../../arm-none-eabi/lib/thumb/v7e-m+dp/hard\libnosys.a(close.o)
                0x0800f67c                _close
 .text._fstat   0x0800f68c       0x10 e:/gnu_tools/gnu arm embedded toolchain/10 2021.10/bin/../lib/gcc/arm-none-eabi/10.3.1/../../../../arm-none-eabi/lib/thumb/v7e-m+dp/hard\libnosys.a(fstat.o)
                0x0800f68c                _fstat
 .text._getpid  0x0800f69c       0x10 e:/gnu_tools/gnu arm embedded toolchain/10 2021.10/bin/../lib/gcc/arm-none-eabi/10.3.1/../../../../arm-none-eabi/lib/thumb/v7e-m+dp/hard\libnosys.a(getpid.o)
                0x0800f69c                _getpid
 .text._isatty  0x0800f6ac       0x10 e:/gnu_tools/gnu arm embedded toolchain/10 2021.10/bin/../lib/gcc/arm-none-eabi/10.3.1/../../../../arm-none-eabi/lib/thumb/v7e-m+dp/hard\libnosys.a(isatty.o)
                0x0800f6ac                _isatty
 .text._kill    0x0800f6bc       0x10 e:/gnu_tools/gnu arm embedded toolchain/10 2021.10/bin/../lib/gcc/arm-none-eabi/10.3.1/../../../../arm-none-eabi/lib/thumb/v7e-m+dp/hard\libnosys.a(kill.o)
                0x0800f6bc                _kill
 .text._lseek   0x0800f6cc       0x10 e:/gnu_tools/gnu arm embedded toolchain/10 2021.10/bin/../lib/gcc/arm-none-eabi/10.3.1/../../../../arm-none-eabi/lib/thumb/v7e-m+dp/hard\libnosys.a(lseek.o)
                0x0800f6cc                _lseek
 .text._read    0x0800f6dc       0x10 e:/gnu_tools/gnu arm embedded toolchain/10 2021.10/bin/../lib/gcc/arm-none-eabi/10.3.1/../../../../arm-none-eabi/lib/thumb/v7e-m+dp/hard\libnosys.a(read.o)
                0x0800f6dc                _read
 .text._sbrk    0x0800f6ec       0x1c e:/gnu_tools/gnu arm embedded toolchain/10 2021.10/bin/../lib/gcc/arm-none-eabi/10.3.1/../../../../arm-none-eabi/lib/thumb/v7e-m+dp/hard\libnosys.a(sbrk.o)
                0x0800f6ec                _sbrk
 .text._write   0x0800f708       0x10 e:/gnu_tools/gnu arm embedded toolchain/10 2021.10/bin/../lib/gcc/arm-none-eabi/10.3.1/../../../../arm-none-eabi/lib/thumb/v7e-m+dp/hard\libnosys.a(write.o)
                0x0800f708                _write
 .text._exit    0x0800f718        0x4 e:/gnu_tools/gnu arm embedded toolchain/10 2021.10/bin/../lib/gcc/arm-none-eabi/10.3.1/../../../../arm-none-eabi/lib/thumb/v7e-m+dp/hard\libnosys.a(_exit.o)
                0x0800f718                _exit
 *(.glue_7)
 .glue_7        0x0800f71c        0x0 linker stubs
 *(.glue_7t)
 .glue_7t       0x0800f71c        0x0 linker stubs
 *(.eh_frame)
 .eh_frame      0x0800f71c        0x0 e:/gnu_tools/gnu arm embedded toolchain/10 2021.10/bin/../lib/gcc/arm-none-eabi/10.3.1/thumb/v7e-m+dp/hard/crtbegin.o
 *(.init)
 .init          0x0800f71c        0x4 e:/gnu_tools/gnu arm embedded toolchain/10 2021.10/bin/../lib/gcc/arm-none-eabi/10.3.1/thumb/v7e-m+dp/hard/crti.o
                0x0800f71c                _init
 .init          0x0800f720        0x8 e:/gnu_tools/gnu arm embedded toolchain/10 2021.10/bin/../lib/gcc/arm-none-eabi/10.3.1/thumb/v7e-m+dp/hard/crtn.o
 *(.fini)
 .fini          0x0800f728        0x4 e:/gnu_tools/gnu arm embedded toolchain/10 2021.10/bin/../lib/gcc/arm-none-eabi/10.3.1/thumb/v7e-m+dp/hard/crti.o
                0x0800f728                _fini
 .fini          0x0800f72c        0x8 e:/gnu_tools/gnu arm embedded toolchain/10 2021.10/bin/../lib/gcc/arm-none-eabi/10.3.1/thumb/v7e-m+dp/hard/crtn.o
                0x0800f734                . = ALIGN (0x4)
                0x0800f734                _etext = .

.vfp11_veneer   0x0800f734        0x0
 .vfp11_veneer  0x0800f734        0x0 linker stubs

.v4_bx          0x0800f734        0x0
 .v4_bx         0x0800f734        0x0 linker stubs

.iplt           0x0800f734        0x0
 .iplt          0x0800f734        0x0 e:/gnu_tools/gnu arm embedded toolchain/10 2021.10/bin/../lib/gcc/arm-none-eabi/10.3.1/thumb/v7e-m+dp/hard/crtbegin.o

.rodata         0x0800f738      0x7e0
                0x0800f738                . = ALIGN (0x4)
 *(.rodata)
 .rodata        0x0800f738       0x19 .build/BluetoothClassicComm.o
 *(.rodata*)
 *fill*         0x0800f751        0x3 
 .rodata.ReceiveSpeedProfileData.str1.4
                0x0800f754       0x25 .build/BluetoothClassicComm.o
 *fill*         0x0800f779        0x3 
 .rodata.ReceiveDataHandler.str1.4
                0x0800f77c       0xc6 .build/BluetoothClassicComm.o
 *fill*         0x0800f842        0x2 
 .rodata.ManageRobotMovingState.str1.4
                0x0800f844       0x25 .build/LF_Menager.o
 *fill*         0x0800f869        0x3 
 .rodata.D1CorePrescTable
                0x0800f86c       0x10 .build/system_stm32h7xx.o
                0x0800f86c                D1CorePrescTable
 .rodata.flagBitshiftOffset.0
                0x0800f87c        0x8 .build/stm32h7xx_hal_dma.o
 .rodata.UARTPrescTable
                0x0800f884       0x18 .build/stm32h7xx_hal_uart.o
                0x0800f884                UARTPrescTable
 .rodata.denominator.0
                0x0800f89c        0x8 .build/stm32h7xx_hal_uart_ex.o
 .rodata.numerator.1
                0x0800f8a4        0x8 .build/stm32h7xx_hal_uart_ex.o
 .rodata._global_impure_ptr
                0x0800f8ac        0x4 e:/gnu_tools/gnu arm embedded toolchain/10 2021.10/bin/../lib/gcc/arm-none-eabi/10.3.1/../../../../arm-none-eabi/lib/thumb/v7e-m+dp/hard\libc_nano.a(lib_a-impure.o)
                0x0800f8ac                _global_impure_ptr
 .rodata._printf_float.str1.1
                0x0800f8b0       0x12 e:/gnu_tools/gnu arm embedded toolchain/10 2021.10/bin/../lib/gcc/arm-none-eabi/10.3.1/../../../../arm-none-eabi/lib/thumb/v7e-m+dp/hard\libc_nano.a(lib_a-nano-vfprintf_float.o)
 .rodata._printf_i.str1.1
                0x0800f8c2       0x22 e:/gnu_tools/gnu arm embedded toolchain/10 2021.10/bin/../lib/gcc/arm-none-eabi/10.3.1/../../../../arm-none-eabi/lib/thumb/v7e-m+dp/hard\libc_nano.a(lib_a-nano-vfprintf_i.o)
 .rodata._dtoa_r.str1.1
                0x0800f8e4       0xb3 e:/gnu_tools/gnu arm embedded toolchain/10 2021.10/bin/../lib/gcc/arm-none-eabi/10.3.1/../../../../arm-none-eabi/lib/thumb/v7e-m+dp/hard\libc_nano.a(lib_a-dtoa.o)
                                 0xb5 (size before relaxing)
 .rodata._Balloc.str1.1
                0x0800f997       0x7f e:/gnu_tools/gnu arm embedded toolchain/10 2021.10/bin/../lib/gcc/arm-none-eabi/10.3.1/../../../../arm-none-eabi/lib/thumb/v7e-m+dp/hard\libc_nano.a(lib_a-mprec.o)
                                 0x96 (size before relaxing)
 .rodata.__multadd.str1.1
                0x0800fa16       0x11 e:/gnu_tools/gnu arm embedded toolchain/10 2021.10/bin/../lib/gcc/arm-none-eabi/10.3.1/../../../../arm-none-eabi/lib/thumb/v7e-m+dp/hard\libc_nano.a(lib_a-mprec.o)
 *fill*         0x0800fa16        0x2 
 .rodata.__mprec_bigtens
                0x0800fa18       0x28 e:/gnu_tools/gnu arm embedded toolchain/10 2021.10/bin/../lib/gcc/arm-none-eabi/10.3.1/../../../../arm-none-eabi/lib/thumb/v7e-m+dp/hard\libc_nano.a(lib_a-mprec.o)
                0x0800fa18                __mprec_bigtens
 .rodata.__mprec_tens
                0x0800fa40       0xc8 e:/gnu_tools/gnu arm embedded toolchain/10 2021.10/bin/../lib/gcc/arm-none-eabi/10.3.1/../../../../arm-none-eabi/lib/thumb/v7e-m+dp/hard\libc_nano.a(lib_a-mprec.o)
                0x0800fa40                __mprec_tens
 .rodata.p05.0  0x0800fb08        0xc e:/gnu_tools/gnu arm embedded toolchain/10 2021.10/bin/../lib/gcc/arm-none-eabi/10.3.1/../../../../arm-none-eabi/lib/thumb/v7e-m+dp/hard\libc_nano.a(lib_a-mprec.o)
 .rodata._svfprintf_r.str1.1
                0x0800fb14       0x11 e:/gnu_tools/gnu arm embedded toolchain/10 2021.10/bin/../lib/gcc/arm-none-eabi/10.3.1/../../../../arm-none-eabi/lib/thumb/v7e-m+dp/hard\libc_nano.a(lib_a-nano-svfprintf.o)
 .rodata.__assert_func.str1.1
                0x0800fb25       0x3c e:/gnu_tools/gnu arm embedded toolchain/10 2021.10/bin/../lib/gcc/arm-none-eabi/10.3.1/../../../../arm-none-eabi/lib/thumb/v7e-m+dp/hard\libc_nano.a(lib_a-assert.o)
                                 0x3d (size before relaxing)
 .rodata._setlocale_r.str1.1
                0x0800fb61        0x8 e:/gnu_tools/gnu arm embedded toolchain/10 2021.10/bin/../lib/gcc/arm-none-eabi/10.3.1/../../../../arm-none-eabi/lib/thumb/v7e-m+dp/hard\libc_nano.a(lib_a-locale.o)
                                  0x9 (size before relaxing)
 .rodata.str1.1
                0x0800fb69        0x2 e:/gnu_tools/gnu arm embedded toolchain/10 2021.10/bin/../lib/gcc/arm-none-eabi/10.3.1/../../../../arm-none-eabi/lib/thumb/v7e-m+dp/hard\libc_nano.a(lib_a-locale.o)
 .rodata._vfprintf_r.str1.1
                0x0800fb6b       0x11 e:/gnu_tools/gnu arm embedded toolchain/10 2021.10/bin/../lib/gcc/arm-none-eabi/10.3.1/../../../../arm-none-eabi/lib/thumb/v7e-m+dp/hard\libc_nano.a(lib_a-nano-vfprintf.o)
 .rodata._ctype_
                0x0800fb6b      0x101 e:/gnu_tools/gnu arm embedded toolchain/10 2021.10/bin/../lib/gcc/arm-none-eabi/10.3.1/../../../../arm-none-eabi/lib/thumb/v7e-m+dp/hard\libc_nano.a(lib_a-ctype_.o)
                0x0800fb6b                _ctype_
 .rodata.__sf_fake_stderr
                0x0800fc6c       0x20 e:/gnu_tools/gnu arm embedded toolchain/10 2021.10/bin/../lib/gcc/arm-none-eabi/10.3.1/../../../../arm-none-eabi/lib/thumb/v7e-m+dp/hard\libc_nano.a(lib_a-findfp.o)
                0x0800fc6c                __sf_fake_stderr
 .rodata.__sf_fake_stdin
                0x0800fc8c       0x20 e:/gnu_tools/gnu arm embedded toolchain/10 2021.10/bin/../lib/gcc/arm-none-eabi/10.3.1/../../../../arm-none-eabi/lib/thumb/v7e-m+dp/hard\libc_nano.a(lib_a-findfp.o)
                0x0800fc8c                __sf_fake_stdin
 .rodata.__sf_fake_stdout
                0x0800fcac       0x20 e:/gnu_tools/gnu arm embedded toolchain/10 2021.10/bin/../lib/gcc/arm-none-eabi/10.3.1/../../../../arm-none-eabi/lib/thumb/v7e-m+dp/hard\libc_nano.a(lib_a-findfp.o)
                0x0800fcac                __sf_fake_stdout
 *fill*         0x0800fccc        0x4 
 .rodata.CSWTCH.8
                0x0800fcd0       0x18 e:/gnu_tools/gnu arm embedded toolchain/10 2021.10/bin/../lib/gcc/arm-none-eabi/10.3.1/../../../../arm-none-eabi/lib/thumb/v7e-m+dp/hard\libm.a(lib_a-e_atan2.o)
 .rodata.CSWTCH.9
                0x0800fce8       0x18 e:/gnu_tools/gnu arm embedded toolchain/10 2021.10/bin/../lib/gcc/arm-none-eabi/10.3.1/../../../../arm-none-eabi/lib/thumb/v7e-m+dp/hard\libm.a(lib_a-e_atan2.o)
 .rodata.npio2_hw
                0x0800fd00       0x80 e:/gnu_tools/gnu arm embedded toolchain/10 2021.10/bin/../lib/gcc/arm-none-eabi/10.3.1/../../../../arm-none-eabi/lib/thumb/v7e-m+dp/hard\libm.a(lib_a-e_rem_pio2.o)
 .rodata.two_over_pi
                0x0800fd80      0x108 e:/gnu_tools/gnu arm embedded toolchain/10 2021.10/bin/../lib/gcc/arm-none-eabi/10.3.1/../../../../arm-none-eabi/lib/thumb/v7e-m+dp/hard\libm.a(lib_a-e_rem_pio2.o)
 .rodata.PIo2   0x0800fe88       0x40 e:/gnu_tools/gnu arm embedded toolchain/10 2021.10/bin/../lib/gcc/arm-none-eabi/10.3.1/../../../../arm-none-eabi/lib/thumb/v7e-m+dp/hard\libm.a(lib_a-k_rem_pio2.o)
 .rodata.init_jk
                0x0800fec8       0x10 e:/gnu_tools/gnu arm embedded toolchain/10 2021.10/bin/../lib/gcc/arm-none-eabi/10.3.1/../../../../arm-none-eabi/lib/thumb/v7e-m+dp/hard\libm.a(lib_a-k_rem_pio2.o)
 .rodata.atanhi
                0x0800fed8       0x20 e:/gnu_tools/gnu arm embedded toolchain/10 2021.10/bin/../lib/gcc/arm-none-eabi/10.3.1/../../../../arm-none-eabi/lib/thumb/v7e-m+dp/hard\libm.a(lib_a-s_atan.o)
 .rodata.atanlo
                0x0800fef8       0x20 e:/gnu_tools/gnu arm embedded toolchain/10 2021.10/bin/../lib/gcc/arm-none-eabi/10.3.1/../../../../arm-none-eabi/lib/thumb/v7e-m+dp/hard\libm.a(lib_a-s_atan.o)
                0x0800ff18                . = ALIGN (0x4)

.ARM.extab
 *(.ARM.extab* .gnu.linkonce.armextab.*)

.ARM            0x0800ff18        0x8
                0x0800ff18                __exidx_start = .
 *(.ARM.exidx*)
 .ARM.exidx     0x0800ff18        0x8 e:/gnu_tools/gnu arm embedded toolchain/10 2021.10/bin/../lib/gcc/arm-none-eabi/10.3.1/thumb/v7e-m+dp/hard\libgcc.a(_udivmoddi4.o)
                0x0800ff20                __exidx_end = .

.rel.dyn        0x0800ff20        0x0
 .rel.iplt      0x0800ff20        0x0 e:/gnu_tools/gnu arm embedded toolchain/10 2021.10/bin/../lib/gcc/arm-none-eabi/10.3.1/thumb/v7e-m+dp/hard/crtbegin.o

.preinit_array  0x0800ff20        0x0
                0x0800ff20                PROVIDE (__preinit_array_start = .)
 *(.preinit_array*)
                0x0800ff20                PROVIDE (__preinit_array_end = .)

.init_array     0x0800ff20        0x4
                0x0800ff20                PROVIDE (__init_array_start = .)
 *(SORT_BY_NAME(.init_array.*))
 *(.init_array*)
 .init_array    0x0800ff20        0x4 e:/gnu_tools/gnu arm embedded toolchain/10 2021.10/bin/../lib/gcc/arm-none-eabi/10.3.1/thumb/v7e-m+dp/hard/crtbegin.o
                0x0800ff24                PROVIDE (__init_array_end = .)

.fini_array     0x0800ff24        0x4
                [!provide]                PROVIDE (__fini_array_start = .)
 *(SORT_BY_NAME(.fini_array.*))
 *(.fini_array*)
 .fini_array    0x0800ff24        0x4 e:/gnu_tools/gnu arm embedded toolchain/10 2021.10/bin/../lib/gcc/arm-none-eabi/10.3.1/thumb/v7e-m+dp/hard/crtbegin.o
                [!provide]                PROVIDE (__fini_array_end = .)
                0x0800ff28                _sidata = LOADADDR (.data)

.data           0x24000000      0x228 load address 0x0800ff28
                0x24000000                . = ALIGN (0x4)
                0x24000000                _sdata = .
 *(.data)
 *(.data*)
 .data.SyncIdIter.22
                0x24000000        0x1 .build/BluetoothClassicComm.o
 *fill*         0x24000001        0x3 
 .data.EncHandlerDescr
                0x24000004       0x34 .build/EncodersHandler.o
                0x24000004                EncHandlerDescr
 .data.SystemCoreClock
                0x24000038        0x4 .build/system_stm32h7xx.o
                0x24000038                SystemCoreClock
 .data.SystemD2Clock
                0x2400003c        0x4 .build/system_stm32h7xx.o
                0x2400003c                SystemD2Clock
 .data.uwTickFreq
                0x24000040        0x1 .build/stm32h7xx_hal.o
                0x24000040                uwTickFreq
 *fill*         0x24000041        0x3 
 .data.uwTickPrio
                0x24000044        0x4 .build/stm32h7xx_hal.o
                0x24000044                uwTickPrio
 .data.Address.2
                0x24000048        0x4 .build/EEmu.o
 .data.AddressValue.1
                0x2400004c        0x2 .build/EEmu.o
 *fill*         0x2400004e        0x2 
 .data.PageStartAddress.3
                0x24000050        0x4 .build/EEmu.o
 .data.ReadStatus.0
                0x24000054        0x2 .build/EEmu.o
 *fill*         0x24000056        0x2 
 .data._impure_ptr
                0x24000058        0x4 e:/gnu_tools/gnu arm embedded toolchain/10 2021.10/bin/../lib/gcc/arm-none-eabi/10.3.1/../../../../arm-none-eabi/lib/thumb/v7e-m+dp/hard\libc_nano.a(lib_a-impure.o)
                0x24000058                _impure_ptr
 .data.impure_data
                0x2400005c       0x60 e:/gnu_tools/gnu arm embedded toolchain/10 2021.10/bin/../lib/gcc/arm-none-eabi/10.3.1/../../../../arm-none-eabi/lib/thumb/v7e-m+dp/hard\libc_nano.a(lib_a-impure.o)
 .data.__global_locale
                0x240000bc      0x16c e:/gnu_tools/gnu arm embedded toolchain/10 2021.10/bin/../lib/gcc/arm-none-eabi/10.3.1/../../../../arm-none-eabi/lib/thumb/v7e-m+dp/hard\libc_nano.a(lib_a-locale.o)
                0x240000bc                __global_locale
 *(.RamFunc)
 *(.RamFunc*)
                0x24000228                . = ALIGN (0x4)
                0x24000228                _edata = .

.igot.plt       0x24000228        0x0 load address 0x08010150
 .igot.plt      0x24000228        0x0 e:/gnu_tools/gnu arm embedded toolchain/10 2021.10/bin/../lib/gcc/arm-none-eabi/10.3.1/thumb/v7e-m+dp/hard/crtbegin.o
                0x24000228                . = ALIGN (0x4)

.bss            0x24000228     0x6488 load address 0x08010150
                0x24000228                _sbss = .
                0x24000228                __bss_start__ = _sbss
 *(.bss)
 .bss           0x24000228       0x1c e:/gnu_tools/gnu arm embedded toolchain/10 2021.10/bin/../lib/gcc/arm-none-eabi/10.3.1/thumb/v7e-m+dp/hard/crtbegin.o
 *(.bss*)
 .bss.BLU_StatisticTimer.4
                0x24000244        0x4 .build/BluetoothClassicComm.o
 .bss.BaseMotSpd.15
                0x24000248        0x4 .build/BluetoothClassicComm.o
 .bss.BleMainReceiveRingBuffer
                0x2400024c       0xcc .build/BluetoothClassicComm.o
 .bss.BluMainReceiveMessagesTab
                0x24000318     0x2710 .build/BluetoothClassicComm.o
 .bss.BluMainTransmitMessagesTab
                0x24002a28     0x2710 .build/BluetoothClassicComm.o
 .bss.BluMainTransmitRingBuffer
                0x24005138       0x68 .build/BluetoothClassicComm.o
 .bss.DefaultBlindBuffer.25
                0x240051a0       0x14 .build/BluetoothClassicComm.o
 .bss.ExtraShifter.20
                0x240051b4        0x4 .build/BluetoothClassicComm.o
 .bss.InternalRobotState
                0x240051b8        0x1 .build/BluetoothClassicComm.o
 *fill*         0x240051b9        0x3 
 .bss.LastReadRingBufferTime.17
                0x240051bc        0x4 .build/BluetoothClassicComm.o
 .bss.LedState.14
                0x240051c0        0x4 .build/BluetoothClassicComm.o
 .bss.LogDroppedFlag
                0x240051c4        0x1 .build/BluetoothClassicComm.o
 .bss.LoggingState
                0x240051c5        0x1 .build/BluetoothClassicComm.o
 .bss.MainRingBufferOverFlowCounter.2
                0x240051c6        0x2 .build/BluetoothClassicComm.o
 .bss.ManualCtrlRequestCallBackPointer
                0x240051c8        0x4 .build/BluetoothClassicComm.o
 .bss.NewestLfDataReport
                0x240051cc       0x37 .build/BluetoothClassicComm.o
 .bss.NvmDataUpdatedFlag.16
                0x24005203        0x1 .build/BluetoothClassicComm.o
 .bss.NvmUpdateCallBacks
                0x24005204       0x28 .build/BluetoothClassicComm.o
 .bss.OneImpDist.11
                0x2400522c        0x4 .build/BluetoothClassicComm.o
 .bss.PreviousReportTransmitTime.19
                0x24005230        0x4 .build/BluetoothClassicComm.o
 .bss.ProbeIterator.23
                0x24005234        0x2 .build/BluetoothClassicComm.o
 *fill*         0x24005236        0x2 
 .bss.RingBufferStatisticsHolder.3
                0x24005238       0x64 .build/BluetoothClassicComm.o
 .bss.SimFakeXY_MapDat
                0x2400529c      0xbb8 .build/BluetoothClassicComm.o
                0x2400529c                SimFakeXY_MapDat
 .bss.SyncId.0  0x24005e54        0x1 .build/BluetoothClassicComm.o
 .bss.SyncIdStat.1
                0x24005e55        0x1 .build/BluetoothClassicComm.o
 .bss.TransmisstedMessagesCounter
                0x24005e56        0x2 .build/BluetoothClassicComm.o
 .bss.TryDetEndLine.13
                0x24005e58        0x4 .build/BluetoothClassicComm.o
 .bss.UartBusyCounter
                0x24005e5c        0x2 .build/BluetoothClassicComm.o
 *fill*         0x24005e5e        0x2 
 .bss.WaveHelper.21
                0x24005e60        0x4 .build/BluetoothClassicComm.o
 .bss.WheelBase.10
                0x24005e64        0x4 .build/BluetoothClassicComm.o
 .bss._SyncID.18